---
source: tests/snapshot_test.rs
expression: xosc
---
<?xml version="1.0" encoding="UTF-8"?>
<OpenSCENARIO><FileHeader
    author="ScenarioWeaver"
    date="[timestamp]"
    description="Scenario: [uuid] (ID: [uuid])
Type: cut_in_left
Duration: 10s, Time step: 0.1s"
    revMajor="1"
    revMinor="3"
  /><CatalogLocations /><RoadNetwork /><Entities><ScenarioObject
      name="ego"
    ><Vehicle name="PassengerCar" vehicleCategory="car"><BoundingBox><Center
            x="1.4"
            y="0"
            z="0.9"
          /><Dimensions
            width="1.8"
            length="4.5"
            height="1.4"
          /></BoundingBox><Performance
          maxSpeed="200"
          maxAcceleration="10"
          maxDeceleration="10"
        /><Axles><FrontAxle
            maxSteering="0.5236"
            wheelDiameter="0.65"
            trackWidth="1.6"
            positionX="1.4"
            positionZ="0.3"
          /><RearAxle
            maxSteering="0"
            wheelDiameter="0.65"
            trackWidth="1.6"
            positionX="-1.4"
            positionZ="0.3"
          /></Axles></Vehicle></ScenarioObject><ScenarioObject
      name="npc"
    ><Vehicle name="PassengerCar" vehicleCategory="car"><BoundingBox><Center
            x="1.4"
            y="0"
            z="0.9"
          /><Dimensions
            width="1.8"
            length="4.5"
            height="1.4"
          /></BoundingBox><Performance
          maxSpeed="200"
          maxAcceleration="10"
          maxDeceleration="10"
        /><Axles><FrontAxle
            maxSteering="0.5236"
            wheelDiameter="0.65"
            trackWidth="1.6"
            positionX="1.4"
            positionZ="0.3"
          /><RearAxle
            maxSteering="0"
            wheelDiameter="0.65"
            trackWidth="1.6"
            positionX="-1.4"
            positionZ="0.3"
          /></Axles></Vehicle></ScenarioObject></Entities><Storyboard><Init
    ><Actions><Private entityRef="ego"><PrivateAction><LongitudinalAction
            ><SpeedAction><SpeedActionDynamics
                  dynamicsDimension="time"
                  dynamicsShape="step"
                  value="1"
                /><SpeedActionTarget><AbsoluteTargetSpeed
                    value="15"
                  /></SpeedActionTarget></SpeedAction></LongitudinalAction></PrivateAction><PrivateAction
          ><TeleportAction><Position><WorldPosition
                  x="50"
                  y="5.25"
                  z="0"
                  h="0"
                /></Position></TeleportAction></PrivateAction></Private><Private
          entityRef="npc"
        ><PrivateAction><LongitudinalAction><SpeedAction><SpeedActionDynamics
                  dynamicsDimension="time"
                  dynamicsShape="step"
                  value="1"
                /><SpeedActionTarget><AbsoluteTargetSpeed
                    value="16"
                  /></SpeedActionTarget></SpeedAction></LongitudinalAction></PrivateAction><PrivateAction
          ><TeleportAction><Position><WorldPosition
                  x="60"
                  y="1.75"
                  z="0"
                  h="0"
                /></Position></TeleportAction></PrivateAction></Private></Actions></Init><Story
      name="main_story"
    ><Act name="ego_trajectory_act"><ManeuverGroup
          name="ego_trajectory_act_Group"
          maximumExecutionCount="1"
        ><Actors selectTriggeringEntities="false"><EntityRef
              entityRef="ego"
            /></Actors><Maneuver name="ego_maneuver"><Event
              name="FollowTrajectoryEvent"
              priority="override"
            ><Action name="FollowTrajectoryAction"><PrivateAction><RoutingAction
                  ><FollowTrajectoryAction><Trajectory
                        name="ego_trajectory"
                        closed="false"
                      ><Shape><Polyline><Vertex time="0"><Position
                              ><WorldPosition
                                  x="50"
                                  y="5.25"
                                  z="0"
                                  h="0"
                                /></Position></Vertex><Vertex
                              time="0.1"
                            ><Position><WorldPosition
                                  x="51.5"
                                  y="5.25"
                                  z="0"
                                  h="0"
                                /></Position></Vertex><Vertex
                              time="0.2"
                            ><Position><WorldPosition
                                  x="53"
                                  y="5.25"
                                  z="0"
                                  h="0"
                                /></Position></Vertex><Vertex
                              time="0.30000000000000004"
                            ><Position><WorldPosition
                                  x="54.5"
                                  y="5.25"
                                  z="0"
                                  h="0"
                                /></Position></Vertex><Vertex
                              time="0.4"
                            ><Position><WorldPosition
                                  x="56"
                                  y="5.25"
                                  z="0"
                                  h="0"
                                /></Position></Vertex><Vertex
                              time="0.5"
                            ><Position><WorldPosition
                                  x="57.5"
                                  y="5.25"
                                  z="0"
                                  h="0"
                                /></Position></Vertex><Vertex
                              time="0.6000000000000001"
                            ><Position><WorldPosition
                                  x="59"
                                  y="5.25"
                                  z="0"
                                  h="0"
                                /></Position></Vertex><Vertex
                              time="0.7000000000000001"
                            ><Position><WorldPosition
                                  x="60.5"
                                  y="5.25"
                                  z="0"
                                  h="0"
                                /></Position></Vertex><Vertex
                              time="0.8"
                            ><Position><WorldPosition
                                  x="62"
                                  y="5.25"
                                  z="0"
                                  h="0"
                                /></Position></Vertex><Vertex
                              time="0.9"
                            ><Position><WorldPosition
                                  x="63.5"
                                  y="5.25"
                                  z="0"
                                  h="0"
                                /></Position></Vertex><Vertex time="1"><Position
                              ><WorldPosition
                                  x="65"
                                  y="5.25"
                                  z="0"
                                  h="0"
                                /></Position></Vertex><Vertex
                              time="1.1"
                            ><Position><WorldPosition
                                  x="66.5"
                                  y="5.25"
                                  z="0"
                                  h="0"
                                /></Position></Vertex><Vertex
                              time="1.2000000000000002"
                            ><Position><WorldPosition
                                  x="68"
                                  y="5.25"
                                  z="0"
                                  h="0"
                                /></Position></Vertex><Vertex
                              time="1.3"
                            ><Position><WorldPosition
                                  x="69.5"
                                  y="5.25"
                                  z="0"
                                  h="0"
                                /></Position></Vertex><Vertex
                              time="1.4000000000000001"
                            ><Position><WorldPosition
                                  x="71"
                                  y="5.25"
                                  z="0"
                                  h="0"
                                /></Position></Vertex><Vertex
                              time="1.5"
                            ><Position><WorldPosition
                                  x="72.5"
                                  y="5.25"
                                  z="0"
                                  h="0"
                                /></Position></Vertex><Vertex
                              time="1.6"
                            ><Position><WorldPosition
                                  x="74"
                                  y="5.25"
                                  z="0"
                                  h="0"
                                /></Position></Vertex><Vertex
                              time="1.7000000000000002"
                            ><Position><WorldPosition
                                  x="75.5"
                                  y="5.25"
                                  z="0"
                                  h="0"
                                /></Position></Vertex><Vertex
                              time="1.8"
                            ><Position><WorldPosition
                                  x="77"
                                  y="5.25"
                                  z="0"
                                  h="0"
                                /></Position></Vertex><Vertex
                              time="1.9000000000000001"
                            ><Position><WorldPosition
                                  x="78.5"
                                  y="5.25"
                                  z="0"
                                  h="0"
                                /></Position></Vertex><Vertex time="2"><Position
                              ><WorldPosition
                                  x="80"
                                  y="5.25"
                                  z="0"
                                  h="0"
                                /></Position></Vertex><Vertex
                              time="2.1"
                            ><Position><WorldPosition
                                  x="81.5"
                                  y="5.25"
                                  z="0"
                                  h="0"
                                /></Position></Vertex><Vertex
                              time="2.2"
                            ><Position><WorldPosition
                                  x="83"
                                  y="5.25"
                                  z="0"
                                  h="0"
                                /></Position></Vertex><Vertex
                              time="2.3000000000000003"
                            ><Position><WorldPosition
                                  x="84.5"
                                  y="5.25"
                                  z="0"
                                  h="0"
                                /></Position></Vertex><Vertex
                              time="2.4000000000000004"
                            ><Position><WorldPosition
                                  x="86"
                                  y="5.25"
                                  z="0"
                                  h="0"
                                /></Position></Vertex><Vertex
                              time="2.5"
                            ><Position><WorldPosition
                                  x="87.5"
                                  y="5.25"
                                  z="0"
                                  h="0"
                                /></Position></Vertex><Vertex
                              time="2.6"
                            ><Position><WorldPosition
                                  x="89"
                                  y="5.25"
                                  z="0"
                                  h="0"
                                /></Position></Vertex><Vertex
                              time="2.7"
                            ><Position><WorldPosition
                                  x="90.5"
                                  y="5.25"
                                  z="0"
                                  h="0"
                                /></Position></Vertex><Vertex
                              time="2.8000000000000003"
                            ><Position><WorldPosition
                                  x="92"
                                  y="5.25"
                                  z="0"
                                  h="0"
                                /></Position></Vertex><Vertex
                              time="2.9000000000000004"
                            ><Position><WorldPosition
                                  x="93.5"
                                  y="5.25"
                                  z="0"
                                  h="0"
                                /></Position></Vertex><Vertex time="3"><Position
                              ><WorldPosition
                                  x="95"
                                  y="5.25"
                                  z="0"
                                  h="0"
                                /></Position></Vertex><Vertex
                              time="3.1"
                            ><Position><WorldPosition
                                  x="96.5"
                                  y="5.25"
                                  z="0"
                                  h="0"
                                /></Position></Vertex><Vertex
                              time="3.2"
                            ><Position><WorldPosition
                                  x="98"
                                  y="5.25"
                                  z="0"
                                  h="0"
                                /></Position></Vertex><Vertex
                              time="3.3000000000000003"
                            ><Position><WorldPosition
                                  x="99.5"
                                  y="5.25"
                                  z="0"
                                  h="0"
                                /></Position></Vertex><Vertex
                              time="3.4000000000000004"
                            ><Position><WorldPosition
                                  x="101"
                                  y="5.25"
                                  z="0"
                                  h="0"
                                /></Position></Vertex><Vertex
                              time="3.5"
                            ><Position><WorldPosition
                                  x="102.5"
                                  y="5.25"
                                  z="0"
                                  h="0"
                                /></Position></Vertex><Vertex
                              time="3.6"
                            ><Position><WorldPosition
                                  x="104"
                                  y="5.25"
                                  z="0"
                                  h="0"
                                /></Position></Vertex><Vertex
                              time="3.7"
                            ><Position><WorldPosition
                                  x="105.5"
                                  y="5.25"
                                  z="0"
                                  h="0"
                                /></Position></Vertex><Vertex
                              time="3.8000000000000003"
                            ><Position><WorldPosition
                                  x="107"
                                  y="5.25"
                                  z="0"
                                  h="0"
                                /></Position></Vertex><Vertex
                              time="3.9000000000000004"
                            ><Position><WorldPosition
                                  x="108.5"
                                  y="5.25"
                                  z="0"
                                  h="0"
                                /></Position></Vertex><Vertex time="4"><Position
                              ><WorldPosition
                                  x="110"
                                  y="5.25"
                                  z="0"
                                  h="0"
                                /></Position></Vertex><Vertex
                              time="4.1000000000000005"
                            ><Position><WorldPosition
                                  x="111.5"
                                  y="5.25"
                                  z="0"
                                  h="0"
                                /></Position></Vertex><Vertex
                              time="4.2"
                            ><Position><WorldPosition
                                  x="113"
                                  y="5.25"
                                  z="0"
                                  h="0"
                                /></Position></Vertex><Vertex
                              time="4.3"
                            ><Position><WorldPosition
                                  x="114.5"
                                  y="5.25"
                                  z="0"
                                  h="0"
                                /></Position></Vertex><Vertex
                              time="4.4"
                            ><Position><WorldPosition
                                  x="116"
                                  y="5.25"
                                  z="0"
                                  h="0"
                                /></Position></Vertex><Vertex
                              time="4.5"
                            ><Position><WorldPosition
                                  x="117.5"
                                  y="5.25"
                                  z="0"
                                  h="0"
                                /></Position></Vertex><Vertex
                              time="4.6000000000000005"
                            ><Position><WorldPosition
                                  x="119"
                                  y="5.25"
                                  z="0"
                                  h="0"
                                /></Position></Vertex><Vertex
                              time="4.7"
                            ><Position><WorldPosition
                                  x="120.5"
                                  y="5.25"
                                  z="0"
                                  h="0"
                                /></Position></Vertex><Vertex
                              time="4.800000000000001"
                            ><Position><WorldPosition
                                  x="122"
                                  y="5.25"
                                  z="0"
                                  h="0"
                                /></Position></Vertex><Vertex
                              time="4.9"
                            ><Position><WorldPosition
                                  x="123.5"
                                  y="5.25"
                                  z="0"
                                  h="0"
                                /></Position></Vertex><Vertex time="5"><Position
                              ><WorldPosition
                                  x="125"
                                  y="5.25"
                                  z="0"
                                  h="0"
                                /></Position></Vertex><Vertex
                              time="5.1000000000000005"
                            ><Position><WorldPosition
                                  x="126.5"
                                  y="5.25"
                                  z="0"
                                  h="0"
                                /></Position></Vertex><Vertex
                              time="5.2"
                            ><Position><WorldPosition
                                  x="128"
                                  y="5.25"
                                  z="0"
                                  h="0"
                                /></Position></Vertex><Vertex
                              time="5.300000000000001"
                            ><Position><WorldPosition
                                  x="129.5"
                                  y="5.25"
                                  z="0"
                                  h="0"
                                /></Position></Vertex><Vertex
                              time="5.4"
                            ><Position><WorldPosition
                                  x="131"
                                  y="5.25"
                                  z="0"
                                  h="0"
                                /></Position></Vertex><Vertex
                              time="5.5"
                            ><Position><WorldPosition
                                  x="132.5"
                                  y="5.25"
                                  z="0"
                                  h="0"
                                /></Position></Vertex><Vertex
                              time="5.6000000000000005"
                            ><Position><WorldPosition
                                  x="134"
                                  y="5.25"
                                  z="0"
                                  h="0"
                                /></Position></Vertex><Vertex
                              time="5.7"
                            ><Position><WorldPosition
                                  x="135.5"
                                  y="5.25"
                                  z="0"
                                  h="0"
                                /></Position></Vertex><Vertex
                              time="5.800000000000001"
                            ><Position><WorldPosition
                                  x="137"
                                  y="5.25"
                                  z="0"
                                  h="0"
                                /></Position></Vertex><Vertex
                              time="5.9"
                            ><Position><WorldPosition
                                  x="138.5"
                                  y="5.25"
                                  z="0"
                                  h="0"
                                /></Position></Vertex><Vertex time="6"><Position
                              ><WorldPosition
                                  x="140"
                                  y="5.25"
                                  z="0"
                                  h="0"
                                /></Position></Vertex><Vertex
                              time="6.1000000000000005"
                            ><Position><WorldPosition
                                  x="141.5"
                                  y="5.25"
                                  z="0"
                                  h="0"
                                /></Position></Vertex><Vertex
                              time="6.2"
                            ><Position><WorldPosition
                                  x="143"
                                  y="5.25"
                                  z="0"
                                  h="0"
                                /></Position></Vertex><Vertex
                              time="6.300000000000001"
                            ><Position><WorldPosition
                                  x="144.5"
                                  y="5.25"
                                  z="0"
                                  h="0"
                                /></Position></Vertex><Vertex
                              time="6.4"
                            ><Position><WorldPosition
                                  x="146"
                                  y="5.25"
                                  z="0"
                                  h="0"
                                /></Position></Vertex><Vertex
                              time="6.5"
                            ><Position><WorldPosition
                                  x="147.5"
                                  y="5.25"
                                  z="0"
                                  h="0"
                                /></Position></Vertex><Vertex
                              time="6.6000000000000005"
                            ><Position><WorldPosition
                                  x="149"
                                  y="5.25"
                                  z="0"
                                  h="0"
                                /></Position></Vertex><Vertex
                              time="6.7"
                            ><Position><WorldPosition
                                  x="150.5"
                                  y="5.25"
                                  z="0"
                                  h="0"
                                /></Position></Vertex><Vertex
                              time="6.800000000000001"
                            ><Position><WorldPosition
                                  x="152"
                                  y="5.25"
                                  z="0"
                                  h="0"
                                /></Position></Vertex><Vertex
                              time="6.9"
                            ><Position><WorldPosition
                                  x="153.5"
                                  y="5.25"
                                  z="0"
                                  h="0"
                                /></Position></Vertex><Vertex time="7"><Position
                              ><WorldPosition
                                  x="155"
                                  y="5.25"
                                  z="0"
                                  h="0"
                                /></Position></Vertex><Vertex
                              time="7.1000000000000005"
                            ><Position><WorldPosition
                                  x="156.5"
                                  y="5.25"
                                  z="0"
                                  h="0"
                                /></Position></Vertex><Vertex
                              time="7.2"
                            ><Position><WorldPosition
                                  x="158"
                                  y="5.25"
                                  z="0"
                                  h="0"
                                /></Position></Vertex><Vertex
                              time="7.300000000000001"
                            ><Position><WorldPosition
                                  x="159.5"
                                  y="5.25"
                                  z="0"
                                  h="0"
                                /></Position></Vertex><Vertex
                              time="7.4"
                            ><Position><WorldPosition
                                  x="161"
                                  y="5.25"
                                  z="0"
                                  h="0"
                                /></Position></Vertex><Vertex
                              time="7.5"
                            ><Position><WorldPosition
                                  x="162.5"
                                  y="5.25"
                                  z="0"
                                  h="0"
                                /></Position></Vertex><Vertex
                              time="7.6000000000000005"
                            ><Position><WorldPosition
                                  x="164"
                                  y="5.25"
                                  z="0"
                                  h="0"
                                /></Position></Vertex><Vertex
                              time="7.7"
                            ><Position><WorldPosition
                                  x="165.5"
                                  y="5.25"
                                  z="0"
                                  h="0"
                                /></Position></Vertex><Vertex
                              time="7.800000000000001"
                            ><Position><WorldPosition
                                  x="167"
                                  y="5.25"
                                  z="0"
                                  h="0"
                                /></Position></Vertex><Vertex
                              time="7.9"
                            ><Position><WorldPosition
                                  x="168.5"
                                  y="5.25"
                                  z="0"
                                  h="0"
                                /></Position></Vertex><Vertex time="8"><Position
                              ><WorldPosition
                                  x="170"
                                  y="5.25"
                                  z="0"
                                  h="0"
                                /></Position></Vertex><Vertex
                              time="8.1"
                            ><Position><WorldPosition
                                  x="171.5"
                                  y="5.25"
                                  z="0"
                                  h="0"
                                /></Position></Vertex><Vertex
                              time="8.200000000000001"
                            ><Position><WorldPosition
                                  x="173"
                                  y="5.25"
                                  z="0"
                                  h="0"
                                /></Position></Vertex><Vertex
                              time="8.3"
                            ><Position><WorldPosition
                                  x="174.5"
                                  y="5.25"
                                  z="0"
                                  h="0"
                                /></Position></Vertex><Vertex
                              time="8.4"
                            ><Position><WorldPosition
                                  x="176"
                                  y="5.25"
                                  z="0"
                                  h="0"
                                /></Position></Vertex><Vertex
                              time="8.5"
                            ><Position><WorldPosition
                                  x="177.5"
                                  y="5.25"
                                  z="0"
                                  h="0"
                                /></Position></Vertex><Vertex
                              time="8.6"
                            ><Position><WorldPosition
                                  x="179"
                                  y="5.25"
                                  z="0"
                                  h="0"
                                /></Position></Vertex><Vertex
                              time="8.700000000000001"
                            ><Position><WorldPosition
                                  x="180.5"
                                  y="5.25"
                                  z="0"
                                  h="0"
                                /></Position></Vertex><Vertex
                              time="8.8"
                            ><Position><WorldPosition
                                  x="182"
                                  y="5.25"
                                  z="0"
                                  h="0"
                                /></Position></Vertex><Vertex
                              time="8.9"
                            ><Position><WorldPosition
                                  x="183.5"
                                  y="5.25"
                                  z="0"
                                  h="0"
                                /></Position></Vertex><Vertex time="9"><Position
                              ><WorldPosition
                                  x="185"
                                  y="5.25"
                                  z="0"
                                  h="0"
                                /></Position></Vertex><Vertex
                              time="9.1"
                            ><Position><WorldPosition
                                  x="186.5"
                                  y="5.25"
                                  z="0"
                                  h="0"
                                /></Position></Vertex><Vertex
                              time="9.200000000000001"
                            ><Position><WorldPosition
                                  x="188"
                                  y="5.25"
                                  z="0"
                                  h="0"
                                /></Position></Vertex><Vertex
                              time="9.3"
                            ><Position><WorldPosition
                                  x="189.5"
                                  y="5.25"
                                  z="0"
                                  h="0"
                                /></Position></Vertex><Vertex
                              time="9.4"
                            ><Position><WorldPosition
                                  x="191"
                                  y="5.25"
                                  z="0"
                                  h="0"
                                /></Position></Vertex><Vertex
                              time="9.5"
                            ><Position><WorldPosition
                                  x="192.5"
                                  y="5.25"
                                  z="0"
                                  h="0"
                                /></Position></Vertex><Vertex
                              time="9.600000000000001"
                            ><Position><WorldPosition
                                  x="194"
                                  y="5.25"
                                  z="0"
                                  h="0"
                                /></Position></Vertex><Vertex
                              time="9.700000000000001"
                            ><Position><WorldPosition
                                  x="195.5"
                                  y="5.25"
                                  z="0"
                                  h="0"
                                /></Position></Vertex><Vertex
                              time="9.8"
                            ><Position><WorldPosition
                                  x="197"
                                  y="5.25"
                                  z="0"
                                  h="0"
                                /></Position></Vertex><Vertex
                              time="9.9"
                            ><Position><WorldPosition
                                  x="198.5"
                                  y="5.25"
                                  z="0"
                                  h="0"
                                /></Position></Vertex><Vertex
                              time="10"
                            ><Position><WorldPosition
                                  x="200"
                                  y="5.25"
                                  z="0"
                                  h="0"
                                /></Position></Vertex></Polyline></Shape></Trajectory><TimeReference
                      ><Timing
                          domainAbsoluteRelative="absolute"
                          scale="1"
                          offset="0"
                        /></TimeReference><TrajectoryFollowingMode
                        followingMode="follow"
                      /></FollowTrajectoryAction></RoutingAction></PrivateAction></Action><StartTrigger
              ><ConditionGroup><Condition
                    name="TimeCondition"
                    conditionEdge="rising"
                    delay="0"
                  ><ByValueCondition><SimulationTimeCondition
                        value="0"
                        rule="greaterThan"
                      /></ByValueCondition></Condition></ConditionGroup></StartTrigger></Event></Maneuver></ManeuverGroup></Act><Act
        name="npc_trajectory_act"
      ><ManeuverGroup
          name="npc_trajectory_act_Group"
          maximumExecutionCount="1"
        ><Actors selectTriggeringEntities="false"><EntityRef
              entityRef="npc"
            /></Actors><Maneuver name="npc_maneuver"><Event
              name="FollowTrajectoryEvent"
              priority="override"
            ><Action name="FollowTrajectoryAction"><PrivateAction><RoutingAction
                  ><FollowTrajectoryAction><Trajectory
                        name="npc_trajectory"
                        closed="false"
                      ><Shape><Polyline><Vertex time="0"><Position
                              ><WorldPosition
                                  x="60"
                                  y="1.75"
                                  z="0"
                                  h="0"
                                /></Position></Vertex><Vertex
                              time="0.1"
                            ><Position><WorldPosition
                                  x="61.598578469827586"
                                  y="1.75"
                                  z="0"
                                  h="0"
                                /></Position></Vertex><Vertex
                              time="0.2"
                            ><Position><WorldPosition
                                  x="63.19431387931034"
                                  y="1.75"
                                  z="0"
                                  h="0"
                                /></Position></Vertex><Vertex
                              time="0.30000000000000004"
                            ><Position><WorldPosition
                                  x="64.78720622844827"
                                  y="1.75"
                                  z="0"
                                  h="0"
                                /></Position></Vertex><Vertex
                              time="0.4"
                            ><Position><WorldPosition
                                  x="66.37725551724138"
                                  y="1.75"
                                  z="0"
                                  h="0"
                                /></Position></Vertex><Vertex
                              time="0.5"
                            ><Position><WorldPosition
                                  x="67.96446174568966"
                                  y="1.75"
                                  z="0"
                                  h="0"
                                /></Position></Vertex><Vertex
                              time="0.6000000000000001"
                            ><Position><WorldPosition
                                  x="69.5488249137931"
                                  y="1.75"
                                  z="0"
                                  h="0"
                                /></Position></Vertex><Vertex
                              time="0.7000000000000001"
                            ><Position><WorldPosition
                                  x="71.13034502155172"
                                  y="1.75"
                                  z="0"
                                  h="0"
                                /></Position></Vertex><Vertex
                              time="0.8"
                            ><Position><WorldPosition
                                  x="72.70902206896552"
                                  y="1.75"
                                  z="0"
                                  h="0"
                                /></Position></Vertex><Vertex
                              time="0.9"
                            ><Position><WorldPosition
                                  x="74.28485605603449"
                                  y="1.75"
                                  z="0"
                                  h="0"
                                /></Position></Vertex><Vertex time="1"><Position
                              ><WorldPosition
                                  x="75.85784698275862"
                                  y="1.75"
                                  z="0"
                                  h="0"
                                /></Position></Vertex><Vertex
                              time="1.1"
                            ><Position><WorldPosition
                                  x="77.42799484913793"
                                  y="1.75"
                                  z="0"
                                  h="0"
                                /></Position></Vertex><Vertex
                              time="1.2000000000000002"
                            ><Position><WorldPosition
                                  x="78.99529965517242"
                                  y="1.75"
                                  z="0"
                                  h="0"
                                /></Position></Vertex><Vertex
                              time="1.3"
                            ><Position><WorldPosition
                                  x="80.55976140086207"
                                  y="1.75"
                                  z="0"
                                  h="0"
                                /></Position></Vertex><Vertex
                              time="1.4000000000000001"
                            ><Position><WorldPosition
                                  x="82.1213800862069"
                                  y="1.75"
                                  z="0"
                                  h="0"
                                /></Position></Vertex><Vertex
                              time="1.5"
                            ><Position><WorldPosition
                                  x="83.6801557112069"
                                  y="1.75"
                                  z="0"
                                  h="0"
                                /></Position></Vertex><Vertex
                              time="1.6"
                            ><Position><WorldPosition
                                  x="85.23608827586207"
                                  y="1.75"
                                  z="0"
                                  h="0"
                                /></Position></Vertex><Vertex
                              time="1.7000000000000002"
                            ><Position><WorldPosition
                                  x="86.78917778017241"
                                  y="1.75"
                                  z="0"
                                  h="0"
                                /></Position></Vertex><Vertex
                              time="1.8"
                            ><Position><WorldPosition
                                  x="88.33942422413793"
                                  y="1.75"
                                  z="0"
                                  h="0"
                                /></Position></Vertex><Vertex
                              time="1.9000000000000001"
                            ><Position><WorldPosition
                                  x="89.88682760775862"
                                  y="1.75"
                                  z="0"
                                  h="0"
                                /></Position></Vertex><Vertex time="2"><Position
                              ><WorldPosition
                                  x="91.43138793103448"
                                  y="1.75"
                                  z="0"
                                  h="0"
                                /></Position></Vertex><Vertex
                              time="2.1"
                            ><Position><WorldPosition
                                  x="92.97310519396552"
                                  y="1.75"
                                  z="0"
                                  h="0"
                                /></Position></Vertex><Vertex
                              time="2.2"
                            ><Position><WorldPosition
                                  x="94.51197939655172"
                                  y="1.75"
                                  z="0"
                                  h="0"
                                /></Position></Vertex><Vertex
                              time="2.3000000000000003"
                            ><Position><WorldPosition
                                  x="96.04801053879311"
                                  y="1.75"
                                  z="0"
                                  h="0"
                                /></Position></Vertex><Vertex
                              time="2.4000000000000004"
                            ><Position><WorldPosition
                                  x="97.58119862068966"
                                  y="1.75"
                                  z="0"
                                  h="0"
                                /></Position></Vertex><Vertex
                              time="2.5"
                            ><Position><WorldPosition
                                  x="99.11154364224137"
                                  y="1.75"
                                  z="0"
                                  h="0"
                                /></Position></Vertex><Vertex
                              time="2.6"
                            ><Position><WorldPosition
                                  x="100.63904560344828"
                                  y="1.75"
                                  z="0"
                                  h="0"
                                /></Position></Vertex><Vertex
                              time="2.7"
                            ><Position><WorldPosition
                                  x="102.16370450431035"
                                  y="1.75"
                                  z="0"
                                  h="0"
                                /></Position></Vertex><Vertex
                              time="2.8000000000000003"
                            ><Position><WorldPosition
                                  x="103.68552034482758"
                                  y="1.75"
                                  z="0"
                                  h="0"
                                /></Position></Vertex><Vertex
                              time="2.9000000000000004"
                            ><Position><WorldPosition
                                  x="105.204493125"
                                  y="1.75"
                                  z="0"
                                  h="0"
                                /></Position></Vertex><Vertex time="3"><Position
                              ><WorldPosition
                                  x="106.72062284482759"
                                  y="1.76"
                                  z="0"
                                  h="0.013203096133033677"
                                /></Position></Vertex><Vertex
                              time="3.1"
                            ><Position><WorldPosition
                                  x="108.23390950431035"
                                  y="1.79"
                                  z="0"
                                  h="0.02645121571937555"
                                /></Position></Vertex><Vertex
                              time="3.2"
                            ><Position><WorldPosition
                                  x="109.74435310344828"
                                  y="1.82"
                                  z="0"
                                  h="0.013252840683386807"
                                /></Position></Vertex><Vertex
                              time="3.3000000000000003"
                            ><Position><WorldPosition
                                  x="111.25195364224138"
                                  y="1.83"
                                  z="0"
                                  h="0"
                                /></Position></Vertex><Vertex
                              time="3.4000000000000004"
                            ><Position><WorldPosition
                                  x="112.75671112068966"
                                  y="1.82"
                                  z="0"
                                  h="-0.013302961468542407"
                                /></Position></Vertex><Vertex
                              time="3.5"
                            ><Position><WorldPosition
                                  x="114.2586255387931"
                                  y="1.79"
                                  z="0"
                                  h="-0.026651595023376995"
                                /></Position></Vertex><Vertex
                              time="3.6"
                            ><Position><WorldPosition
                                  x="115.75769689655172"
                                  y="1.753315649867374"
                                  z="0"
                                  h="-0.022277023342516977"
                                /></Position></Vertex><Vertex
                              time="3.7"
                            ><Position><WorldPosition
                                  x="117.25392519396551"
                                  y="1.729946949602122"
                                  z="0"
                                  h="-0.00894319195211627"
                                /></Position></Vertex><Vertex
                              time="3.8000000000000003"
                            ><Position><WorldPosition
                                  x="118.74731043103448"
                                  y="1.72657824933687"
                                  z="0"
                                  h="0.004444649717097998"
                                /></Position></Vertex><Vertex
                              time="3.9000000000000004"
                            ><Position><WorldPosition
                                  x="120.23785260775863"
                                  y="1.743209549071618"
                                  z="0"
                                  h="0.017882003812538457"
                                /></Position></Vertex><Vertex time="4"><Position
                              ><WorldPosition
                                  x="121.72555172413793"
                                  y="1.779840848806366"
                                  z="0"
                                  h="0.031364267679601335"
                                /></Position></Vertex><Vertex
                              time="4.1000000000000005"
                            ><Position><WorldPosition
                                  x="123.21040778017242"
                                  y="1.836472148541114"
                                  z="0"
                                  h="0.04488674258573013"
                                /></Position></Vertex><Vertex
                              time="4.2"
                            ><Position><WorldPosition
                                  x="124.69242077586208"
                                  y="1.913103448275862"
                                  z="0"
                                  h="0.05844464294707063"
                                /></Position></Vertex><Vertex
                              time="4.3"
                            ><Position><WorldPosition
                                  x="126.1715907112069"
                                  y="2.0097347480106103"
                                  z="0"
                                  h="0.07203310601591492"
                                /></Position></Vertex><Vertex
                              time="4.4"
                            ><Position><WorldPosition
                                  x="127.6479175862069"
                                  y="2.1263660477453583"
                                  z="0"
                                  h="0.08564720198265413"
                                /></Position></Vertex><Vertex
                              time="4.5"
                            ><Position><WorldPosition
                                  x="129.12140140086206"
                                  y="2.262997347480106"
                                  z="0"
                                  h="0.09928194444186211"
                                /></Position></Vertex><Vertex
                              time="4.6000000000000005"
                            ><Position><WorldPosition
                                  x="130.5920421551724"
                                  y="2.419628647214854"
                                  z="0"
                                  h="0.11293230116848159"
                                /></Position></Vertex><Vertex
                              time="4.7"
                            ><Position><WorldPosition
                                  x="132.05983984913794"
                                  y="2.596259946949602"
                                  z="0"
                                  h="0.12659320514693756"
                                /></Position></Vertex><Vertex
                              time="4.800000000000001"
                            ><Position><WorldPosition
                                  x="133.5247944827586"
                                  y="2.7928912466843503"
                                  z="0"
                                  h="0.1402595657934106"
                                /></Position></Vertex><Vertex
                              time="4.9"
                            ><Position><WorldPosition
                                  x="134.98690605603448"
                                  y="3.0089655172413794"
                                  z="0"
                                  h="0.15318142963314854"
                                /></Position></Vertex><Vertex time="5"><Position
                              ><WorldPosition
                                  x="136.44617456896552"
                                  y="3.2444827586206895"
                                  z="0"
                                  h="0.16684523373228896"
                                /></Position></Vertex><Vertex
                              time="5.1000000000000005"
                            ><Position><WorldPosition
                                  x="137.90260002155173"
                                  y="3.5"
                                  z="0"
                                  h="0.1804994697194781"
                                /></Position></Vertex><Vertex
                              time="5.2"
                            ><Position><WorldPosition
                                  x="139.3561824137931"
                                  y="3.7555172413793105"
                                  z="0"
                                  h="0.16748641131743924"
                                /></Position></Vertex><Vertex
                              time="5.300000000000001"
                            ><Position><WorldPosition
                                  x="140.80692174568966"
                                  y="3.9910344827586206"
                                  z="0"
                                  h="0.15436445474242277"
                                /></Position></Vertex><Vertex
                              time="5.4"
                            ><Position><WorldPosition
                                  x="142.25481801724138"
                                  y="4.206551724137931"
                                  z="0"
                                  h="0.14113680181898192"
                                /></Position></Vertex><Vertex
                              time="5.5"
                            ><Position><WorldPosition
                                  x="143.69987122844827"
                                  y="4.402068965517241"
                                  z="0"
                                  h="0.12780685403010408"
                                /></Position></Vertex><Vertex
                              time="5.6000000000000005"
                            ><Position><WorldPosition
                                  x="145.14208137931035"
                                  y="4.577586206896552"
                                  z="0"
                                  h="0.11437821100218785"
                                /></Position></Vertex><Vertex
                              time="5.7"
                            ><Position><WorldPosition
                                  x="146.5814484698276"
                                  y="4.7331034482758625"
                                  z="0"
                                  h="0.10085466815914462"
                                /></Position></Vertex><Vertex
                              time="5.800000000000001"
                            ><Position><WorldPosition
                                  x="148.0179725"
                                  y="4.868620689655172"
                                  z="0"
                                  h="0.08724021352102805"
                                /></Position></Vertex><Vertex
                              time="5.9"
                            ><Position><WorldPosition
                                  x="149.4516534698276"
                                  y="4.984137931034483"
                                  z="0"
                                  h="0.07353902362837748"
                                /></Position></Vertex><Vertex time="6"><Position
                              ><WorldPosition
                                  x="150.88249137931035"
                                  y="5.079655172413793"
                                  z="0"
                                  h="0.059755458579800164"
                                /></Position></Vertex><Vertex
                              time="6.1000000000000005"
                            ><Position><WorldPosition
                                  x="152.31048622844827"
                                  y="5.155172413793103"
                                  z="0"
                                  h="0.04589405617714962"
                                /></Position></Vertex><Vertex
                              time="6.2"
                            ><Position><WorldPosition
                                  x="153.73563801724137"
                                  y="5.210689655172414"
                                  z="0"
                                  h="0.031959525179919505"
                                /></Position></Vertex><Vertex
                              time="6.300000000000001"
                            ><Position><WorldPosition
                                  x="155.15794674568966"
                                  y="5.246206896551724"
                                  z="0"
                                  h="0.017956737678082254"
                                /></Position></Vertex><Vertex
                              time="6.4"
                            ><Position><WorldPosition
                                  x="156.5774124137931"
                                  y="5.261724137931035"
                                  z="0"
                                  h="0.0038907206004682275"
                                /></Position></Vertex><Vertex
                              time="6.5"
                            ><Position><WorldPosition
                                  x="157.99403502155172"
                                  y="5.2572413793103445"
                                  z="0"
                                  h="-0.010233353616198291"
                                /></Position></Vertex><Vertex
                              time="6.6000000000000005"
                            ><Position><WorldPosition
                                  x="159.4078145689655"
                                  y="5.25"
                                  z="0"
                                  h="0"
                                /></Position></Vertex><Vertex
                              time="6.7"
                            ><Position><WorldPosition
                                  x="160.81875105603447"
                                  y="5.25"
                                  z="0"
                                  h="0"
                                /></Position></Vertex><Vertex
                              time="6.800000000000001"
                            ><Position><WorldPosition
                                  x="162.22684448275862"
                                  y="5.25"
                                  z="0"
                                  h="0"
                                /></Position></Vertex><Vertex
                              time="6.9"
                            ><Position><WorldPosition
                                  x="163.63209484913793"
                                  y="5.25"
                                  z="0"
                                  h="0"
                                /></Position></Vertex><Vertex time="7"><Position
                              ><WorldPosition
                                  x="165.03450215517242"
                                  y="5.25"
                                  z="0"
                                  h="0"
                                /></Position></Vertex><Vertex
                              time="7.1000000000000005"
                            ><Position><WorldPosition
                                  x="166.43406640086206"
                                  y="5.25"
                                  z="0"
                                  h="0"
                                /></Position></Vertex><Vertex
                              time="7.2"
                            ><Position><WorldPosition
                                  x="167.8307875862069"
                                  y="5.25"
                                  z="0"
                                  h="0"
                                /></Position></Vertex><Vertex
                              time="7.300000000000001"
                            ><Position><WorldPosition
                                  x="169.2246657112069"
                                  y="5.25"
                                  z="0"
                                  h="0"
                                /></Position></Vertex><Vertex
                              time="7.4"
                            ><Position><WorldPosition
                                  x="170.61570077586208"
                                  y="5.25"
                                  z="0"
                                  h="0"
                                /></Position></Vertex><Vertex
                              time="7.5"
                            ><Position><WorldPosition
                                  x="172.0038927801724"
                                  y="5.25"
                                  z="0"
                                  h="0"
                                /></Position></Vertex><Vertex
                              time="7.6000000000000005"
                            ><Position><WorldPosition
                                  x="173.38924172413792"
                                  y="5.25"
                                  z="0"
                                  h="0"
                                /></Position></Vertex><Vertex
                              time="7.7"
                            ><Position><WorldPosition
                                  x="174.7717476077586"
                                  y="5.25"
                                  z="0"
                                  h="0"
                                /></Position></Vertex><Vertex
                              time="7.800000000000001"
                            ><Position><WorldPosition
                                  x="176.1514104310345"
                                  y="5.25"
                                  z="0"
                                  h="0"
                                /></Position></Vertex><Vertex
                              time="7.9"
                            ><Position><WorldPosition
                                  x="177.52823019396553"
                                  y="5.25"
                                  z="0"
                                  h="0"
                                /></Position></Vertex><Vertex time="8"><Position
                              ><WorldPosition
                                  x="178.90220689655172"
                                  y="5.25"
                                  z="0"
                                  h="0"
                                /></Position></Vertex><Vertex
                              time="8.1"
                            ><Position><WorldPosition
                                  x="180.2733405387931"
                                  y="5.25"
                                  z="0"
                                  h="0"
                                /></Position></Vertex><Vertex
                              time="8.200000000000001"
                            ><Position><WorldPosition
                                  x="181.64163112068965"
                                  y="5.25"
                                  z="0"
                                  h="0"
                                /></Position></Vertex><Vertex
                              time="8.3"
                            ><Position><WorldPosition
                                  x="183.00707864224137"
                                  y="5.25"
                                  z="0"
                                  h="0"
                                /></Position></Vertex><Vertex
                              time="8.4"
                            ><Position><WorldPosition
                                  x="184.36968310344827"
                                  y="5.25"
                                  z="0"
                                  h="0"
                                /></Position></Vertex><Vertex
                              time="8.5"
                            ><Position><WorldPosition
                                  x="185.72944450431035"
                                  y="5.25"
                                  z="0"
                                  h="0"
                                /></Position></Vertex><Vertex
                              time="8.6"
                            ><Position><WorldPosition
                                  x="187.0863628448276"
                                  y="5.25"
                                  z="0"
                                  h="0"
                                /></Position></Vertex><Vertex
                              time="8.700000000000001"
                            ><Position><WorldPosition
                                  x="188.440438125"
                                  y="5.25"
                                  z="0"
                                  h="0"
                                /></Position></Vertex><Vertex
                              time="8.8"
                            ><Position><WorldPosition
                                  x="189.7916703448276"
                                  y="5.25"
                                  z="0"
                                  h="0"
                                /></Position></Vertex><Vertex
                              time="8.9"
                            ><Position><WorldPosition
                                  x="191.14005950431036"
                                  y="5.25"
                                  z="0"
                                  h="0"
                                /></Position></Vertex><Vertex time="9"><Position
                              ><WorldPosition
                                  x="192.48560560344828"
                                  y="5.25"
                                  z="0"
                                  h="0"
                                /></Position></Vertex><Vertex
                              time="9.1"
                            ><Position><WorldPosition
                                  x="193.82830864224138"
                                  y="5.25"
                                  z="0"
                                  h="0"
                                /></Position></Vertex><Vertex
                              time="9.200000000000001"
                            ><Position><WorldPosition
                                  x="195.16816862068964"
                                  y="5.25"
                                  z="0"
                                  h="0"
                                /></Position></Vertex><Vertex
                              time="9.3"
                            ><Position><WorldPosition
                                  x="196.5051855387931"
                                  y="5.25"
                                  z="0"
                                  h="0"
                                /></Position></Vertex><Vertex
                              time="9.4"
                            ><Position><WorldPosition
                                  x="197.8393593965517"
                                  y="5.25"
                                  z="0"
                                  h="0"
                                /></Position></Vertex><Vertex
                              time="9.5"
                            ><Position><WorldPosition
                                  x="199.17069019396553"
                                  y="5.25"
                                  z="0"
                                  h="0"
                                /></Position></Vertex><Vertex
                              time="9.600000000000001"
                            ><Position><WorldPosition
                                  x="200.4991779310345"
                                  y="5.25"
                                  z="0"
                                  h="0"
                                /></Position></Vertex><Vertex
                              time="9.700000000000001"
                            ><Position><WorldPosition
                                  x="201.82482260775862"
                                  y="5.25"
                                  z="0"
                                  h="0"
                                /></Position></Vertex><Vertex
                              time="9.8"
                            ><Position><WorldPosition
                                  x="203.14762422413793"
                                  y="5.25"
                                  z="0"
                                  h="0"
                                /></Position></Vertex><Vertex
                              time="9.9"
                            ><Position><WorldPosition
                                  x="204.46758278017242"
                                  y="5.25"
                                  z="0"
                                  h="0"
                                /></Position></Vertex><Vertex
                              time="10"
                            ><Position><WorldPosition
                                  x="205.78469827586207"
                                  y="5.25"
                                  z="0"
                                  h="0"
                                /></Position></Vertex></Polyline></Shape></Trajectory><TimeReference
                      ><Timing
                          domainAbsoluteRelative="absolute"
                          scale="1"
                          offset="0"
                        /></TimeReference><TrajectoryFollowingMode
                        followingMode="follow"
                      /></FollowTrajectoryAction></RoutingAction></PrivateAction></Action><StartTrigger
              ><ConditionGroup><Condition
                    name="TimeCondition"
                    conditionEdge="rising"
                    delay="0"
                  ><ByValueCondition><SimulationTimeCondition
                        value="0"
                        rule="greaterThan"
                      /></ByValueCondition></Condition></ConditionGroup></StartTrigger></Event></Maneuver></ManeuverGroup></Act></Story><StopTrigger
    ><ConditionGroup><Condition
          name="TimeCondition"
          conditionEdge="rising"
          delay="0"
        ><ByValueCondition><SimulationTimeCondition
              value="10"
              rule="greaterThan"
            /></ByValueCondition></Condition></ConditionGroup></StopTrigger></Storyboard></OpenSCENARIO>
