---
source: tests/snapshot_test.rs
expression: json
---
{
  "scenario_id": "[uuid]",
  "scenario_type": "cut_in_left",
  "time_step": 0.1,
  "duration": 10.0,
  "road": {
    "num_lanes": 3,
    "lane_width": 3.5,
    "lane_directions": [
      1,
      1,
      -1
    ],
    "road_length": 300.0
  },
  "actors": [
    {
      "id": "ego",
      "role": "ego",
      "states": [
        {
          "time": 0.0,
          "cartesian": {
            "position": {
              "x": 0.0,
              "y": 5.25
            },
            "velocity": {
              "vx": 14.0,
              "vy": 0.0
            },
            "acceleration": {
              "ax": -8.0,
              "ay": 0.0
            },
            "lane": 1
          }
        },
        {
          "time": 0.1,
          "cartesian": {
            "position": {
              "x": 1.36,
              "y": 5.25
            },
            "velocity": {
              "vx": 13.2,
              "vy": 0.0
            },
            "acceleration": {
              "ax": -8.0,
              "ay": 0.0
            },
            "lane": 1
          }
        },
        {
          "time": 0.2,
          "cartesian": {
            "position": {
              "x": 2.64,
              "y": 5.25
            },
            "velocity": {
              "vx": 12.4,
              "vy": 0.0
            },
            "acceleration": {
              "ax": -8.0,
              "ay": 0.0
            },
            "lane": 1
          }
        },
        {
          "time": 0.30000000000000004,
          "cartesian": {
            "position": {
              "x": 3.84,
              "y": 5.25
            },
            "velocity": {
              "vx": 11.6,
              "vy": 0.0
            },
            "acceleration": {
              "ax": -8.0,
              "ay": 0.0
            },
            "lane": 1
          }
        },
        {
          "time": 0.4,
          "cartesian": {
            "position": {
              "x": 4.96,
              "y": 5.25
            },
            "velocity": {
              "vx": 10.8,
              "vy": 0.0
            },
            "acceleration": {
              "ax": -8.0,
              "ay": 0.0
            },
            "lane": 1
          }
        },
        {
          "time": 0.5,
          "cartesian": {
            "position": {
              "x": 6.0,
              "y": 5.25
            },
            "velocity": {
              "vx": 10.0,
              "vy": 0.0
            },
            "acceleration": {
              "ax": -8.0,
              "ay": 0.0
            },
            "lane": 1
          }
        },
        {
          "time": 0.6000000000000001,
          "cartesian": {
            "position": {
              "x": 6.96,
              "y": 5.25
            },
            "velocity": {
              "vx": 9.2,
              "vy": 0.0
            },
            "acceleration": {
              "ax": -8.0,
              "ay": 0.0
            },
            "lane": 1
          }
        },
        {
          "time": 0.7000000000000001,
          "cartesian": {
            "position": {
              "x": 7.84,
              "y": 5.25
            },
            "velocity": {
              "vx": 8.4,
              "vy": 0.0
            },
            "acceleration": {
              "ax": -8.0,
              "ay": 0.0
            },
            "lane": 1
          }
        },
        {
          "time": 0.8,
          "cartesian": {
            "position": {
              "x": 8.64,
              "y": 5.25
            },
            "velocity": {
              "vx": 7.6,
              "vy": 0.0
            },
            "acceleration": {
              "ax": -8.0,
              "ay": 0.0
            },
            "lane": 1
          }
        },
        {
          "time": 0.9,
          "cartesian": {
            "position": {
              "x": 9.36,
              "y": 5.25
            },
            "velocity": {
              "vx": 6.8,
              "vy": 0.0
            },
            "acceleration": {
              "ax": -8.0,
              "ay": 0.0
            },
            "lane": 1
          }
        },
        {
          "time": 1.0,
          "cartesian": {
            "position": {
              "x": 10.0,
              "y": 5.25
            },
            "velocity": {
              "vx": 6.0,
              "vy": 0.0
            },
            "acceleration": {
              "ax": -8.0,
              "ay": 0.0
            },
            "lane": 1
          }
        },
        {
          "time": 1.1,
          "cartesian": {
            "position": {
              "x": 10.56,
              "y": 5.25
            },
            "velocity": {
              "vx": 5.2,
              "vy": 0.0
            },
            "acceleration": {
              "ax": -8.0,
              "ay": 0.0
            },
            "lane": 1
          }
        },
        {
          "time": 1.2000000000000002,
          "cartesian": {
            "position": {
              "x": 11.04,
              "y": 5.25
            },
            "velocity": {
              "vx": 4.4,
              "vy": 0.0
            },
            "acceleration": {
              "ax": -8.0,
              "ay": 0.0
            },
            "lane": 1
          }
        },
        {
          "time": 1.3,
          "cartesian": {
            "position": {
              "x": 11.44,
              "y": 5.25
            },
            "velocity": {
              "vx": 3.6,
              "vy": 0.0
            },
            "acceleration": {
              "ax": -8.0,
              "ay": 0.0
            },
            "lane": 1
          }
        },
        {
          "time": 1.4000000000000001,
          "cartesian": {
            "position": {
              "x": 11.76,
              "y": 5.25
            },
            "velocity": {
              "vx": 2.8,
              "vy": 0.0
            },
            "acceleration": {
              "ax": -8.0,
              "ay": 0.0
            },
            "lane": 1
          }
        },
        {
          "time": 1.5,
          "cartesian": {
            "position": {
              "x": 12.0,
              "y": 5.25
            },
            "velocity": {
              "vx": 2.0,
              "vy": 0.0
            },
            "acceleration": {
              "ax": -8.0,
              "ay": 0.0
            },
            "lane": 1
          }
        },
        {
          "time": 1.6,
          "cartesian": {
            "position": {
              "x": 12.16,
              "y": 5.25
            },
            "velocity": {
              "vx": 1.2,
              "vy": 0.0
            },
            "acceleration": {
              "ax": -8.0,
              "ay": 0.0
            },
            "lane": 1
          }
        },
        {
          "time": 1.7000000000000002,
          "cartesian": {
            "position": {
              "x": 12.24,
              "y": 5.25
            },
            "velocity": {
              "vx": 0.4,
              "vy": 0.0
            },
            "acceleration": {
              "ax": 3.0,
              "ay": 0.0
            },
            "lane": 1
          }
        },
        {
          "time": 1.8,
          "cartesian": {
            "position": {
              "x": 12.295,
              "y": 5.25
            },
            "velocity": {
              "vx": 0.7,
              "vy": 0.0
            },
            "acceleration": {
              "ax": 3.0,
              "ay": 0.0
            },
            "lane": 1
          }
        },
        {
          "time": 1.9000000000000001,
          "cartesian": {
            "position": {
              "x": 12.38,
              "y": 5.25
            },
            "velocity": {
              "vx": 1.0,
              "vy": 0.0
            },
            "acceleration": {
              "ax": 3.0,
              "ay": 0.0
            },
            "lane": 1
          }
        },
        {
          "time": 2.0,
          "cartesian": {
            "position": {
              "x": 12.495,
              "y": 5.25
            },
            "velocity": {
              "vx": 1.3,
              "vy": 0.0
            },
            "acceleration": {
              "ax": 3.0,
              "ay": 0.0
            },
            "lane": 1
          }
        },
        {
          "time": 2.1,
          "cartesian": {
            "position": {
              "x": 12.64,
              "y": 5.25
            },
            "velocity": {
              "vx": 1.6,
              "vy": 0.0
            },
            "acceleration": {
              "ax": 3.0,
              "ay": 0.0
            },
            "lane": 1
          }
        },
        {
          "time": 2.2,
          "cartesian": {
            "position": {
              "x": 12.815,
              "y": 5.25
            },
            "velocity": {
              "vx": 1.9,
              "vy": 0.0
            },
            "acceleration": {
              "ax": 3.0,
              "ay": 0.0
            },
            "lane": 1
          }
        },
        {
          "time": 2.3000000000000003,
          "cartesian": {
            "position": {
              "x": 13.02,
              "y": 5.25
            },
            "velocity": {
              "vx": 2.2,
              "vy": 0.0
            },
            "acceleration": {
              "ax": 3.0,
              "ay": 0.0
            },
            "lane": 1
          }
        },
        {
          "time": 2.4000000000000004,
          "cartesian": {
            "position": {
              "x": 13.255,
              "y": 5.25
            },
            "velocity": {
              "vx": 2.5,
              "vy": 0.0
            },
            "acceleration": {
              "ax": 3.0,
              "ay": 0.0
            },
            "lane": 1
          }
        },
        {
          "time": 2.5,
          "cartesian": {
            "position": {
              "x": 13.52,
              "y": 5.25
            },
            "velocity": {
              "vx": 2.8,
              "vy": 0.0
            },
            "acceleration": {
              "ax": 3.0,
              "ay": 0.0
            },
            "lane": 1
          }
        },
        {
          "time": 2.6,
          "cartesian": {
            "position": {
              "x": 13.815,
              "y": 5.25
            },
            "velocity": {
              "vx": 3.1,
              "vy": 0.0
            },
            "acceleration": {
              "ax": 3.0,
              "ay": 0.0
            },
            "lane": 1
          }
        },
        {
          "time": 2.7,
          "cartesian": {
            "position": {
              "x": 14.14,
              "y": 5.25
            },
            "velocity": {
              "vx": 3.4,
              "vy": 0.0
            },
            "acceleration": {
              "ax": 3.0,
              "ay": 0.0
            },
            "lane": 1
          }
        },
        {
          "time": 2.8000000000000003,
          "cartesian": {
            "position": {
              "x": 14.495,
              "y": 5.25
            },
            "velocity": {
              "vx": 3.7,
              "vy": 0.0
            },
            "acceleration": {
              "ax": 3.0,
              "ay": 0.0
            },
            "lane": 1
          }
        },
        {
          "time": 2.9000000000000004,
          "cartesian": {
            "position": {
              "x": 14.88,
              "y": 5.25
            },
            "velocity": {
              "vx": 4.0,
              "vy": 0.0
            },
            "acceleration": {
              "ax": 3.0,
              "ay": 0.0
            },
            "lane": 1
          }
        },
        {
          "time": 3.0,
          "cartesian": {
            "position": {
              "x": 15.295,
              "y": 5.25
            },
            "velocity": {
              "vx": 4.3,
              "vy": 0.0
            },
            "acceleration": {
              "ax": 3.0,
              "ay": 0.0
            },
            "lane": 1
          }
        },
        {
          "time": 3.1,
          "cartesian": {
            "position": {
              "x": 15.74,
              "y": 5.25
            },
            "velocity": {
              "vx": 4.6,
              "vy": 0.0
            },
            "acceleration": {
              "ax": 3.0,
              "ay": 0.0
            },
            "lane": 1
          }
        },
        {
          "time": 3.2,
          "cartesian": {
            "position": {
              "x": 16.215,
              "y": 5.25
            },
            "velocity": {
              "vx": 4.9,
              "vy": 0.0
            },
            "acceleration": {
              "ax": 3.0,
              "ay": 0.0
            },
            "lane": 1
          }
        },
        {
          "time": 3.3000000000000003,
          "cartesian": {
            "position": {
              "x": 16.72,
              "y": 5.25
            },
            "velocity": {
              "vx": 5.2,
              "vy": 0.0
            },
            "acceleration": {
              "ax": 3.0,
              "ay": 0.0
            },
            "lane": 1
          }
        },
        {
          "time": 3.4000000000000004,
          "cartesian": {
            "position": {
              "x": 17.255,
              "y": 5.25
            },
            "velocity": {
              "vx": 5.5,
              "vy": 0.0
            },
            "acceleration": {
              "ax": 3.0,
              "ay": 0.0
            },
            "lane": 1
          }
        },
        {
          "time": 3.5,
          "cartesian": {
            "position": {
              "x": 17.82,
              "y": 5.25
            },
            "velocity": {
              "vx": 5.8,
              "vy": 0.0
            },
            "acceleration": {
              "ax": 3.0,
              "ay": 0.0
            },
            "lane": 1
          }
        },
        {
          "time": 3.6,
          "cartesian": {
            "position": {
              "x": 18.415,
              "y": 5.25
            },
            "velocity": {
              "vx": 6.1,
              "vy": 0.0
            },
            "acceleration": {
              "ax": 3.0,
              "ay": 0.0
            },
            "lane": 1
          }
        },
        {
          "time": 3.7,
          "cartesian": {
            "position": {
              "x": 19.04,
              "y": 5.25
            },
            "velocity": {
              "vx": 6.4,
              "vy": 0.0
            },
            "acceleration": {
              "ax": 3.0,
              "ay": 0.0
            },
            "lane": 1
          }
        },
        {
          "time": 3.8000000000000003,
          "cartesian": {
            "position": {
              "x": 19.695,
              "y": 5.25
            },
            "velocity": {
              "vx": 6.7,
              "vy": 0.0
            },
            "acceleration": {
              "ax": 3.0,
              "ay": 0.0
            },
            "lane": 1
          }
        },
        {
          "time": 3.9000000000000004,
          "cartesian": {
            "position": {
              "x": 20.38,
              "y": 5.25
            },
            "velocity": {
              "vx": 7.0,
              "vy": 0.0
            },
            "acceleration": {
              "ax": 3.0,
              "ay": 0.0
            },
            "lane": 1
          }
        },
        {
          "time": 4.0,
          "cartesian": {
            "position": {
              "x": 21.095,
              "y": 5.25
            },
            "velocity": {
              "vx": 7.3,
              "vy": 0.0
            },
            "acceleration": {
              "ax": 3.0,
              "ay": 0.0
            },
            "lane": 1
          }
        },
        {
          "time": 4.1000000000000005,
          "cartesian": {
            "position": {
              "x": 21.84,
              "y": 5.25
            },
            "velocity": {
              "vx": 7.6,
              "vy": 0.0
            },
            "acceleration": {
              "ax": 3.0,
              "ay": 0.0
            },
            "lane": 1
          }
        },
        {
          "time": 4.2,
          "cartesian": {
            "position": {
              "x": 22.615,
              "y": 5.25
            },
            "velocity": {
              "vx": 7.9,
              "vy": 0.0
            },
            "acceleration": {
              "ax": 1.0,
              "ay": 0.0
            },
            "lane": 1
          }
        },
        {
          "time": 4.3,
          "cartesian": {
            "position": {
              "x": 23.41,
              "y": 5.25
            },
            "velocity": {
              "vx": 8.0,
              "vy": 0.0
            },
            "acceleration": {
              "ax": 0.0,
              "ay": 0.0
            },
            "lane": 1
          }
        },
        {
          "time": 4.4,
          "cartesian": {
            "position": {
              "x": 24.21,
              "y": 5.25
            },
            "velocity": {
              "vx": 8.0,
              "vy": 0.0
            },
            "acceleration": {
              "ax": 0.0,
              "ay": 0.0
            },
            "lane": 1
          }
        },
        {
          "time": 4.5,
          "cartesian": {
            "position": {
              "x": 25.01,
              "y": 5.25
            },
            "velocity": {
              "vx": 8.0,
              "vy": 0.0
            },
            "acceleration": {
              "ax": 0.0,
              "ay": 0.0
            },
            "lane": 1
          }
        },
        {
          "time": 4.6000000000000005,
          "cartesian": {
            "position": {
              "x": 25.81,
              "y": 5.25
            },
            "velocity": {
              "vx": 8.0,
              "vy": 0.0
            },
            "acceleration": {
              "ax": 0.0,
              "ay": 0.0
            },
            "lane": 1
          }
        },
        {
          "time": 4.7,
          "cartesian": {
            "position": {
              "x": 26.61,
              "y": 5.25
            },
            "velocity": {
              "vx": 8.0,
              "vy": 0.0
            },
            "acceleration": {
              "ax": 0.0,
              "ay": 0.0
            },
            "lane": 1
          }
        },
        {
          "time": 4.800000000000001,
          "cartesian": {
            "position": {
              "x": 27.41,
              "y": 5.25
            },
            "velocity": {
              "vx": 8.0,
              "vy": 0.0
            },
            "acceleration": {
              "ax": 0.0,
              "ay": 0.0
            },
            "lane": 1
          }
        },
        {
          "time": 4.9,
          "cartesian": {
            "position": {
              "x": 28.21,
              "y": 5.25
            },
            "velocity": {
              "vx": 8.0,
              "vy": 0.0
            },
            "acceleration": {
              "ax": 0.0,
              "ay": 0.0
            },
            "lane": 1
          }
        },
        {
          "time": 5.0,
          "cartesian": {
            "position": {
              "x": 29.01,
              "y": 5.25
            },
            "velocity": {
              "vx": 8.0,
              "vy": 0.0
            },
            "acceleration": {
              "ax": 0.0,
              "ay": 0.0
            },
            "lane": 1
          }
        },
        {
          "time": 5.1000000000000005,
          "cartesian": {
            "position": {
              "x": 29.81,
              "y": 5.25
            },
            "velocity": {
              "vx": 8.0,
              "vy": 0.0
            },
            "acceleration": {
              "ax": 0.0,
              "ay": 0.0
            },
            "lane": 1
          }
        },
        {
          "time": 5.2,
          "cartesian": {
            "position": {
              "x": 30.61,
              "y": 5.25
            },
            "velocity": {
              "vx": 8.0,
              "vy": 0.0
            },
            "acceleration": {
              "ax": 0.0,
              "ay": 0.0
            },
            "lane": 1
          }
        },
        {
          "time": 5.300000000000001,
          "cartesian": {
            "position": {
              "x": 31.41,
              "y": 5.25
            },
            "velocity": {
              "vx": 8.0,
              "vy": 0.0
            },
            "acceleration": {
              "ax": 0.0,
              "ay": 0.0
            },
            "lane": 1
          }
        },
        {
          "time": 5.4,
          "cartesian": {
            "position": {
              "x": 32.21,
              "y": 5.25
            },
            "velocity": {
              "vx": 8.0,
              "vy": 0.0
            },
            "acceleration": {
              "ax": 0.0,
              "ay": 0.0
            },
            "lane": 1
          }
        },
        {
          "time": 5.5,
          "cartesian": {
            "position": {
              "x": 33.01,
              "y": 5.25
            },
            "velocity": {
              "vx": 8.0,
              "vy": 0.0
            },
            "acceleration": {
              "ax": 0.0,
              "ay": 0.0
            },
            "lane": 1
          }
        },
        {
          "time": 5.6000000000000005,
          "cartesian": {
            "position": {
              "x": 33.81,
              "y": 5.25
            },
            "velocity": {
              "vx": 8.0,
              "vy": 0.0
            },
            "acceleration": {
              "ax": 0.0,
              "ay": 0.0
            },
            "lane": 1
          }
        },
        {
          "time": 5.7,
          "cartesian": {
            "position": {
              "x": 34.61,
              "y": 5.25
            },
            "velocity": {
              "vx": 8.0,
              "vy": 0.0
            },
            "acceleration": {
              "ax": 0.0,
              "ay": 0.0
            },
            "lane": 1
          }
        },
        {
          "time": 5.800000000000001,
          "cartesian": {
            "position": {
              "x": 35.41,
              "y": 5.25
            },
            "velocity": {
              "vx": 8.0,
              "vy": 0.0
            },
            "acceleration": {
              "ax": 0.0,
              "ay": 0.0
            },
            "lane": 1
          }
        },
        {
          "time": 5.9,
          "cartesian": {
            "position": {
              "x": 36.21,
              "y": 5.25
            },
            "velocity": {
              "vx": 8.0,
              "vy": 0.0
            },
            "acceleration": {
              "ax": 0.0,
              "ay": 0.0
            },
            "lane": 1
          }
        },
        {
          "time": 6.0,
          "cartesian": {
            "position": {
              "x": 37.01,
              "y": 5.25
            },
            "velocity": {
              "vx": 8.0,
              "vy": 0.0
            },
            "acceleration": {
              "ax": 0.0,
              "ay": 0.0
            },
            "lane": 1
          }
        },
        {
          "time": 6.1000000000000005,
          "cartesian": {
            "position": {
              "x": 37.81,
              "y": 5.25
            },
            "velocity": {
              "vx": 8.0,
              "vy": 0.0
            },
            "acceleration": {
              "ax": 0.0,
              "ay": 0.0
            },
            "lane": 1
          }
        },
        {
          "time": 6.2,
          "cartesian": {
            "position": {
              "x": 38.61,
              "y": 5.25
            },
            "velocity": {
              "vx": 8.0,
              "vy": 0.0
            },
            "acceleration": {
              "ax": 0.0,
              "ay": 0.0
            },
            "lane": 1
          }
        },
        {
          "time": 6.300000000000001,
          "cartesian": {
            "position": {
              "x": 39.41,
              "y": 5.25
            },
            "velocity": {
              "vx": 8.0,
              "vy": 0.0
            },
            "acceleration": {
              "ax": 0.0,
              "ay": 0.0
            },
            "lane": 1
          }
        },
        {
          "time": 6.4,
          "cartesian": {
            "position": {
              "x": 40.21,
              "y": 5.25
            },
            "velocity": {
              "vx": 8.0,
              "vy": 0.0
            },
            "acceleration": {
              "ax": 0.0,
              "ay": 0.0
            },
            "lane": 1
          }
        },
        {
          "time": 6.5,
          "cartesian": {
            "position": {
              "x": 41.01,
              "y": 5.25
            },
            "velocity": {
              "vx": 8.0,
              "vy": 0.0
            },
            "acceleration": {
              "ax": 0.0,
              "ay": 0.0
            },
            "lane": 1
          }
        },
        {
          "time": 6.6000000000000005,
          "cartesian": {
            "position": {
              "x": 41.81,
              "y": 5.25
            },
            "velocity": {
              "vx": 8.0,
              "vy": 0.0
            },
            "acceleration": {
              "ax": 0.0,
              "ay": 0.0
            },
            "lane": 1
          }
        },
        {
          "time": 6.7,
          "cartesian": {
            "position": {
              "x": 42.61,
              "y": 5.25
            },
            "velocity": {
              "vx": 8.0,
              "vy": 0.0
            },
            "acceleration": {
              "ax": -8.0,
              "ay": 0.0
            },
            "lane": 1
          }
        },
        {
          "time": 6.800000000000001,
          "cartesian": {
            "position": {
              "x": 43.37,
              "y": 5.25
            },
            "velocity": {
              "vx": 7.2,
              "vy": 0.0
            },
            "acceleration": {
              "ax": -8.0,
              "ay": 0.0
            },
            "lane": 1
          }
        },
        {
          "time": 6.9,
          "cartesian": {
            "position": {
              "x": 44.05,
              "y": 5.25
            },
            "velocity": {
              "vx": 6.4,
              "vy": 0.0
            },
            "acceleration": {
              "ax": -8.0,
              "ay": 0.0
            },
            "lane": 1
          }
        },
        {
          "time": 7.0,
          "cartesian": {
            "position": {
              "x": 44.65,
              "y": 5.25
            },
            "velocity": {
              "vx": 5.6,
              "vy": 0.0
            },
            "acceleration": {
              "ax": -8.0,
              "ay": 0.0
            },
            "lane": 1
          }
        },
        {
          "time": 7.1000000000000005,
          "cartesian": {
            "position": {
              "x": 45.17,
              "y": 5.25
            },
            "velocity": {
              "vx": 4.8,
              "vy": 0.0
            },
            "acceleration": {
              "ax": -8.0,
              "ay": 0.0
            },
            "lane": 1
          }
        },
        {
          "time": 7.2,
          "cartesian": {
            "position": {
              "x": 45.61,
              "y": 5.25
            },
            "velocity": {
              "vx": 4.0,
              "vy": 0.0
            },
            "acceleration": {
              "ax": -8.0,
              "ay": 0.0
            },
            "lane": 1
          }
        },
        {
          "time": 7.300000000000001,
          "cartesian": {
            "position": {
              "x": 45.97,
              "y": 5.25
            },
            "velocity": {
              "vx": 3.2,
              "vy": 0.0
            },
            "acceleration": {
              "ax": -8.0,
              "ay": 0.0
            },
            "lane": 1
          }
        },
        {
          "time": 7.4,
          "cartesian": {
            "position": {
              "x": 46.25,
              "y": 5.25
            },
            "velocity": {
              "vx": 2.4,
              "vy": 0.0
            },
            "acceleration": {
              "ax": -8.0,
              "ay": 0.0
            },
            "lane": 1
          }
        },
        {
          "time": 7.5,
          "cartesian": {
            "position": {
              "x": 46.45,
              "y": 5.25
            },
            "velocity": {
              "vx": 1.6,
              "vy": 0.0
            },
            "acceleration": {
              "ax": -8.0,
              "ay": 0.0
            },
            "lane": 1
          }
        },
        {
          "time": 7.6000000000000005,
          "cartesian": {
            "position": {
              "x": 46.57,
              "y": 5.25
            },
            "velocity": {
              "vx": 0.8,
              "vy": 0.0
            },
            "acceleration": {
              "ax": -8.0,
              "ay": 0.0
            },
            "lane": 1
          }
        },
        {
          "time": 7.7,
          "cartesian": {
            "position": {
              "x": 46.61,
              "y": 5.25
            },
            "velocity": {
              "vx": 0.0,
              "vy": 0.0
            },
            "acceleration": {
              "ax": 0.0,
              "ay": 0.0
            },
            "lane": 1
          }
        },
        {
          "time": 7.800000000000001,
          "cartesian": {
            "position": {
              "x": 46.61,
              "y": 5.25
            },
            "velocity": {
              "vx": 0.0,
              "vy": 0.0
            },
            "acceleration": {
              "ax": 0.0,
              "ay": 0.0
            },
            "lane": 1
          }
        },
        {
          "time": 7.9,
          "cartesian": {
            "position": {
              "x": 46.61,
              "y": 5.25
            },
            "velocity": {
              "vx": 0.0,
              "vy": 0.0
            },
            "acceleration": {
              "ax": 0.0,
              "ay": 0.0
            },
            "lane": 1
          }
        },
        {
          "time": 8.0,
          "cartesian": {
            "position": {
              "x": 46.61,
              "y": 5.25
            },
            "velocity": {
              "vx": 0.0,
              "vy": 0.0
            },
            "acceleration": {
              "ax": 0.0,
              "ay": 0.0
            },
            "lane": 1
          }
        },
        {
          "time": 8.1,
          "cartesian": {
            "position": {
              "x": 46.61,
              "y": 5.25
            },
            "velocity": {
              "vx": 0.0,
              "vy": 0.0
            },
            "acceleration": {
              "ax": 0.0,
              "ay": 0.0
            },
            "lane": 1
          }
        },
        {
          "time": 8.200000000000001,
          "cartesian": {
            "position": {
              "x": 46.61,
              "y": 5.25
            },
            "velocity": {
              "vx": 0.0,
              "vy": 0.0
            },
            "acceleration": {
              "ax": 0.0,
              "ay": 0.0
            },
            "lane": 1
          }
        },
        {
          "time": 8.3,
          "cartesian": {
            "position": {
              "x": 46.61,
              "y": 5.25
            },
            "velocity": {
              "vx": 0.0,
              "vy": 0.0
            },
            "acceleration": {
              "ax": 0.0,
              "ay": 0.0
            },
            "lane": 1
          }
        },
        {
          "time": 8.4,
          "cartesian": {
            "position": {
              "x": 46.61,
              "y": 5.25
            },
            "velocity": {
              "vx": 0.0,
              "vy": 0.0
            },
            "acceleration": {
              "ax": 0.0,
              "ay": 0.0
            },
            "lane": 1
          }
        },
        {
          "time": 8.5,
          "cartesian": {
            "position": {
              "x": 46.61,
              "y": 5.25
            },
            "velocity": {
              "vx": 0.0,
              "vy": 0.0
            },
            "acceleration": {
              "ax": 0.0,
              "ay": 0.0
            },
            "lane": 1
          }
        },
        {
          "time": 8.6,
          "cartesian": {
            "position": {
              "x": 46.61,
              "y": 5.25
            },
            "velocity": {
              "vx": 0.0,
              "vy": 0.0
            },
            "acceleration": {
              "ax": 0.0,
              "ay": 0.0
            },
            "lane": 1
          }
        },
        {
          "time": 8.700000000000001,
          "cartesian": {
            "position": {
              "x": 46.61,
              "y": 5.25
            },
            "velocity": {
              "vx": 0.0,
              "vy": 0.0
            },
            "acceleration": {
              "ax": 0.0,
              "ay": 0.0
            },
            "lane": 1
          }
        },
        {
          "time": 8.8,
          "cartesian": {
            "position": {
              "x": 46.61,
              "y": 5.25
            },
            "velocity": {
              "vx": 0.0,
              "vy": 0.0
            },
            "acceleration": {
              "ax": 0.0,
              "ay": 0.0
            },
            "lane": 1
          }
        },
        {
          "time": 8.9,
          "cartesian": {
            "position": {
              "x": 46.61,
              "y": 5.25
            },
            "velocity": {
              "vx": 0.0,
              "vy": 0.0
            },
            "acceleration": {
              "ax": 0.0,
              "ay": 0.0
            },
            "lane": 1
          }
        },
        {
          "time": 9.0,
          "cartesian": {
            "position": {
              "x": 46.61,
              "y": 5.25
            },
            "velocity": {
              "vx": 0.0,
              "vy": 0.0
            },
            "acceleration": {
              "ax": 0.0,
              "ay": 0.0
            },
            "lane": 1
          }
        },
        {
          "time": 9.1,
          "cartesian": {
            "position": {
              "x": 46.61,
              "y": 5.25
            },
            "velocity": {
              "vx": 0.0,
              "vy": 0.0
            },
            "acceleration": {
              "ax": 0.0,
              "ay": 0.0
            },
            "lane": 1
          }
        },
        {
          "time": 9.200000000000001,
          "cartesian": {
            "position": {
              "x": 46.61,
              "y": 5.25
            },
            "velocity": {
              "vx": 0.0,
              "vy": 0.0
            },
            "acceleration": {
              "ax": 0.0,
              "ay": 0.0
            },
            "lane": 1
          }
        },
        {
          "time": 9.3,
          "cartesian": {
            "position": {
              "x": 46.61,
              "y": 5.25
            },
            "velocity": {
              "vx": 0.0,
              "vy": 0.0
            },
            "acceleration": {
              "ax": 0.0,
              "ay": 0.0
            },
            "lane": 1
          }
        },
        {
          "time": 9.4,
          "cartesian": {
            "position": {
              "x": 46.61,
              "y": 5.25
            },
            "velocity": {
              "vx": 0.0,
              "vy": 0.0
            },
            "acceleration": {
              "ax": 0.0,
              "ay": 0.0
            },
            "lane": 1
          }
        },
        {
          "time": 9.5,
          "cartesian": {
            "position": {
              "x": 46.61,
              "y": 5.25
            },
            "velocity": {
              "vx": 0.0,
              "vy": 0.0
            },
            "acceleration": {
              "ax": 0.0,
              "ay": 0.0
            },
            "lane": 1
          }
        },
        {
          "time": 9.600000000000001,
          "cartesian": {
            "position": {
              "x": 46.61,
              "y": 5.25
            },
            "velocity": {
              "vx": 0.0,
              "vy": 0.0
            },
            "acceleration": {
              "ax": 0.0,
              "ay": 0.0
            },
            "lane": 1
          }
        },
        {
          "time": 9.700000000000001,
          "cartesian": {
            "position": {
              "x": 46.61,
              "y": 5.25
            },
            "velocity": {
              "vx": 0.0,
              "vy": 0.0
            },
            "acceleration": {
              "ax": 0.0,
              "ay": 0.0
            },
            "lane": 1
          }
        },
        {
          "time": 9.8,
          "cartesian": {
            "position": {
              "x": 46.61,
              "y": 5.25
            },
            "velocity": {
              "vx": 0.0,
              "vy": 0.0
            },
            "acceleration": {
              "ax": 0.0,
              "ay": 0.0
            },
            "lane": 1
          }
        },
        {
          "time": 9.9,
          "cartesian": {
            "position": {
              "x": 46.61,
              "y": 5.25
            },
            "velocity": {
              "vx": 0.0,
              "vy": 0.0
            },
            "acceleration": {
              "ax": 0.0,
              "ay": 0.0
            },
            "lane": 1
          }
        },
        {
          "time": 10.0,
          "cartesian": {
            "position": {
              "x": 46.61,
              "y": 5.25
            },
            "velocity": {
              "vx": 0.0,
              "vy": 0.0
            },
            "acceleration": {
              "ax": 0.0,
              "ay": 0.0
            },
            "lane": 1
          }
        }
      ]
    },
    {
      "id": "npc",
      "role": "npc",
      "states": [
        {
          "time": 0.0,
          "cartesian": {
            "position": {
              "x": 20.0,
              "y": 1.75
            },
            "velocity": {
              "vx": 20.0,
              "vy": 0.0
            },
            "acceleration": {
              "ax": 3.0,
              "ay": 0.0
            },
            "lane": 0
          }
        },
        {
          "time": 0.1,
          "cartesian": {
            "position": {
              "x": 22.015,
              "y": 1.75
            },
            "velocity": {
              "vx": 20.3,
              "vy": 0.0
            },
            "acceleration": {
              "ax": 3.0,
              "ay": 0.0
            },
            "lane": 0
          }
        },
        {
          "time": 0.2,
          "cartesian": {
            "position": {
              "x": 24.06,
              "y": 1.75
            },
            "velocity": {
              "vx": 20.6,
              "vy": 0.0
            },
            "acceleration": {
              "ax": 3.0,
              "ay": 0.0
            },
            "lane": 0
          }
        },
        {
          "time": 0.30000000000000004,
          "cartesian": {
            "position": {
              "x": 26.135,
              "y": 1.75
            },
            "velocity": {
              "vx": 20.9,
              "vy": 0.0
            },
            "acceleration": {
              "ax": 3.0,
              "ay": 0.0
            },
            "lane": 0
          }
        },
        {
          "time": 0.4,
          "cartesian": {
            "position": {
              "x": 28.24,
              "y": 1.75
            },
            "velocity": {
              "vx": 21.2,
              "vy": 0.0
            },
            "acceleration": {
              "ax": 3.0,
              "ay": 0.0
            },
            "lane": 0
          }
        },
        {
          "time": 0.5,
          "cartesian": {
            "position": {
              "x": 30.375,
              "y": 1.75
            },
            "velocity": {
              "vx": 21.5,
              "vy": 0.0
            },
            "acceleration": {
              "ax": 3.0,
              "ay": 0.0
            },
            "lane": 0
          }
        },
        {
          "time": 0.6000000000000001,
          "cartesian": {
            "position": {
              "x": 32.54,
              "y": 1.75
            },
            "velocity": {
              "vx": 21.8,
              "vy": 0.0
            },
            "acceleration": {
              "ax": 3.0,
              "ay": 0.0
            },
            "lane": 0
          }
        },
        {
          "time": 0.7000000000000001,
          "cartesian": {
            "position": {
              "x": 34.735,
              "y": 1.75
            },
            "velocity": {
              "vx": 22.1,
              "vy": 0.0
            },
            "acceleration": {
              "ax": 3.0,
              "ay": 0.0
            },
            "lane": 0
          }
        },
        {
          "time": 0.8,
          "cartesian": {
            "position": {
              "x": 36.96,
              "y": 1.75
            },
            "velocity": {
              "vx": 22.4,
              "vy": 0.0
            },
            "acceleration": {
              "ax": 3.0,
              "ay": 0.0
            },
            "lane": 0
          }
        },
        {
          "time": 0.9,
          "cartesian": {
            "position": {
              "x": 39.215,
              "y": 1.75
            },
            "velocity": {
              "vx": 22.7,
              "vy": 0.0
            },
            "acceleration": {
              "ax": 3.0,
              "ay": 0.0
            },
            "lane": 0
          }
        },
        {
          "time": 1.0,
          "cartesian": {
            "position": {
              "x": 41.5,
              "y": 1.75
            },
            "velocity": {
              "vx": 23.0,
              "vy": 0.0
            },
            "acceleration": {
              "ax": 3.0,
              "ay": 0.0
            },
            "lane": 0
          }
        },
        {
          "time": 1.1,
          "cartesian": {
            "position": {
              "x": 43.815,
              "y": 1.75
            },
            "velocity": {
              "vx": 23.3,
              "vy": 0.0
            },
            "acceleration": {
              "ax": 3.0,
              "ay": 0.0
            },
            "lane": 0
          }
        },
        {
          "time": 1.2000000000000002,
          "cartesian": {
            "position": {
              "x": 46.16,
              "y": 1.75
            },
            "velocity": {
              "vx": 23.6,
              "vy": 0.0
            },
            "acceleration": {
              "ax": 3.0,
              "ay": 0.0
            },
            "lane": 0
          }
        },
        {
          "time": 1.3,
          "cartesian": {
            "position": {
              "x": 48.535,
              "y": 1.75
            },
            "velocity": {
              "vx": 23.9,
              "vy": 0.0
            },
            "acceleration": {
              "ax": 3.0,
              "ay": 0.0
            },
            "lane": 0
          }
        },
        {
          "time": 1.4000000000000001,
          "cartesian": {
            "position": {
              "x": 50.94,
              "y": 1.75
            },
            "velocity": {
              "vx": 24.2,
              "vy": 0.0
            },
            "acceleration": {
              "ax": 3.0,
              "ay": 0.0
            },
            "lane": 0
          }
        },
        {
          "time": 1.5,
          "cartesian": {
            "position": {
              "x": 53.375,
              "y": 1.75
            },
            "velocity": {
              "vx": 24.5,
              "vy": 0.0
            },
            "acceleration": {
              "ax": 3.0,
              "ay": 0.0
            },
            "lane": 0
          }
        },
        {
          "time": 1.6,
          "cartesian": {
            "position": {
              "x": 55.84,
              "y": 1.75
            },
            "velocity": {
              "vx": 24.8,
              "vy": 0.0
            },
            "acceleration": {
              "ax": 3.0,
              "ay": 0.0
            },
            "lane": 0
          }
        },
        {
          "time": 1.7000000000000002,
          "cartesian": {
            "position": {
              "x": 58.335,
              "y": 1.75
            },
            "velocity": {
              "vx": 25.1,
              "vy": 0.0
            },
            "acceleration": {
              "ax": 3.0,
              "ay": 0.0
            },
            "lane": 0
          }
        },
        {
          "time": 1.8,
          "cartesian": {
            "position": {
              "x": 60.86,
              "y": 1.75
            },
            "velocity": {
              "vx": 25.4,
              "vy": 0.0
            },
            "acceleration": {
              "ax": 3.0,
              "ay": 0.0
            },
            "lane": 0
          }
        },
        {
          "time": 1.9000000000000001,
          "cartesian": {
            "position": {
              "x": 63.415,
              "y": 1.75
            },
            "velocity": {
              "vx": 25.7,
              "vy": 0.0
            },
            "acceleration": {
              "ax": 3.0,
              "ay": 0.0
            },
            "lane": 0
          }
        },
        {
          "time": 2.0,
          "cartesian": {
            "position": {
              "x": 66.0,
              "y": 1.75
            },
            "velocity": {
              "vx": 26.0,
              "vy": 0.0
            },
            "acceleration": {
              "ax": 3.0,
              "ay": 0.0
            },
            "lane": 0
          }
        },
        {
          "time": 2.1,
          "cartesian": {
            "position": {
              "x": 68.615,
              "y": 1.75
            },
            "velocity": {
              "vx": 26.3,
              "vy": 0.0
            },
            "acceleration": {
              "ax": 3.0,
              "ay": 0.0
            },
            "lane": 0
          }
        },
        {
          "time": 2.2,
          "cartesian": {
            "position": {
              "x": 71.26,
              "y": 1.75
            },
            "velocity": {
              "vx": 26.6,
              "vy": 0.0
            },
            "acceleration": {
              "ax": 3.0,
              "ay": 0.0
            },
            "lane": 0
          }
        },
        {
          "time": 2.3000000000000003,
          "cartesian": {
            "position": {
              "x": 73.935,
              "y": 1.75
            },
            "velocity": {
              "vx": 26.9,
              "vy": 2.0
            },
            "acceleration": {
              "ax": 3.0,
              "ay": 0.0
            },
            "lane": 0
          }
        },
        {
          "time": 2.4000000000000004,
          "cartesian": {
            "position": {
              "x": 76.64,
              "y": 1.95
            },
            "velocity": {
              "vx": 27.2,
              "vy": 2.0
            },
            "acceleration": {
              "ax": 3.0,
              "ay": 0.0
            },
            "lane": 0
          }
        },
        {
          "time": 2.5,
          "cartesian": {
            "position": {
              "x": 79.375,
              "y": 2.15
            },
            "velocity": {
              "vx": 27.5,
              "vy": 2.0
            },
            "acceleration": {
              "ax": 3.0,
              "ay": 0.0
            },
            "lane": 0
          }
        },
        {
          "time": 2.6,
          "cartesian": {
            "position": {
              "x": 82.14,
              "y": 2.35
            },
            "velocity": {
              "vx": 27.8,
              "vy": 2.0
            },
            "acceleration": {
              "ax": 3.0,
              "ay": 0.0
            },
            "lane": 0
          }
        },
        {
          "time": 2.7,
          "cartesian": {
            "position": {
              "x": 84.935,
              "y": 2.55
            },
            "velocity": {
              "vx": 28.1,
              "vy": 2.0
            },
            "acceleration": {
              "ax": 3.0,
              "ay": 0.0
            },
            "lane": 0
          }
        },
        {
          "time": 2.8000000000000003,
          "cartesian": {
            "position": {
              "x": 87.76,
              "y": 2.75
            },
            "velocity": {
              "vx": 28.4,
              "vy": 2.0
            },
            "acceleration": {
              "ax": 3.0,
              "ay": 0.0
            },
            "lane": 0
          }
        },
        {
          "time": 2.9000000000000004,
          "cartesian": {
            "position": {
              "x": 90.615,
              "y": 2.95
            },
            "velocity": {
              "vx": 28.7,
              "vy": 2.0
            },
            "acceleration": {
              "ax": 3.0,
              "ay": 0.0
            },
            "lane": 0
          }
        },
        {
          "time": 3.0,
          "cartesian": {
            "position": {
              "x": 93.5,
              "y": 3.15
            },
            "velocity": {
              "vx": 29.0,
              "vy": 2.0
            },
            "acceleration": {
              "ax": 3.0,
              "ay": 0.0
            },
            "lane": 0
          }
        },
        {
          "time": 3.1,
          "cartesian": {
            "position": {
              "x": 96.415,
              "y": 3.35
            },
            "velocity": {
              "vx": 29.3,
              "vy": 2.0
            },
            "acceleration": {
              "ax": 3.0,
              "ay": 0.0
            },
            "lane": 0
          }
        },
        {
          "time": 3.2,
          "cartesian": {
            "position": {
              "x": 99.36,
              "y": 3.55
            },
            "velocity": {
              "vx": 29.6,
              "vy": -2.0
            },
            "acceleration": {
              "ax": 3.0,
              "ay": 0.0
            },
            "lane": 0
          }
        },
        {
          "time": 3.3000000000000003,
          "cartesian": {
            "position": {
              "x": 102.335,
              "y": 3.35
            },
            "velocity": {
              "vx": 29.9,
              "vy": 2.0
            },
            "acceleration": {
              "ax": 3.0,
              "ay": 0.0
            },
            "lane": 0
          }
        },
        {
          "time": 3.4000000000000004,
          "cartesian": {
            "position": {
              "x": 105.34,
              "y": 3.55
            },
            "velocity": {
              "vx": 30.2,
              "vy": 2.0
            },
            "acceleration": {
              "ax": 3.0,
              "ay": 0.0
            },
            "lane": 0
          }
        },
        {
          "time": 3.5,
          "cartesian": {
            "position": {
              "x": 108.375,
              "y": 3.75
            },
            "velocity": {
              "vx": 30.5,
              "vy": 2.0
            },
            "acceleration": {
              "ax": 3.0,
              "ay": 0.0
            },
            "lane": 0
          }
        },
        {
          "time": 3.6,
          "cartesian": {
            "position": {
              "x": 111.44,
              "y": 3.95
            },
            "velocity": {
              "vx": 30.8,
              "vy": 2.0
            },
            "acceleration": {
              "ax": 3.0,
              "ay": 0.0
            },
            "lane": 0
          }
        },
        {
          "time": 3.7,
          "cartesian": {
            "position": {
              "x": 114.535,
              "y": 4.15
            },
            "velocity": {
              "vx": 31.1,
              "vy": 2.0
            },
            "acceleration": {
              "ax": 1.0,
              "ay": 0.0
            },
            "lane": 0
          }
        },
        {
          "time": 3.8000000000000003,
          "cartesian": {
            "position": {
              "x": 117.65,
              "y": 4.35
            },
            "velocity": {
              "vx": 31.2,
              "vy": 2.0
            },
            "acceleration": {
              "ax": -8.0,
              "ay": 0.0
            },
            "lane": 0
          }
        },
        {
          "time": 3.9000000000000004,
          "cartesian": {
            "position": {
              "x": 120.73,
              "y": 4.55
            },
            "velocity": {
              "vx": 30.4,
              "vy": 2.0
            },
            "acceleration": {
              "ax": -8.0,
              "ay": 0.0
            },
            "lane": 0
          }
        },
        {
          "time": 4.0,
          "cartesian": {
            "position": {
              "x": 123.73,
              "y": 4.75
            },
            "velocity": {
              "vx": 29.6,
              "vy": 2.0
            },
            "acceleration": {
              "ax": -8.0,
              "ay": 0.0
            },
            "lane": 0
          }
        },
        {
          "time": 4.1000000000000005,
          "cartesian": {
            "position": {
              "x": 126.65,
              "y": 4.95
            },
            "velocity": {
              "vx": 28.8,
              "vy": -2.0
            },
            "acceleration": {
              "ax": -8.0,
              "ay": 0.0
            },
            "lane": 0
          }
        },
        {
          "time": 4.2,
          "cartesian": {
            "position": {
              "x": 129.49,
              "y": 4.75
            },
            "velocity": {
              "vx": 28.0,
              "vy": 2.0
            },
            "acceleration": {
              "ax": -8.0,
              "ay": 0.0
            },
            "lane": 0
          }
        },
        {
          "time": 4.3,
          "cartesian": {
            "position": {
              "x": 132.25,
              "y": 4.95
            },
            "velocity": {
              "vx": 27.2,
              "vy": -2.0
            },
            "acceleration": {
              "ax": -8.0,
              "ay": 0.0
            },
            "lane": 0
          }
        },
        {
          "time": 4.4,
          "cartesian": {
            "position": {
              "x": 134.93,
              "y": 4.75
            },
            "velocity": {
              "vx": 26.4,
              "vy": 2.0
            },
            "acceleration": {
              "ax": -8.0,
              "ay": 0.0
            },
            "lane": 0
          }
        },
        {
          "time": 4.5,
          "cartesian": {
            "position": {
              "x": 137.53,
              "y": 4.95
            },
            "velocity": {
              "vx": 25.6,
              "vy": -2.0
            },
            "acceleration": {
              "ax": -8.0,
              "ay": 0.0
            },
            "lane": 0
          }
        },
        {
          "time": 4.6000000000000005,
          "cartesian": {
            "position": {
              "x": 140.05,
              "y": 4.75
            },
            "velocity": {
              "vx": 24.8,
              "vy": -2.0
            },
            "acceleration": {
              "ax": -8.0,
              "ay": 0.0
            },
            "lane": 0
          }
        },
        {
          "time": 4.7,
          "cartesian": {
            "position": {
              "x": 142.49,
              "y": 4.55
            },
            "velocity": {
              "vx": 24.0,
              "vy": 2.0
            },
            "acceleration": {
              "ax": -8.0,
              "ay": 0.0
            },
            "lane": 0
          }
        },
        {
          "time": 4.800000000000001,
          "cartesian": {
            "position": {
              "x": 144.85,
              "y": 4.75
            },
            "velocity": {
              "vx": 23.2,
              "vy": -2.0
            },
            "acceleration": {
              "ax": -8.0,
              "ay": 0.0
            },
            "lane": 0
          }
        },
        {
          "time": 4.9,
          "cartesian": {
            "position": {
              "x": 147.13,
              "y": 4.55
            },
            "velocity": {
              "vx": 22.4,
              "vy": -1.0
            },
            "acceleration": {
              "ax": -8.0,
              "ay": 0.0
            },
            "lane": 0
          }
        },
        {
          "time": 5.0,
          "cartesian": {
            "position": {
              "x": 149.33,
              "y": 4.45
            },
            "velocity": {
              "vx": 21.6,
              "vy": -2.0
            },
            "acceleration": {
              "ax": -8.0,
              "ay": 0.0
            },
            "lane": 0
          }
        },
        {
          "time": 5.1000000000000005,
          "cartesian": {
            "position": {
              "x": 151.45,
              "y": 4.25
            },
            "velocity": {
              "vx": 20.8,
              "vy": 2.0
            },
            "acceleration": {
              "ax": -8.0,
              "ay": 0.0
            },
            "lane": 0
          }
        },
        {
          "time": 5.2,
          "cartesian": {
            "position": {
              "x": 153.49,
              "y": 4.45
            },
            "velocity": {
              "vx": 20.0,
              "vy": 2.0
            },
            "acceleration": {
              "ax": -8.0,
              "ay": 0.0
            },
            "lane": 0
          }
        },
        {
          "time": 5.300000000000001,
          "cartesian": {
            "position": {
              "x": 155.45,
              "y": 4.65
            },
            "velocity": {
              "vx": 19.2,
              "vy": 2.0
            },
            "acceleration": {
              "ax": -8.0,
              "ay": 0.0
            },
            "lane": 0
          }
        },
        {
          "time": 5.4,
          "cartesian": {
            "position": {
              "x": 157.33,
              "y": 4.85
            },
            "velocity": {
              "vx": 18.4,
              "vy": -2.0
            },
            "acceleration": {
              "ax": -8.0,
              "ay": 0.0
            },
            "lane": 0
          }
        },
        {
          "time": 5.5,
          "cartesian": {
            "position": {
              "x": 159.13,
              "y": 4.65
            },
            "velocity": {
              "vx": 17.6,
              "vy": 2.0
            },
            "acceleration": {
              "ax": -8.0,
              "ay": 0.0
            },
            "lane": 0
          }
        },
        {
          "time": 5.6000000000000005,
          "cartesian": {
            "position": {
              "x": 160.85,
              "y": 4.85
            },
            "velocity": {
              "vx": 16.8,
              "vy": -2.0
            },
            "acceleration": {
              "ax": -8.0,
              "ay": 0.0
            },
            "lane": 0
          }
        },
        {
          "time": 5.7,
          "cartesian": {
            "position": {
              "x": 162.49,
              "y": 4.65
            },
            "velocity": {
              "vx": 16.0,
              "vy": 2.0
            },
            "acceleration": {
              "ax": -8.0,
              "ay": 0.0
            },
            "lane": 0
          }
        },
        {
          "time": 5.800000000000001,
          "cartesian": {
            "position": {
              "x": 164.05,
              "y": 4.85
            },
            "velocity": {
              "vx": 15.2,
              "vy": 2.0
            },
            "acceleration": {
              "ax": -8.0,
              "ay": 0.0
            },
            "lane": 0
          }
        },
        {
          "time": 5.9,
          "cartesian": {
            "position": {
              "x": 165.53,
              "y": 5.05
            },
            "velocity": {
              "vx": 14.4,
              "vy": 2.0
            },
            "acceleration": {
              "ax": -8.0,
              "ay": 0.0
            },
            "lane": 1
          }
        },
        {
          "time": 6.0,
          "cartesian": {
            "position": {
              "x": 166.93,
              "y": 5.25
            },
            "velocity": {
              "vx": 13.6,
              "vy": 0.0
            },
            "acceleration": {
              "ax": -8.0,
              "ay": 0.0
            },
            "lane": 1
          }
        },
        {
          "time": 6.1000000000000005,
          "cartesian": {
            "position": {
              "x": 168.25,
              "y": 5.25
            },
            "velocity": {
              "vx": 12.8,
              "vy": 0.0
            },
            "acceleration": {
              "ax": -8.0,
              "ay": 0.0
            },
            "lane": 1
          }
        },
        {
          "time": 6.2,
          "cartesian": {
            "position": {
              "x": 169.49,
              "y": 5.25
            },
            "velocity": {
              "vx": 12.0,
              "vy": 0.0
            },
            "acceleration": {
              "ax": -8.0,
              "ay": 0.0
            },
            "lane": 1
          }
        },
        {
          "time": 6.300000000000001,
          "cartesian": {
            "position": {
              "x": 170.65,
              "y": 5.25
            },
            "velocity": {
              "vx": 11.2,
              "vy": 0.0
            },
            "acceleration": {
              "ax": -8.0,
              "ay": 0.0
            },
            "lane": 1
          }
        },
        {
          "time": 6.4,
          "cartesian": {
            "position": {
              "x": 171.73,
              "y": 5.25
            },
            "velocity": {
              "vx": 10.4,
              "vy": 0.0
            },
            "acceleration": {
              "ax": -8.0,
              "ay": 0.0
            },
            "lane": 1
          }
        },
        {
          "time": 6.5,
          "cartesian": {
            "position": {
              "x": 172.73,
              "y": 5.25
            },
            "velocity": {
              "vx": 9.6,
              "vy": 0.0
            },
            "acceleration": {
              "ax": -8.0,
              "ay": 0.0
            },
            "lane": 1
          }
        },
        {
          "time": 6.6000000000000005,
          "cartesian": {
            "position": {
              "x": 173.65,
              "y": 5.25
            },
            "velocity": {
              "vx": 8.8,
              "vy": 0.0
            },
            "acceleration": {
              "ax": -8.0,
              "ay": 0.0
            },
            "lane": 1
          }
        },
        {
          "time": 6.7,
          "cartesian": {
            "position": {
              "x": 174.49,
              "y": 5.25
            },
            "velocity": {
              "vx": 8.0,
              "vy": 0.0
            },
            "acceleration": {
              "ax": -8.0,
              "ay": 0.0
            },
            "lane": 1
          }
        },
        {
          "time": 6.800000000000001,
          "cartesian": {
            "position": {
              "x": 175.25,
              "y": 5.25
            },
            "velocity": {
              "vx": 7.2,
              "vy": 0.0
            },
            "acceleration": {
              "ax": -8.0,
              "ay": 0.0
            },
            "lane": 1
          }
        },
        {
          "time": 6.9,
          "cartesian": {
            "position": {
              "x": 175.93,
              "y": 5.25
            },
            "velocity": {
              "vx": 6.4,
              "vy": 0.0
            },
            "acceleration": {
              "ax": -8.0,
              "ay": 0.0
            },
            "lane": 1
          }
        },
        {
          "time": 7.0,
          "cartesian": {
            "position": {
              "x": 176.53,
              "y": 5.25
            },
            "velocity": {
              "vx": 5.6,
              "vy": 0.0
            },
            "acceleration": {
              "ax": -8.0,
              "ay": 0.0
            },
            "lane": 1
          }
        },
        {
          "time": 7.1000000000000005,
          "cartesian": {
            "position": {
              "x": 177.05,
              "y": 5.25
            },
            "velocity": {
              "vx": 4.8,
              "vy": 0.0
            },
            "acceleration": {
              "ax": -8.0,
              "ay": 0.0
            },
            "lane": 1
          }
        },
        {
          "time": 7.2,
          "cartesian": {
            "position": {
              "x": 177.49,
              "y": 5.25
            },
            "velocity": {
              "vx": 4.0,
              "vy": 0.0
            },
            "acceleration": {
              "ax": -8.0,
              "ay": 0.0
            },
            "lane": 1
          }
        },
        {
          "time": 7.300000000000001,
          "cartesian": {
            "position": {
              "x": 177.85,
              "y": 5.25
            },
            "velocity": {
              "vx": 3.2,
              "vy": 0.0
            },
            "acceleration": {
              "ax": -8.0,
              "ay": 0.0
            },
            "lane": 1
          }
        },
        {
          "time": 7.4,
          "cartesian": {
            "position": {
              "x": 178.13,
              "y": 5.25
            },
            "velocity": {
              "vx": 2.4,
              "vy": 0.0
            },
            "acceleration": {
              "ax": -8.0,
              "ay": 0.0
            },
            "lane": 1
          }
        },
        {
          "time": 7.5,
          "cartesian": {
            "position": {
              "x": 178.33,
              "y": 5.25
            },
            "velocity": {
              "vx": 1.6,
              "vy": 0.0
            },
            "acceleration": {
              "ax": -8.0,
              "ay": 0.0
            },
            "lane": 1
          }
        },
        {
          "time": 7.6000000000000005,
          "cartesian": {
            "position": {
              "x": 178.45,
              "y": 5.25
            },
            "velocity": {
              "vx": 0.8,
              "vy": 0.0
            },
            "acceleration": {
              "ax": -8.0,
              "ay": 0.0
            },
            "lane": 1
          }
        },
        {
          "time": 7.7,
          "cartesian": {
            "position": {
              "x": 178.49,
              "y": 5.25
            },
            "velocity": {
              "vx": 0.0,
              "vy": 0.0
            },
            "acceleration": {
              "ax": 0.0,
              "ay": 0.0
            },
            "lane": 1
          }
        },
        {
          "time": 7.800000000000001,
          "cartesian": {
            "position": {
              "x": 178.49,
              "y": 5.25
            },
            "velocity": {
              "vx": 0.0,
              "vy": 0.0
            },
            "acceleration": {
              "ax": 0.0,
              "ay": 0.0
            },
            "lane": 1
          }
        },
        {
          "time": 7.9,
          "cartesian": {
            "position": {
              "x": 178.49,
              "y": 5.25
            },
            "velocity": {
              "vx": 0.0,
              "vy": 0.0
            },
            "acceleration": {
              "ax": 0.0,
              "ay": 0.0
            },
            "lane": 1
          }
        },
        {
          "time": 8.0,
          "cartesian": {
            "position": {
              "x": 178.49,
              "y": 5.25
            },
            "velocity": {
              "vx": 0.0,
              "vy": 0.0
            },
            "acceleration": {
              "ax": 0.0,
              "ay": 0.0
            },
            "lane": 1
          }
        },
        {
          "time": 8.1,
          "cartesian": {
            "position": {
              "x": 178.49,
              "y": 5.25
            },
            "velocity": {
              "vx": 0.0,
              "vy": 0.0
            },
            "acceleration": {
              "ax": 0.0,
              "ay": 0.0
            },
            "lane": 1
          }
        },
        {
          "time": 8.200000000000001,
          "cartesian": {
            "position": {
              "x": 178.49,
              "y": 5.25
            },
            "velocity": {
              "vx": 0.0,
              "vy": 0.0
            },
            "acceleration": {
              "ax": 0.0,
              "ay": 0.0
            },
            "lane": 1
          }
        },
        {
          "time": 8.3,
          "cartesian": {
            "position": {
              "x": 178.49,
              "y": 5.25
            },
            "velocity": {
              "vx": 0.0,
              "vy": 0.0
            },
            "acceleration": {
              "ax": 0.0,
              "ay": 0.0
            },
            "lane": 1
          }
        },
        {
          "time": 8.4,
          "cartesian": {
            "position": {
              "x": 178.49,
              "y": 5.25
            },
            "velocity": {
              "vx": 0.0,
              "vy": 0.0
            },
            "acceleration": {
              "ax": 0.0,
              "ay": 0.0
            },
            "lane": 1
          }
        },
        {
          "time": 8.5,
          "cartesian": {
            "position": {
              "x": 178.49,
              "y": 5.25
            },
            "velocity": {
              "vx": 0.0,
              "vy": 0.0
            },
            "acceleration": {
              "ax": 0.0,
              "ay": 0.0
            },
            "lane": 1
          }
        },
        {
          "time": 8.6,
          "cartesian": {
            "position": {
              "x": 178.49,
              "y": 5.25
            },
            "velocity": {
              "vx": 0.0,
              "vy": 0.0
            },
            "acceleration": {
              "ax": 0.0,
              "ay": 0.0
            },
            "lane": 1
          }
        },
        {
          "time": 8.700000000000001,
          "cartesian": {
            "position": {
              "x": 178.49,
              "y": 5.25
            },
            "velocity": {
              "vx": 0.0,
              "vy": 0.0
            },
            "acceleration": {
              "ax": 0.0,
              "ay": 0.0
            },
            "lane": 1
          }
        },
        {
          "time": 8.8,
          "cartesian": {
            "position": {
              "x": 178.49,
              "y": 5.25
            },
            "velocity": {
              "vx": 0.0,
              "vy": 0.0
            },
            "acceleration": {
              "ax": 0.0,
              "ay": 0.0
            },
            "lane": 1
          }
        },
        {
          "time": 8.9,
          "cartesian": {
            "position": {
              "x": 178.49,
              "y": 5.25
            },
            "velocity": {
              "vx": 0.0,
              "vy": 0.0
            },
            "acceleration": {
              "ax": 0.0,
              "ay": 0.0
            },
            "lane": 1
          }
        },
        {
          "time": 9.0,
          "cartesian": {
            "position": {
              "x": 178.49,
              "y": 5.25
            },
            "velocity": {
              "vx": 0.0,
              "vy": 0.0
            },
            "acceleration": {
              "ax": 0.0,
              "ay": 0.0
            },
            "lane": 1
          }
        },
        {
          "time": 9.1,
          "cartesian": {
            "position": {
              "x": 178.49,
              "y": 5.25
            },
            "velocity": {
              "vx": 0.0,
              "vy": 0.0
            },
            "acceleration": {
              "ax": 0.0,
              "ay": 0.0
            },
            "lane": 1
          }
        },
        {
          "time": 9.200000000000001,
          "cartesian": {
            "position": {
              "x": 178.49,
              "y": 5.25
            },
            "velocity": {
              "vx": 0.0,
              "vy": 0.0
            },
            "acceleration": {
              "ax": 0.0,
              "ay": 0.0
            },
            "lane": 1
          }
        },
        {
          "time": 9.3,
          "cartesian": {
            "position": {
              "x": 178.49,
              "y": 5.25
            },
            "velocity": {
              "vx": 0.0,
              "vy": 0.0
            },
            "acceleration": {
              "ax": 0.0,
              "ay": 0.0
            },
            "lane": 1
          }
        },
        {
          "time": 9.4,
          "cartesian": {
            "position": {
              "x": 178.49,
              "y": 5.25
            },
            "velocity": {
              "vx": 0.0,
              "vy": 0.0
            },
            "acceleration": {
              "ax": 0.0,
              "ay": 0.0
            },
            "lane": 1
          }
        },
        {
          "time": 9.5,
          "cartesian": {
            "position": {
              "x": 178.49,
              "y": 5.25
            },
            "velocity": {
              "vx": 0.0,
              "vy": 0.0
            },
            "acceleration": {
              "ax": 0.0,
              "ay": 0.0
            },
            "lane": 1
          }
        },
        {
          "time": 9.600000000000001,
          "cartesian": {
            "position": {
              "x": 178.49,
              "y": 5.25
            },
            "velocity": {
              "vx": 0.0,
              "vy": 0.0
            },
            "acceleration": {
              "ax": 0.0,
              "ay": 0.0
            },
            "lane": 1
          }
        },
        {
          "time": 9.700000000000001,
          "cartesian": {
            "position": {
              "x": 178.49,
              "y": 5.25
            },
            "velocity": {
              "vx": 0.0,
              "vy": 0.0
            },
            "acceleration": {
              "ax": 0.0,
              "ay": 0.0
            },
            "lane": 1
          }
        },
        {
          "time": 9.8,
          "cartesian": {
            "position": {
              "x": 178.49,
              "y": 5.25
            },
            "velocity": {
              "vx": 0.0,
              "vy": 0.0
            },
            "acceleration": {
              "ax": 0.0,
              "ay": 0.0
            },
            "lane": 1
          }
        },
        {
          "time": 9.9,
          "cartesian": {
            "position": {
              "x": 178.49,
              "y": 5.25
            },
            "velocity": {
              "vx": 0.0,
              "vy": 0.0
            },
            "acceleration": {
              "ax": 0.0,
              "ay": 0.0
            },
            "lane": 1
          }
        },
        {
          "time": 10.0,
          "cartesian": {
            "position": {
              "x": 178.49,
              "y": 5.25
            },
            "velocity": {
              "vx": 0.0,
              "vy": 0.0
            },
            "acceleration": {
              "ax": 0.0,
              "ay": 0.0
            },
            "lane": 1
          }
        }
      ]
    }
  ],
  "validation": {
    "min_distance": 129.32,
    "all_constraints_satisfied": true,
    "safety_violations": [],
    "max_acceleration": 3.0,
    "max_deceleration": -8.0,
    "acceleration_violations": []
  }
}
