---
source: tests/snapshot_test.rs
expression: json
---
{
  "scenario_id": "[uuid]",
  "scenario_type": "pedestrian_crossing",
  "time_step": 0.3,
  "duration": 10.0,
  "road": {
    "num_lanes": 2,
    "lane_width": 3.5,
    "lane_directions": [
      1,
      1
    ],
    "road_length": 300.0
  },
  "actors": [
    {
      "id": "ego",
      "role": "ego",
      "states": [
        {
          "time": 0.0,
          "cartesian": {
            "position": {
              "x": 0.0,
              "y": 1.75
            },
            "velocity": {
              "vx": 8.0,
              "vy": 0.0
            },
            "acceleration": {
              "ax": -5.0,
              "ay": 0.0
            },
            "lane": 0
          }
        },
        {
          "time": 0.3,
          "cartesian": {
            "position": {
              "x": 2.175,
              "y": 1.75
            },
            "velocity": {
              "vx": 6.5,
              "vy": 0.0
            },
            "acceleration": {
              "ax": -5.0,
              "ay": 0.0
            },
            "lane": 0
          }
        },
        {
          "time": 0.6,
          "cartesian": {
            "position": {
              "x": 3.9,
              "y": 1.75
            },
            "velocity": {
              "vx": 5.0,
              "vy": 0.0
            },
            "acceleration": {
              "ax": -5.0,
              "ay": 0.0
            },
            "lane": 0
          }
        },
        {
          "time": 0.8999999999999999,
          "cartesian": {
            "position": {
              "x": 5.175,
              "y": 1.75
            },
            "velocity": {
              "vx": 3.5,
              "vy": 0.0
            },
            "acceleration": {
              "ax": -5.0,
              "ay": 0.0
            },
            "lane": 0
          }
        },
        {
          "time": 1.2,
          "cartesian": {
            "position": {
              "x": 6.0,
              "y": 1.75
            },
            "velocity": {
              "vx": 2.0,
              "vy": 0.0
            },
            "acceleration": {
              "ax": -5.0,
              "ay": 0.0
            },
            "lane": 0
          }
        },
        {
          "time": 1.5,
          "cartesian": {
            "position": {
              "x": 6.375,
              "y": 1.75
            },
            "velocity": {
              "vx": 0.5,
              "vy": 0.0
            },
            "acceleration": {
              "ax": 2.0,
              "ay": 0.0
            },
            "lane": 0
          }
        },
        {
          "time": 1.7999999999999998,
          "cartesian": {
            "position": {
              "x": 6.615,
              "y": 1.75
            },
            "velocity": {
              "vx": 1.1,
              "vy": 0.0
            },
            "acceleration": {
              "ax": 2.0,
              "ay": 0.0
            },
            "lane": 0
          }
        },
        {
          "time": 2.1,
          "cartesian": {
            "position": {
              "x": 7.035,
              "y": 1.75
            },
            "velocity": {
              "vx": 1.7,
              "vy": 0.0
            },
            "acceleration": {
              "ax": 2.0,
              "ay": 0.0
            },
            "lane": 0
          }
        },
        {
          "time": 2.4,
          "cartesian": {
            "position": {
              "x": 7.635,
              "y": 1.75
            },
            "velocity": {
              "vx": 2.3,
              "vy": 0.0
            },
            "acceleration": {
              "ax": 2.0,
              "ay": 0.0
            },
            "lane": 0
          }
        },
        {
          "time": 2.6999999999999997,
          "cartesian": {
            "position": {
              "x": 8.415,
              "y": 1.75
            },
            "velocity": {
              "vx": 2.9,
              "vy": 0.0
            },
            "acceleration": {
              "ax": 2.0,
              "ay": 0.0
            },
            "lane": 0
          }
        },
        {
          "time": 3.0,
          "cartesian": {
            "position": {
              "x": 9.375,
              "y": 1.75
            },
            "velocity": {
              "vx": 3.5,
              "vy": 0.0
            },
            "acceleration": {
              "ax": 2.0,
              "ay": 0.0
            },
            "lane": 0
          }
        },
        {
          "time": 3.3,
          "cartesian": {
            "position": {
              "x": 10.515,
              "y": 1.75
            },
            "velocity": {
              "vx": 4.1,
              "vy": 0.0
            },
            "acceleration": {
              "ax": 2.0,
              "ay": 0.0
            },
            "lane": 0
          }
        },
        {
          "time": 3.5999999999999996,
          "cartesian": {
            "position": {
              "x": 11.835,
              "y": 1.75
            },
            "velocity": {
              "vx": 4.7,
              "vy": 0.0
            },
            "acceleration": {
              "ax": 2.0,
              "ay": 0.0
            },
            "lane": 0
          }
        },
        {
          "time": 3.9,
          "cartesian": {
            "position": {
              "x": 13.335,
              "y": 1.75
            },
            "velocity": {
              "vx": 5.3,
              "vy": 0.0
            },
            "acceleration": {
              "ax": 2.0,
              "ay": 0.0
            },
            "lane": 0
          }
        },
        {
          "time": 4.2,
          "cartesian": {
            "position": {
              "x": 15.015,
              "y": 1.75
            },
            "velocity": {
              "vx": 5.9,
              "vy": 0.0
            },
            "acceleration": {
              "ax": 2.0,
              "ay": 0.0
            },
            "lane": 0
          }
        },
        {
          "time": 4.5,
          "cartesian": {
            "position": {
              "x": 16.875,
              "y": 1.75
            },
            "velocity": {
              "vx": 6.5,
              "vy": 0.0
            },
            "acceleration": {
              "ax": 2.0,
              "ay": 0.0
            },
            "lane": 0
          }
        },
        {
          "time": 4.8,
          "cartesian": {
            "position": {
              "x": 18.915,
              "y": 1.75
            },
            "velocity": {
              "vx": 7.1,
              "vy": 0.0
            },
            "acceleration": {
              "ax": 2.0,
              "ay": 0.0
            },
            "lane": 0
          }
        },
        {
          "time": 5.1,
          "cartesian": {
            "position": {
              "x": 21.135,
              "y": 1.75
            },
            "velocity": {
              "vx": 7.7,
              "vy": 0.0
            },
            "acceleration": {
              "ax": 2.0,
              "ay": 0.0
            },
            "lane": 0
          }
        },
        {
          "time": 5.3999999999999995,
          "cartesian": {
            "position": {
              "x": 23.535,
              "y": 1.75
            },
            "velocity": {
              "vx": 8.3,
              "vy": 0.0
            },
            "acceleration": {
              "ax": 2.0,
              "ay": 0.0
            },
            "lane": 0
          }
        },
        {
          "time": 5.7,
          "cartesian": {
            "position": {
              "x": 26.115,
              "y": 1.75
            },
            "velocity": {
              "vx": 8.9,
              "vy": 0.0
            },
            "acceleration": {
              "ax": 2.0,
              "ay": 0.0
            },
            "lane": 0
          }
        },
        {
          "time": 6.0,
          "cartesian": {
            "position": {
              "x": 28.875,
              "y": 1.75
            },
            "velocity": {
              "vx": 9.5,
              "vy": 0.0
            },
            "acceleration": {
              "ax": 2.0,
              "ay": 0.0
            },
            "lane": 0
          }
        },
        {
          "time": 6.3,
          "cartesian": {
            "position": {
              "x": 31.815,
              "y": 1.75
            },
            "velocity": {
              "vx": 10.1,
              "vy": 0.0
            },
            "acceleration": {
              "ax": 2.0,
              "ay": 0.0
            },
            "lane": 0
          }
        },
        {
          "time": 6.6,
          "cartesian": {
            "position": {
              "x": 34.935,
              "y": 1.75
            },
            "velocity": {
              "vx": 10.7,
              "vy": 0.0
            },
            "acceleration": {
              "ax": 2.0,
              "ay": 0.0
            },
            "lane": 0
          }
        },
        {
          "time": 6.8999999999999995,
          "cartesian": {
            "position": {
              "x": 38.235,
              "y": 1.75
            },
            "velocity": {
              "vx": 11.3,
              "vy": 0.0
            },
            "acceleration": {
              "ax": -5.0,
              "ay": 0.0
            },
            "lane": 0
          }
        },
        {
          "time": 7.199999999999999,
          "cartesian": {
            "position": {
              "x": 41.4,
              "y": 1.75
            },
            "velocity": {
              "vx": 9.8,
              "vy": 0.0
            },
            "acceleration": {
              "ax": -5.0,
              "ay": 0.0
            },
            "lane": 0
          }
        },
        {
          "time": 7.5,
          "cartesian": {
            "position": {
              "x": 44.115,
              "y": 1.75
            },
            "velocity": {
              "vx": 8.3,
              "vy": 0.0
            },
            "acceleration": {
              "ax": -5.0,
              "ay": 0.0
            },
            "lane": 0
          }
        },
        {
          "time": 7.8,
          "cartesian": {
            "position": {
              "x": 46.38,
              "y": 1.75
            },
            "velocity": {
              "vx": 6.8,
              "vy": 0.0
            },
            "acceleration": {
              "ax": -5.0,
              "ay": 0.0
            },
            "lane": 0
          }
        },
        {
          "time": 8.1,
          "cartesian": {
            "position": {
              "x": 48.195,
              "y": 1.75
            },
            "velocity": {
              "vx": 5.3,
              "vy": 0.0
            },
            "acceleration": {
              "ax": -5.0,
              "ay": 0.0
            },
            "lane": 0
          }
        },
        {
          "time": 8.4,
          "cartesian": {
            "position": {
              "x": 49.56,
              "y": 1.75
            },
            "velocity": {
              "vx": 3.8,
              "vy": 0.0
            },
            "acceleration": {
              "ax": -5.0,
              "ay": 0.0
            },
            "lane": 0
          }
        },
        {
          "time": 8.7,
          "cartesian": {
            "position": {
              "x": 50.475,
              "y": 1.75
            },
            "velocity": {
              "vx": 2.3,
              "vy": 0.0
            },
            "acceleration": {
              "ax": -5.0,
              "ay": 0.0
            },
            "lane": 0
          }
        },
        {
          "time": 9.0,
          "cartesian": {
            "position": {
              "x": 50.94,
              "y": 1.75
            },
            "velocity": {
              "vx": 0.8,
              "vy": 0.0
            },
            "acceleration": {
              "ax": -2.6666666666666665,
              "ay": 0.0
            },
            "lane": 0
          }
        },
        {
          "time": 9.299999999999999,
          "cartesian": {
            "position": {
              "x": 51.06,
              "y": 1.75
            },
            "velocity": {
              "vx": 0.0,
              "vy": 0.0
            },
            "acceleration": {
              "ax": 0.0,
              "ay": 0.0
            },
            "lane": 0
          }
        },
        {
          "time": 9.6,
          "cartesian": {
            "position": {
              "x": 51.06,
              "y": 1.75
            },
            "velocity": {
              "vx": 0.0,
              "vy": 0.0
            },
            "acceleration": {
              "ax": 0.0,
              "ay": 0.0
            },
            "lane": 0
          }
        },
        {
          "time": 9.9,
          "cartesian": {
            "position": {
              "x": 51.06,
              "y": 1.75
            },
            "velocity": {
              "vx": 0.0,
              "vy": 0.0
            },
            "acceleration": {
              "ax": 0.0,
              "ay": 0.0
            },
            "lane": 0
          }
        },
        {
          "time": 10.2,
          "cartesian": {
            "position": {
              "x": 51.06,
              "y": 1.75
            },
            "velocity": {
              "vx": 0.0,
              "vy": 0.0
            },
            "acceleration": {
              "ax": 0.0,
              "ay": 0.0
            },
            "lane": 0
          }
        }
      ]
    },
    {
      "id": "pedestrian",
      "role": "pedestrian",
      "states": [
        {
          "time": 0.0,
          "cartesian": {
            "position": {
              "x": 10.0,
              "y": 1.75
            },
            "velocity": {
              "vx": 0.8,
              "vy": 2.0
            },
            "acceleration": {
              "ax": -1.0,
              "ay": 0.0
            },
            "lane": 0
          }
        },
        {
          "time": 0.3,
          "cartesian": {
            "position": {
              "x": 10.195,
              "y": 2.35
            },
            "velocity": {
              "vx": 0.5,
              "vy": 2.0
            },
            "acceleration": {
              "ax": -1.0,
              "ay": 0.0
            },
            "lane": 0
          }
        },
        {
          "time": 0.6,
          "cartesian": {
            "position": {
              "x": 10.3,
              "y": 2.95
            },
            "velocity": {
              "vx": 0.2,
              "vy": 2.0
            },
            "acceleration": {
              "ax": -0.6666666666666666,
              "ay": 0.0
            },
            "lane": 0
          }
        },
        {
          "time": 0.8999999999999999,
          "cartesian": {
            "position": {
              "x": 10.33,
              "y": 3.55
            },
            "velocity": {
              "vx": 0.0,
              "vy": 2.0
            },
            "acceleration": {
              "ax": 0.0,
              "ay": 0.0
            },
            "lane": 0
          }
        },
        {
          "time": 1.2,
          "cartesian": {
            "position": {
              "x": 10.33,
              "y": 4.15
            },
            "velocity": {
              "vx": 0.0,
              "vy": 2.0
            },
            "acceleration": {
              "ax": 0.0,
              "ay": 0.0
            },
            "lane": 0
          }
        },
        {
          "time": 1.5,
          "cartesian": {
            "position": {
              "x": 10.33,
              "y": 4.75
            },
            "velocity": {
              "vx": 0.0,
              "vy": 2.0
            },
            "acceleration": {
              "ax": 0.0,
              "ay": 0.0
            },
            "lane": 0
          }
        },
        {
          "time": 1.7999999999999998,
          "cartesian": {
            "position": {
              "x": 10.33,
              "y": 5.35
            },
            "velocity": {
              "vx": 0.0,
              "vy": 2.0
            },
            "acceleration": {
              "ax": 0.0,
              "ay": 0.0
            },
            "lane": 0
          }
        },
        {
          "time": 2.1,
          "cartesian": {
            "position": {
              "x": 10.33,
              "y": 5.95
            },
            "velocity": {
              "vx": 0.0,
              "vy": 2.0
            },
            "acceleration": {
              "ax": 0.0,
              "ay": 0.0
            },
            "lane": 0
          }
        },
        {
          "time": 2.4,
          "cartesian": {
            "position": {
              "x": 10.33,
              "y": 6.55
            },
            "velocity": {
              "vx": 0.0,
              "vy": 2.0
            },
            "acceleration": {
              "ax": 0.0,
              "ay": -1.0
            },
            "lane": 0
          }
        },
        {
          "time": 2.6999999999999997,
          "cartesian": {
            "position": {
              "x": 10.33,
              "y": 7.105
            },
            "velocity": {
              "vx": 0.0,
              "vy": 1.7
            },
            "acceleration": {
              "ax": 0.0,
              "ay": -1.0
            },
            "lane": 0
          }
        },
        {
          "time": 3.0,
          "cartesian": {
            "position": {
              "x": 10.33,
              "y": 7.57
            },
            "velocity": {
              "vx": 0.0,
              "vy": 1.4
            },
            "acceleration": {
              "ax": 0.0,
              "ay": -1.0
            },
            "lane": 0
          }
        },
        {
          "time": 3.3,
          "cartesian": {
            "position": {
              "x": 10.33,
              "y": 7.945
            },
            "velocity": {
              "vx": 0.0,
              "vy": 1.1
            },
            "acceleration": {
              "ax": 0.0,
              "ay": -1.0
            },
            "lane": 0
          }
        },
        {
          "time": 3.5999999999999996,
          "cartesian": {
            "position": {
              "x": 10.33,
              "y": 8.23
            },
            "velocity": {
              "vx": 0.0,
              "vy": 0.8
            },
            "acceleration": {
              "ax": 0.0,
              "ay": -1.0
            },
            "lane": 0
          }
        },
        {
          "time": 3.9,
          "cartesian": {
            "position": {
              "x": 10.33,
              "y": 8.425
            },
            "velocity": {
              "vx": 0.0,
              "vy": 0.5
            },
            "acceleration": {
              "ax": 0.0,
              "ay": -1.0
            },
            "lane": 0
          }
        },
        {
          "time": 4.2,
          "cartesian": {
            "position": {
              "x": 10.33,
              "y": 8.53
            },
            "velocity": {
              "vx": 0.0,
              "vy": 0.2
            },
            "acceleration": {
              "ax": 0.0,
              "ay": -1.0
            },
            "lane": 0
          }
        },
        {
          "time": 4.5,
          "cartesian": {
            "position": {
              "x": 10.33,
              "y": 8.545
            },
            "velocity": {
              "vx": 0.0,
              "vy": -0.1
            },
            "acceleration": {
              "ax": 0.0,
              "ay": -1.0
            },
            "lane": 0
          }
        },
        {
          "time": 4.8,
          "cartesian": {
            "position": {
              "x": 10.33,
              "y": 8.47
            },
            "velocity": {
              "vx": 0.0,
              "vy": -0.4
            },
            "acceleration": {
              "ax": 0.0,
              "ay": -1.0
            },
            "lane": 0
          }
        },
        {
          "time": 5.1,
          "cartesian": {
            "position": {
              "x": 10.33,
              "y": 8.305
            },
            "velocity": {
              "vx": 0.0,
              "vy": -0.7
            },
            "acceleration": {
              "ax": 0.0,
              "ay": -1.0
            },
            "lane": 0
          }
        },
        {
          "time": 5.3999999999999995,
          "cartesian": {
            "position": {
              "x": 10.33,
              "y": 8.05
            },
            "velocity": {
              "vx": 0.0,
              "vy": -1.0
            },
            "acceleration": {
              "ax": 0.0,
              "ay": 1.0
            },
            "lane": 0
          }
        },
        {
          "time": 5.7,
          "cartesian": {
            "position": {
              "x": 10.33,
              "y": 7.795
            },
            "velocity": {
              "vx": 0.0,
              "vy": -0.7
            },
            "acceleration": {
              "ax": 0.0,
              "ay": 1.0
            },
            "lane": 0
          }
        },
        {
          "time": 6.0,
          "cartesian": {
            "position": {
              "x": 10.33,
              "y": 7.63
            },
            "velocity": {
              "vx": 0.0,
              "vy": -0.4
            },
            "acceleration": {
              "ax": 0.0,
              "ay": 1.0
            },
            "lane": 0
          }
        },
        {
          "time": 6.3,
          "cartesian": {
            "position": {
              "x": 10.33,
              "y": 7.555
            },
            "velocity": {
              "vx": 0.0,
              "vy": -0.1
            },
            "acceleration": {
              "ax": 0.0,
              "ay": 0.3333333333333333
            },
            "lane": 0
          }
        },
        {
          "time": 6.6,
          "cartesian": {
            "position": {
              "x": 10.33,
              "y": 7.54
            },
            "velocity": {
              "vx": 0.0,
              "vy": 0.0
            },
            "acceleration": {
              "ax": 0.0,
              "ay": 0.0
            },
            "lane": 0
          }
        },
        {
          "time": 6.8999999999999995,
          "cartesian": {
            "position": {
              "x": 10.33,
              "y": 7.54
            },
            "velocity": {
              "vx": 0.0,
              "vy": 0.0
            },
            "acceleration": {
              "ax": 0.0,
              "ay": 0.0
            },
            "lane": 0
          }
        },
        {
          "time": 7.199999999999999,
          "cartesian": {
            "position": {
              "x": 10.33,
              "y": 7.54
            },
            "velocity": {
              "vx": 0.0,
              "vy": 0.0
            },
            "acceleration": {
              "ax": 0.0,
              "ay": 0.0
            },
            "lane": 0
          }
        },
        {
          "time": 7.5,
          "cartesian": {
            "position": {
              "x": 10.33,
              "y": 7.54
            },
            "velocity": {
              "vx": 0.0,
              "vy": 0.0
            },
            "acceleration": {
              "ax": 0.0,
              "ay": 0.0
            },
            "lane": 0
          }
        },
        {
          "time": 7.8,
          "cartesian": {
            "position": {
              "x": 10.33,
              "y": 7.54
            },
            "velocity": {
              "vx": 0.0,
              "vy": 0.0
            },
            "acceleration": {
              "ax": 0.0,
              "ay": 0.0
            },
            "lane": 0
          }
        },
        {
          "time": 8.1,
          "cartesian": {
            "position": {
              "x": 10.33,
              "y": 7.54
            },
            "velocity": {
              "vx": 0.0,
              "vy": 0.0
            },
            "acceleration": {
              "ax": 0.0,
              "ay": 0.0
            },
            "lane": 0
          }
        },
        {
          "time": 8.4,
          "cartesian": {
            "position": {
              "x": 10.33,
              "y": 7.54
            },
            "velocity": {
              "vx": 0.0,
              "vy": 0.0
            },
            "acceleration": {
              "ax": 0.0,
              "ay": 0.0
            },
            "lane": 0
          }
        },
        {
          "time": 8.7,
          "cartesian": {
            "position": {
              "x": 10.33,
              "y": 7.54
            },
            "velocity": {
              "vx": 0.0,
              "vy": 0.0
            },
            "acceleration": {
              "ax": 0.0,
              "ay": 0.0
            },
            "lane": 0
          }
        },
        {
          "time": 9.0,
          "cartesian": {
            "position": {
              "x": 10.33,
              "y": 7.54
            },
            "velocity": {
              "vx": 0.0,
              "vy": 0.0
            },
            "acceleration": {
              "ax": 0.0,
              "ay": 0.0
            },
            "lane": 0
          }
        },
        {
          "time": 9.299999999999999,
          "cartesian": {
            "position": {
              "x": 10.33,
              "y": 7.54
            },
            "velocity": {
              "vx": 0.0,
              "vy": 0.0
            },
            "acceleration": {
              "ax": 0.0,
              "ay": 0.0
            },
            "lane": 0
          }
        },
        {
          "time": 9.6,
          "cartesian": {
            "position": {
              "x": 10.33,
              "y": 7.54
            },
            "velocity": {
              "vx": 0.0,
              "vy": 0.0
            },
            "acceleration": {
              "ax": 0.0,
              "ay": 0.0
            },
            "lane": 0
          }
        },
        {
          "time": 9.9,
          "cartesian": {
            "position": {
              "x": 10.33,
              "y": 7.54
            },
            "velocity": {
              "vx": 0.0,
              "vy": 0.0
            },
            "acceleration": {
              "ax": 0.0,
              "ay": 0.0
            },
            "lane": 0
          }
        },
        {
          "time": 10.2,
          "cartesian": {
            "position": {
              "x": 10.33,
              "y": 7.54
            },
            "velocity": {
              "vx": 0.0,
              "vy": 0.0
            },
            "acceleration": {
              "ax": 0.0,
              "ay": 0.0
            },
            "lane": 0
          }
        }
      ]
    }
  ],
  "validation": {
    "min_ttc": 0.27285714285714285,
    "min_distance": 0.1850000000000005,
    "all_constraints_satisfied": false,
    "safety_violations": [
      "TTC violation at t=0.0s: ego-pedestrian: 1.39s < 2.00s",
      "TTC violation at t=0.3s: ego-pedestrian: 1.34s < 2.00s",
      "TTC violation at t=0.6s: ego-pedestrian: 1.33s < 2.00s",
      "TTC violation at t=0.9s: ego-pedestrian: 1.47s < 2.00s",
      "TTC violation at t=2.1s: ego-pedestrian: 1.94s < 2.00s",
      "TTC violation at t=2.4s: ego-pedestrian: 1.17s < 2.00s",
      "Distance violation at t=2.7s: ego-pedestrian: 1.92m < 2.00m",
      "TTC violation at t=2.7s: ego-pedestrian: 0.66s < 2.00s",
      "Distance violation at t=3.0s: ego-pedestrian: 0.96m < 2.00m",
      "TTC violation at t=3.0s: ego-pedestrian: 0.27s < 2.00s",
      "Distance violation at t=3.3s: ego-pedestrian: 0.19m < 2.00m",
      "Distance violation at t=3.6s: ego-pedestrian: 1.51m < 2.00m"
    ],
    "max_acceleration": 2.0,
    "max_deceleration": -5.0,
    "acceleration_violations": []
  }
}
