---
source: tests/snapshot_test.rs
expression: json
---
{
  "scenario_id": "[uuid]",
  "scenario_type": "pedestrian_crossing",
  "time_step": 0.3,
  "duration": 10.0,
  "road": {
    "num_lanes": 2,
    "lane_width": 3.5,
    "lane_directions": [
      1,
      1
    ],
    "road_length": 300.0
  },
  "actors": [
    {
      "id": "ego",
      "role": "ego",
      "states": [
        {
          "time": 0.0,
          "cartesian": {
            "position": {
              "x": 0.0,
              "y": 1.75
            },
            "velocity": {
              "vx": 8.0,
              "vy": 0.0
            },
            "acceleration": {
              "ax": -5.0,
              "ay": 0.0
            },
            "lane": 0
          }
        },
        {
          "time": 0.3,
          "cartesian": {
            "position": {
              "x": 2.175,
              "y": 1.75
            },
            "velocity": {
              "vx": 6.5,
              "vy": 0.0
            },
            "acceleration": {
              "ax": -5.0,
              "ay": 0.0
            },
            "lane": 0
          }
        },
        {
          "time": 0.6,
          "cartesian": {
            "position": {
              "x": 3.9,
              "y": 1.75
            },
            "velocity": {
              "vx": 5.0,
              "vy": 0.0
            },
            "acceleration": {
              "ax": -3.3333333333333335,
              "ay": 0.0
            },
            "lane": 0
          }
        },
        {
          "time": 0.8999999999999999,
          "cartesian": {
            "position": {
              "x": 5.25,
              "y": 1.75
            },
            "velocity": {
              "vx": 4.0,
              "vy": 0.0
            },
            "acceleration": {
              "ax": 0.0,
              "ay": 0.0
            },
            "lane": 0
          }
        },
        {
          "time": 1.2,
          "cartesian": {
            "position": {
              "x": 6.45,
              "y": 1.75
            },
            "velocity": {
              "vx": 4.0,
              "vy": 0.0
            },
            "acceleration": {
              "ax": 0.0,
              "ay": 0.0
            },
            "lane": 0
          }
        },
        {
          "time": 1.5,
          "cartesian": {
            "position": {
              "x": 7.65,
              "y": 1.75
            },
            "velocity": {
              "vx": 4.0,
              "vy": 0.0
            },
            "acceleration": {
              "ax": 0.0,
              "ay": 0.0
            },
            "lane": 0
          }
        },
        {
          "time": 1.7999999999999998,
          "cartesian": {
            "position": {
              "x": 8.85,
              "y": 1.75
            },
            "velocity": {
              "vx": 4.0,
              "vy": 0.0
            },
            "acceleration": {
              "ax": 0.0,
              "ay": 0.0
            },
            "lane": 0
          }
        },
        {
          "time": 2.1,
          "cartesian": {
            "position": {
              "x": 10.05,
              "y": 1.75
            },
            "velocity": {
              "vx": 4.0,
              "vy": 0.0
            },
            "acceleration": {
              "ax": 0.0,
              "ay": 0.0
            },
            "lane": 0
          }
        },
        {
          "time": 2.4,
          "cartesian": {
            "position": {
              "x": 11.25,
              "y": 1.75
            },
            "velocity": {
              "vx": 4.0,
              "vy": 0.0
            },
            "acceleration": {
              "ax": 0.0,
              "ay": 0.0
            },
            "lane": 0
          }
        },
        {
          "time": 2.6999999999999997,
          "cartesian": {
            "position": {
              "x": 12.45,
              "y": 1.75
            },
            "velocity": {
              "vx": 4.0,
              "vy": 0.0
            },
            "acceleration": {
              "ax": 0.0,
              "ay": 0.0
            },
            "lane": 0
          }
        },
        {
          "time": 3.0,
          "cartesian": {
            "position": {
              "x": 13.65,
              "y": 1.75
            },
            "velocity": {
              "vx": 4.0,
              "vy": 0.0
            },
            "acceleration": {
              "ax": 0.0,
              "ay": 0.0
            },
            "lane": 0
          }
        },
        {
          "time": 3.3,
          "cartesian": {
            "position": {
              "x": 14.85,
              "y": 1.75
            },
            "velocity": {
              "vx": 4.0,
              "vy": 0.0
            },
            "acceleration": {
              "ax": 0.0,
              "ay": 0.0
            },
            "lane": 0
          }
        },
        {
          "time": 3.5999999999999996,
          "cartesian": {
            "position": {
              "x": 16.05,
              "y": 1.75
            },
            "velocity": {
              "vx": 4.0,
              "vy": 0.0
            },
            "acceleration": {
              "ax": 0.0,
              "ay": 0.0
            },
            "lane": 0
          }
        },
        {
          "time": 3.9,
          "cartesian": {
            "position": {
              "x": 17.25,
              "y": 1.75
            },
            "velocity": {
              "vx": 4.0,
              "vy": 0.0
            },
            "acceleration": {
              "ax": 0.0,
              "ay": 0.0
            },
            "lane": 0
          }
        },
        {
          "time": 4.2,
          "cartesian": {
            "position": {
              "x": 18.45,
              "y": 1.75
            },
            "velocity": {
              "vx": 4.0,
              "vy": 0.0
            },
            "acceleration": {
              "ax": 0.0,
              "ay": 0.0
            },
            "lane": 0
          }
        },
        {
          "time": 4.5,
          "cartesian": {
            "position": {
              "x": 19.65,
              "y": 1.75
            },
            "velocity": {
              "vx": 4.0,
              "vy": 0.0
            },
            "acceleration": {
              "ax": 0.0,
              "ay": 0.0
            },
            "lane": 0
          }
        },
        {
          "time": 4.8,
          "cartesian": {
            "position": {
              "x": 20.85,
              "y": 1.75
            },
            "velocity": {
              "vx": 4.0,
              "vy": 0.0
            },
            "acceleration": {
              "ax": 0.0,
              "ay": 0.0
            },
            "lane": 0
          }
        },
        {
          "time": 5.1,
          "cartesian": {
            "position": {
              "x": 22.05,
              "y": 1.75
            },
            "velocity": {
              "vx": 4.0,
              "vy": 0.0
            },
            "acceleration": {
              "ax": 0.0,
              "ay": 0.0
            },
            "lane": 0
          }
        },
        {
          "time": 5.3999999999999995,
          "cartesian": {
            "position": {
              "x": 23.25,
              "y": 1.75
            },
            "velocity": {
              "vx": 4.0,
              "vy": 0.0
            },
            "acceleration": {
              "ax": 0.0,
              "ay": 0.0
            },
            "lane": 0
          }
        },
        {
          "time": 5.7,
          "cartesian": {
            "position": {
              "x": 24.45,
              "y": 1.75
            },
            "velocity": {
              "vx": 4.0,
              "vy": 0.0
            },
            "acceleration": {
              "ax": 0.0,
              "ay": 0.0
            },
            "lane": 0
          }
        },
        {
          "time": 6.0,
          "cartesian": {
            "position": {
              "x": 25.65,
              "y": 1.75
            },
            "velocity": {
              "vx": 4.0,
              "vy": 0.0
            },
            "acceleration": {
              "ax": 0.0,
              "ay": 0.0
            },
            "lane": 0
          }
        },
        {
          "time": 6.3,
          "cartesian": {
            "position": {
              "x": 26.85,
              "y": 1.75
            },
            "velocity": {
              "vx": 4.0,
              "vy": 0.0
            },
            "acceleration": {
              "ax": 0.0,
              "ay": 0.0
            },
            "lane": 0
          }
        },
        {
          "time": 6.6,
          "cartesian": {
            "position": {
              "x": 28.05,
              "y": 1.75
            },
            "velocity": {
              "vx": 4.0,
              "vy": 0.0
            },
            "acceleration": {
              "ax": 0.0,
              "ay": 0.0
            },
            "lane": 0
          }
        },
        {
          "time": 6.8999999999999995,
          "cartesian": {
            "position": {
              "x": 29.25,
              "y": 1.75
            },
            "velocity": {
              "vx": 4.0,
              "vy": 0.0
            },
            "acceleration": {
              "ax": 0.0,
              "ay": 0.0
            },
            "lane": 0
          }
        },
        {
          "time": 7.199999999999999,
          "cartesian": {
            "position": {
              "x": 30.45,
              "y": 1.75
            },
            "velocity": {
              "vx": 4.0,
              "vy": 0.0
            },
            "acceleration": {
              "ax": 0.0,
              "ay": 0.0
            },
            "lane": 0
          }
        },
        {
          "time": 7.5,
          "cartesian": {
            "position": {
              "x": 31.65,
              "y": 1.75
            },
            "velocity": {
              "vx": 4.0,
              "vy": 0.0
            },
            "acceleration": {
              "ax": 0.0,
              "ay": 0.0
            },
            "lane": 0
          }
        },
        {
          "time": 7.8,
          "cartesian": {
            "position": {
              "x": 32.85,
              "y": 1.75
            },
            "velocity": {
              "vx": 4.0,
              "vy": 0.0
            },
            "acceleration": {
              "ax": 0.0,
              "ay": 0.0
            },
            "lane": 0
          }
        },
        {
          "time": 8.1,
          "cartesian": {
            "position": {
              "x": 34.05,
              "y": 1.75
            },
            "velocity": {
              "vx": 4.0,
              "vy": 0.0
            },
            "acceleration": {
              "ax": 0.0,
              "ay": 0.0
            },
            "lane": 0
          }
        },
        {
          "time": 8.4,
          "cartesian": {
            "position": {
              "x": 35.25,
              "y": 1.75
            },
            "velocity": {
              "vx": 4.0,
              "vy": 0.0
            },
            "acceleration": {
              "ax": 0.0,
              "ay": 0.0
            },
            "lane": 0
          }
        },
        {
          "time": 8.7,
          "cartesian": {
            "position": {
              "x": 36.45,
              "y": 1.75
            },
            "velocity": {
              "vx": 4.0,
              "vy": 0.0
            },
            "acceleration": {
              "ax": 0.0,
              "ay": 0.0
            },
            "lane": 0
          }
        },
        {
          "time": 9.0,
          "cartesian": {
            "position": {
              "x": 37.65,
              "y": 1.75
            },
            "velocity": {
              "vx": 4.0,
              "vy": 0.0
            },
            "acceleration": {
              "ax": 0.0,
              "ay": 0.0
            },
            "lane": 0
          }
        },
        {
          "time": 9.299999999999999,
          "cartesian": {
            "position": {
              "x": 38.85,
              "y": 1.75
            },
            "velocity": {
              "vx": 4.0,
              "vy": 0.0
            },
            "acceleration": {
              "ax": 0.0,
              "ay": 0.0
            },
            "lane": 0
          }
        },
        {
          "time": 9.6,
          "cartesian": {
            "position": {
              "x": 40.05,
              "y": 1.75
            },
            "velocity": {
              "vx": 4.0,
              "vy": 0.0
            },
            "acceleration": {
              "ax": 0.0,
              "ay": 0.0
            },
            "lane": 0
          }
        },
        {
          "time": 9.9,
          "cartesian": {
            "position": {
              "x": 41.25,
              "y": 1.75
            },
            "velocity": {
              "vx": 4.0,
              "vy": 0.0
            },
            "acceleration": {
              "ax": 0.0,
              "ay": 0.0
            },
            "lane": 0
          }
        },
        {
          "time": 10.2,
          "cartesian": {
            "position": {
              "x": 42.45,
              "y": 1.75
            },
            "velocity": {
              "vx": 4.0,
              "vy": 0.0
            },
            "acceleration": {
              "ax": 0.0,
              "ay": 0.0
            },
            "lane": 0
          }
        }
      ]
    },
    {
      "id": "pedestrian",
      "role": "pedestrian",
      "states": [
        {
          "time": 0.0,
          "cartesian": {
            "position": {
              "x": 10.0,
              "y": -1.0
            },
            "velocity": {
              "vx": 0.0,
              "vy": 1.5
            },
            "acceleration": {
              "ax": 0.0,
              "ay": -1.0
            },
            "lane": 0
          }
        },
        {
          "time": 0.3,
          "cartesian": {
            "position": {
              "x": 10.0,
              "y": -0.595
            },
            "velocity": {
              "vx": 0.0,
              "vy": 1.2
            },
            "acceleration": {
              "ax": 0.0,
              "ay": -1.0
            },
            "lane": 0
          }
        },
        {
          "time": 0.6,
          "cartesian": {
            "position": {
              "x": 10.0,
              "y": -0.28
            },
            "velocity": {
              "vx": 0.0,
              "vy": 0.9
            },
            "acceleration": {
              "ax": 0.0,
              "ay": -1.0
            },
            "lane": 0
          }
        },
        {
          "time": 0.8999999999999999,
          "cartesian": {
            "position": {
              "x": 10.0,
              "y": -0.055
            },
            "velocity": {
              "vx": 0.0,
              "vy": 0.6
            },
            "acceleration": {
              "ax": 0.0,
              "ay": -1.0
            },
            "lane": 0
          }
        },
        {
          "time": 1.2,
          "cartesian": {
            "position": {
              "x": 10.0,
              "y": 0.08
            },
            "velocity": {
              "vx": 0.0,
              "vy": 0.3
            },
            "acceleration": {
              "ax": 0.0,
              "ay": -1.0
            },
            "lane": 0
          }
        },
        {
          "time": 1.5,
          "cartesian": {
            "position": {
              "x": 10.0,
              "y": 0.125
            },
            "velocity": {
              "vx": 0.0,
              "vy": 0.0
            },
            "acceleration": {
              "ax": 0.0,
              "ay": 0.0
            },
            "lane": 0
          }
        },
        {
          "time": 1.7999999999999998,
          "cartesian": {
            "position": {
              "x": 10.0,
              "y": 0.125
            },
            "velocity": {
              "vx": 0.0,
              "vy": 0.0
            },
            "acceleration": {
              "ax": 0.0,
              "ay": 0.0
            },
            "lane": 0
          }
        },
        {
          "time": 2.1,
          "cartesian": {
            "position": {
              "x": 10.0,
              "y": 0.125
            },
            "velocity": {
              "vx": 0.0,
              "vy": 0.0
            },
            "acceleration": {
              "ax": 0.0,
              "ay": 0.0
            },
            "lane": 0
          }
        },
        {
          "time": 2.4,
          "cartesian": {
            "position": {
              "x": 10.0,
              "y": 0.125
            },
            "velocity": {
              "vx": 0.0,
              "vy": 0.0
            },
            "acceleration": {
              "ax": 0.0,
              "ay": 0.0
            },
            "lane": 0
          }
        },
        {
          "time": 2.6999999999999997,
          "cartesian": {
            "position": {
              "x": 10.0,
              "y": 0.125
            },
            "velocity": {
              "vx": 0.0,
              "vy": 0.0
            },
            "acceleration": {
              "ax": 0.0,
              "ay": 0.0
            },
            "lane": 0
          }
        },
        {
          "time": 3.0,
          "cartesian": {
            "position": {
              "x": 10.0,
              "y": 0.125
            },
            "velocity": {
              "vx": 0.0,
              "vy": 0.0
            },
            "acceleration": {
              "ax": 0.0,
              "ay": 1.0
            },
            "lane": 0
          }
        },
        {
          "time": 3.3,
          "cartesian": {
            "position": {
              "x": 10.0,
              "y": 0.17
            },
            "velocity": {
              "vx": 0.0,
              "vy": 0.3
            },
            "acceleration": {
              "ax": 0.0,
              "ay": 1.0
            },
            "lane": 0
          }
        },
        {
          "time": 3.5999999999999996,
          "cartesian": {
            "position": {
              "x": 10.0,
              "y": 0.305
            },
            "velocity": {
              "vx": 0.0,
              "vy": 0.6
            },
            "acceleration": {
              "ax": 0.0,
              "ay": 1.0
            },
            "lane": 0
          }
        },
        {
          "time": 3.9,
          "cartesian": {
            "position": {
              "x": 10.0,
              "y": 0.53
            },
            "velocity": {
              "vx": 0.0,
              "vy": 0.9
            },
            "acceleration": {
              "ax": 0.0,
              "ay": 1.0
            },
            "lane": 0
          }
        },
        {
          "time": 4.2,
          "cartesian": {
            "position": {
              "x": 10.0,
              "y": 0.845
            },
            "velocity": {
              "vx": 0.0,
              "vy": 1.2
            },
            "acceleration": {
              "ax": 0.0,
              "ay": 1.0
            },
            "lane": 0
          }
        },
        {
          "time": 4.5,
          "cartesian": {
            "position": {
              "x": 10.0,
              "y": 1.25
            },
            "velocity": {
              "vx": 0.0,
              "vy": 1.5
            },
            "acceleration": {
              "ax": 0.0,
              "ay": 0.0
            },
            "lane": 0
          }
        },
        {
          "time": 4.8,
          "cartesian": {
            "position": {
              "x": 10.0,
              "y": 1.7
            },
            "velocity": {
              "vx": 0.0,
              "vy": 1.5
            },
            "acceleration": {
              "ax": 0.0,
              "ay": 0.0
            },
            "lane": 0
          }
        },
        {
          "time": 5.1,
          "cartesian": {
            "position": {
              "x": 10.0,
              "y": 2.15
            },
            "velocity": {
              "vx": 0.0,
              "vy": 1.5
            },
            "acceleration": {
              "ax": 0.0,
              "ay": 0.0
            },
            "lane": 0
          }
        },
        {
          "time": 5.3999999999999995,
          "cartesian": {
            "position": {
              "x": 10.0,
              "y": 2.6
            },
            "velocity": {
              "vx": 0.0,
              "vy": 1.5
            },
            "acceleration": {
              "ax": 0.0,
              "ay": 0.0
            },
            "lane": 0
          }
        },
        {
          "time": 5.7,
          "cartesian": {
            "position": {
              "x": 10.0,
              "y": 3.05
            },
            "velocity": {
              "vx": 0.0,
              "vy": 1.5
            },
            "acceleration": {
              "ax": 0.0,
              "ay": 0.0
            },
            "lane": 0
          }
        },
        {
          "time": 6.0,
          "cartesian": {
            "position": {
              "x": 10.0,
              "y": 3.5
            },
            "velocity": {
              "vx": 0.0,
              "vy": 1.5
            },
            "acceleration": {
              "ax": 0.0,
              "ay": 0.0
            },
            "lane": 0
          }
        },
        {
          "time": 6.3,
          "cartesian": {
            "position": {
              "x": 10.0,
              "y": 3.95
            },
            "velocity": {
              "vx": 0.0,
              "vy": 1.5
            },
            "acceleration": {
              "ax": 0.0,
              "ay": 0.0
            },
            "lane": 0
          }
        },
        {
          "time": 6.6,
          "cartesian": {
            "position": {
              "x": 10.0,
              "y": 4.4
            },
            "velocity": {
              "vx": 0.0,
              "vy": 1.5
            },
            "acceleration": {
              "ax": 0.0,
              "ay": 0.0
            },
            "lane": 0
          }
        },
        {
          "time": 6.8999999999999995,
          "cartesian": {
            "position": {
              "x": 10.0,
              "y": 4.85
            },
            "velocity": {
              "vx": 0.0,
              "vy": 1.5
            },
            "acceleration": {
              "ax": 0.0,
              "ay": 0.0
            },
            "lane": 0
          }
        },
        {
          "time": 7.199999999999999,
          "cartesian": {
            "position": {
              "x": 10.0,
              "y": 5.3
            },
            "velocity": {
              "vx": 0.0,
              "vy": 1.5
            },
            "acceleration": {
              "ax": 0.0,
              "ay": 0.0
            },
            "lane": 0
          }
        },
        {
          "time": 7.5,
          "cartesian": {
            "position": {
              "x": 10.0,
              "y": 5.75
            },
            "velocity": {
              "vx": 0.0,
              "vy": 1.5
            },
            "acceleration": {
              "ax": 0.0,
              "ay": 0.0
            },
            "lane": 0
          }
        },
        {
          "time": 7.8,
          "cartesian": {
            "position": {
              "x": 10.0,
              "y": 6.2
            },
            "velocity": {
              "vx": 0.0,
              "vy": 1.5
            },
            "acceleration": {
              "ax": 0.0,
              "ay": 0.0
            },
            "lane": 0
          }
        },
        {
          "time": 8.1,
          "cartesian": {
            "position": {
              "x": 10.0,
              "y": 6.65
            },
            "velocity": {
              "vx": 0.0,
              "vy": 1.5
            },
            "acceleration": {
              "ax": 0.0,
              "ay": 0.0
            },
            "lane": 0
          }
        },
        {
          "time": 8.4,
          "cartesian": {
            "position": {
              "x": 10.0,
              "y": 7.1
            },
            "velocity": {
              "vx": 0.0,
              "vy": 1.5
            },
            "acceleration": {
              "ax": 0.0,
              "ay": 0.0
            },
            "lane": 0
          }
        },
        {
          "time": 8.7,
          "cartesian": {
            "position": {
              "x": 10.0,
              "y": 7.55
            },
            "velocity": {
              "vx": 0.0,
              "vy": 1.5
            },
            "acceleration": {
              "ax": 0.0,
              "ay": -0.19753086419753085
            },
            "lane": 0
          }
        },
        {
          "time": 9.0,
          "cartesian": {
            "position": {
              "x": 10.0,
              "y": 7.9911111111111115
            },
            "velocity": {
              "vx": 0.0,
              "vy": 1.4407407407407407
            },
            "acceleration": {
              "ax": 0.0,
              "ay": -1.0
            },
            "lane": 0
          }
        },
        {
          "time": 9.299999999999999,
          "cartesian": {
            "position": {
              "x": 10.0,
              "y": 8.378333333333334
            },
            "velocity": {
              "vx": 0.0,
              "vy": 1.1407407407407408
            },
            "acceleration": {
              "ax": 0.0,
              "ay": -1.0
            },
            "lane": 0
          }
        },
        {
          "time": 9.6,
          "cartesian": {
            "position": {
              "x": 10.0,
              "y": 8.675555555555556
            },
            "velocity": {
              "vx": 0.0,
              "vy": 0.8407407407407408
            },
            "acceleration": {
              "ax": 0.0,
              "ay": -1.0
            },
            "lane": 0
          }
        },
        {
          "time": 9.9,
          "cartesian": {
            "position": {
              "x": 10.0,
              "y": 8.882777777777777
            },
            "velocity": {
              "vx": 0.0,
              "vy": 0.5407407407407407
            },
            "acceleration": {
              "ax": 0.0,
              "ay": -1.0
            },
            "lane": 0
          }
        },
        {
          "time": 10.2,
          "cartesian": {
            "position": {
              "x": 10.0,
              "y": 9.0
            },
            "velocity": {
              "vx": 0.0,
              "vy": 0.24074074074074073
            },
            "acceleration": {
              "ax": 0.0,
              "ay": 0.0
            },
            "lane": 0
          }
        }
      ]
    }
  ],
  "validation": {
    "min_ttc": 0.2875000000000001,
    "min_distance": 0.05000000000000071,
    "all_constraints_satisfied": false,
    "safety_violations": [
      "Pedestrian TTC violation at t=1.2s: ego-pedestrian: 0.89s < 2.00s",
      "Pedestrian TTC violation at t=1.5s: ego-pedestrian: 0.59s < 2.00s",
      "Pedestrian TTC violation at t=1.8s: ego-pedestrian: 0.29s < 2.00s"
    ],
    "max_acceleration": 0.0,
    "max_deceleration": -5.0,
    "acceleration_violations": []
  }
}
