---
source: tests/snapshot_test.rs
assertion_line: 79
expression: json
---
{
  "scenario_id": "[uuid]",
  "scenario_type": "cut_in_left",
  "time_step": 0.1,
  "duration": 10.0,
  "road": {
    "num_lanes": 2,
    "lane_width": 3.5,
    "lane_directions": [
      1,
      1
    ],
    "road_length": 300.0
  },
  "actors": [
    {
      "id": "ego",
      "role": "ego",
      "states": [
        {
          "time": 0.0,
          "cartesian": {
            "position": {
              "x": 50.0,
              "y": 5.25
            },
            "velocity": {
              "vx": 15.0,
              "vy": 0.0
            },
            "acceleration": {
              "ax": 3.0,
              "ay": 0.0
            },
            "lane": 1
          }
        },
        {
          "time": 0.1,
          "cartesian": {
            "position": {
              "x": 51.515,
              "y": 5.25
            },
            "velocity": {
              "vx": 15.3,
              "vy": 0.0
            },
            "acceleration": {
              "ax": 3.0,
              "ay": 0.0
            },
            "lane": 1
          }
        },
        {
          "time": 0.2,
          "cartesian": {
            "position": {
              "x": 53.06,
              "y": 5.25
            },
            "velocity": {
              "vx": 15.6,
              "vy": 0.0
            },
            "acceleration": {
              "ax": 3.0,
              "ay": 0.0
            },
            "lane": 1
          }
        },
        {
          "time": 0.30000000000000004,
          "cartesian": {
            "position": {
              "x": 54.635,
              "y": 5.25
            },
            "velocity": {
              "vx": 15.9,
              "vy": 0.0
            },
            "acceleration": {
              "ax": 3.0,
              "ay": 0.0
            },
            "lane": 1
          }
        },
        {
          "time": 0.4,
          "cartesian": {
            "position": {
              "x": 56.24,
              "y": 5.25
            },
            "velocity": {
              "vx": 16.2,
              "vy": 0.0
            },
            "acceleration": {
              "ax": 3.0,
              "ay": 0.0
            },
            "lane": 1
          }
        },
        {
          "time": 0.5,
          "cartesian": {
            "position": {
              "x": 57.875,
              "y": 5.25
            },
            "velocity": {
              "vx": 16.5,
              "vy": 0.0
            },
            "acceleration": {
              "ax": 3.0,
              "ay": 0.0
            },
            "lane": 1
          }
        },
        {
          "time": 0.6000000000000001,
          "cartesian": {
            "position": {
              "x": 59.54,
              "y": 5.25
            },
            "velocity": {
              "vx": 16.8,
              "vy": 0.0
            },
            "acceleration": {
              "ax": 3.0,
              "ay": 0.0
            },
            "lane": 1
          }
        },
        {
          "time": 0.7000000000000001,
          "cartesian": {
            "position": {
              "x": 61.235,
              "y": 5.25
            },
            "velocity": {
              "vx": 17.1,
              "vy": 0.0
            },
            "acceleration": {
              "ax": 3.0,
              "ay": 0.0
            },
            "lane": 1
          }
        },
        {
          "time": 0.8,
          "cartesian": {
            "position": {
              "x": 62.96,
              "y": 5.25
            },
            "velocity": {
              "vx": 17.4,
              "vy": 0.0
            },
            "acceleration": {
              "ax": 3.0,
              "ay": 0.0
            },
            "lane": 1
          }
        },
        {
          "time": 0.9,
          "cartesian": {
            "position": {
              "x": 64.715,
              "y": 5.25
            },
            "velocity": {
              "vx": 17.7,
              "vy": 0.0
            },
            "acceleration": {
              "ax": 3.0,
              "ay": 0.0
            },
            "lane": 1
          }
        },
        {
          "time": 1.0,
          "cartesian": {
            "position": {
              "x": 66.5,
              "y": 5.25
            },
            "velocity": {
              "vx": 18.0,
              "vy": 0.0
            },
            "acceleration": {
              "ax": 3.0,
              "ay": 0.0
            },
            "lane": 1
          }
        },
        {
          "time": 1.1,
          "cartesian": {
            "position": {
              "x": 68.315,
              "y": 5.25
            },
            "velocity": {
              "vx": 18.3,
              "vy": 0.0
            },
            "acceleration": {
              "ax": 3.0,
              "ay": 0.0
            },
            "lane": 1
          }
        },
        {
          "time": 1.2000000000000002,
          "cartesian": {
            "position": {
              "x": 70.16,
              "y": 5.25
            },
            "velocity": {
              "vx": 18.6,
              "vy": 0.0
            },
            "acceleration": {
              "ax": 3.0,
              "ay": 0.0
            },
            "lane": 1
          }
        },
        {
          "time": 1.3,
          "cartesian": {
            "position": {
              "x": 72.035,
              "y": 5.25
            },
            "velocity": {
              "vx": 18.9,
              "vy": 0.0
            },
            "acceleration": {
              "ax": 3.0,
              "ay": 0.0
            },
            "lane": 1
          }
        },
        {
          "time": 1.4000000000000001,
          "cartesian": {
            "position": {
              "x": 73.94,
              "y": 5.25
            },
            "velocity": {
              "vx": 19.2,
              "vy": 0.0
            },
            "acceleration": {
              "ax": 3.0,
              "ay": 0.0
            },
            "lane": 1
          }
        },
        {
          "time": 1.5,
          "cartesian": {
            "position": {
              "x": 75.875,
              "y": 5.25
            },
            "velocity": {
              "vx": 19.5,
              "vy": 0.0
            },
            "acceleration": {
              "ax": 3.0,
              "ay": 0.0
            },
            "lane": 1
          }
        },
        {
          "time": 1.6,
          "cartesian": {
            "position": {
              "x": 77.84,
              "y": 5.25
            },
            "velocity": {
              "vx": 19.8,
              "vy": 0.0
            },
            "acceleration": {
              "ax": 3.0,
              "ay": 0.0
            },
            "lane": 1
          }
        },
        {
          "time": 1.7000000000000002,
          "cartesian": {
            "position": {
              "x": 79.835,
              "y": 5.25
            },
            "velocity": {
              "vx": 20.1,
              "vy": 0.0
            },
            "acceleration": {
              "ax": 3.0,
              "ay": 0.0
            },
            "lane": 1
          }
        },
        {
          "time": 1.8,
          "cartesian": {
            "position": {
              "x": 81.86,
              "y": 5.25
            },
            "velocity": {
              "vx": 20.4,
              "vy": 0.0
            },
            "acceleration": {
              "ax": 3.0,
              "ay": 0.0
            },
            "lane": 1
          }
        },
        {
          "time": 1.9000000000000001,
          "cartesian": {
            "position": {
              "x": 83.915,
              "y": 5.25
            },
            "velocity": {
              "vx": 20.7,
              "vy": 0.0
            },
            "acceleration": {
              "ax": 3.0,
              "ay": 0.0
            },
            "lane": 1
          }
        },
        {
          "time": 2.0,
          "cartesian": {
            "position": {
              "x": 86.0,
              "y": 5.25
            },
            "velocity": {
              "vx": 21.0,
              "vy": 0.0
            },
            "acceleration": {
              "ax": 3.0,
              "ay": 0.0
            },
            "lane": 1
          }
        },
        {
          "time": 2.1,
          "cartesian": {
            "position": {
              "x": 88.115,
              "y": 5.25
            },
            "velocity": {
              "vx": 21.3,
              "vy": 0.0
            },
            "acceleration": {
              "ax": 3.0,
              "ay": 0.0
            },
            "lane": 1
          }
        },
        {
          "time": 2.2,
          "cartesian": {
            "position": {
              "x": 90.26,
              "y": 5.25
            },
            "velocity": {
              "vx": 21.6,
              "vy": 0.0
            },
            "acceleration": {
              "ax": 3.0,
              "ay": 0.0
            },
            "lane": 1
          }
        },
        {
          "time": 2.3000000000000003,
          "cartesian": {
            "position": {
              "x": 92.435,
              "y": 5.25
            },
            "velocity": {
              "vx": 21.9,
              "vy": 0.0
            },
            "acceleration": {
              "ax": 3.0,
              "ay": 0.0
            },
            "lane": 1
          }
        },
        {
          "time": 2.4000000000000004,
          "cartesian": {
            "position": {
              "x": 94.64,
              "y": 5.25
            },
            "velocity": {
              "vx": 22.2,
              "vy": 0.0
            },
            "acceleration": {
              "ax": 3.0,
              "ay": 0.0
            },
            "lane": 1
          }
        },
        {
          "time": 2.5,
          "cartesian": {
            "position": {
              "x": 96.875,
              "y": 5.25
            },
            "velocity": {
              "vx": 22.5,
              "vy": 0.0
            },
            "acceleration": {
              "ax": 3.0,
              "ay": 0.0
            },
            "lane": 1
          }
        },
        {
          "time": 2.6,
          "cartesian": {
            "position": {
              "x": 99.14,
              "y": 5.25
            },
            "velocity": {
              "vx": 22.8,
              "vy": 0.0
            },
            "acceleration": {
              "ax": 3.0,
              "ay": 0.0
            },
            "lane": 1
          }
        },
        {
          "time": 2.7,
          "cartesian": {
            "position": {
              "x": 101.435,
              "y": 5.25
            },
            "velocity": {
              "vx": 23.1,
              "vy": 0.0
            },
            "acceleration": {
              "ax": 3.0,
              "ay": 0.0
            },
            "lane": 1
          }
        },
        {
          "time": 2.8000000000000003,
          "cartesian": {
            "position": {
              "x": 103.76,
              "y": 5.25
            },
            "velocity": {
              "vx": 23.4,
              "vy": 0.0
            },
            "acceleration": {
              "ax": 3.0,
              "ay": 0.0
            },
            "lane": 1
          }
        },
        {
          "time": 2.9000000000000004,
          "cartesian": {
            "position": {
              "x": 106.115,
              "y": 5.25
            },
            "velocity": {
              "vx": 23.7,
              "vy": 0.0
            },
            "acceleration": {
              "ax": 3.0,
              "ay": 0.0
            },
            "lane": 1
          }
        },
        {
          "time": 3.0,
          "cartesian": {
            "position": {
              "x": 108.5,
              "y": 5.25
            },
            "velocity": {
              "vx": 24.0,
              "vy": 0.0
            },
            "acceleration": {
              "ax": 3.0,
              "ay": 0.0
            },
            "lane": 1
          }
        },
        {
          "time": 3.1,
          "cartesian": {
            "position": {
              "x": 110.915,
              "y": 5.25
            },
            "velocity": {
              "vx": 24.3,
              "vy": 0.0
            },
            "acceleration": {
              "ax": 3.0,
              "ay": 0.0
            },
            "lane": 1
          }
        },
        {
          "time": 3.2,
          "cartesian": {
            "position": {
              "x": 113.36,
              "y": 5.25
            },
            "velocity": {
              "vx": 24.6,
              "vy": 0.0
            },
            "acceleration": {
              "ax": 3.0,
              "ay": 0.0
            },
            "lane": 1
          }
        },
        {
          "time": 3.3000000000000003,
          "cartesian": {
            "position": {
              "x": 115.835,
              "y": 5.25
            },
            "velocity": {
              "vx": 24.9,
              "vy": 0.0
            },
            "acceleration": {
              "ax": 3.0,
              "ay": 0.0
            },
            "lane": 1
          }
        },
        {
          "time": 3.4000000000000004,
          "cartesian": {
            "position": {
              "x": 118.34,
              "y": 5.25
            },
            "velocity": {
              "vx": 25.2,
              "vy": 0.0
            },
            "acceleration": {
              "ax": 3.0,
              "ay": 0.0
            },
            "lane": 1
          }
        },
        {
          "time": 3.5,
          "cartesian": {
            "position": {
              "x": 120.875,
              "y": 5.25
            },
            "velocity": {
              "vx": 25.5,
              "vy": 0.0
            },
            "acceleration": {
              "ax": 3.0,
              "ay": 0.0
            },
            "lane": 1
          }
        },
        {
          "time": 3.6,
          "cartesian": {
            "position": {
              "x": 123.44,
              "y": 5.25
            },
            "velocity": {
              "vx": 25.8,
              "vy": 0.0
            },
            "acceleration": {
              "ax": 3.0,
              "ay": 0.0
            },
            "lane": 1
          }
        },
        {
          "time": 3.7,
          "cartesian": {
            "position": {
              "x": 126.035,
              "y": 5.25
            },
            "velocity": {
              "vx": 26.1,
              "vy": 0.0
            },
            "acceleration": {
              "ax": 3.0,
              "ay": 0.0
            },
            "lane": 1
          }
        },
        {
          "time": 3.8000000000000003,
          "cartesian": {
            "position": {
              "x": 128.66,
              "y": 5.25
            },
            "velocity": {
              "vx": 26.4,
              "vy": 0.0
            },
            "acceleration": {
              "ax": 3.0,
              "ay": 0.0
            },
            "lane": 1
          }
        },
        {
          "time": 3.9000000000000004,
          "cartesian": {
            "position": {
              "x": 131.315,
              "y": 5.25
            },
            "velocity": {
              "vx": 26.7,
              "vy": 0.0
            },
            "acceleration": {
              "ax": 3.0,
              "ay": 0.0
            },
            "lane": 1
          }
        },
        {
          "time": 4.0,
          "cartesian": {
            "position": {
              "x": 134.0,
              "y": 5.25
            },
            "velocity": {
              "vx": 27.0,
              "vy": 0.0
            },
            "acceleration": {
              "ax": 3.0,
              "ay": 0.0
            },
            "lane": 1
          }
        },
        {
          "time": 4.1000000000000005,
          "cartesian": {
            "position": {
              "x": 136.715,
              "y": 5.25
            },
            "velocity": {
              "vx": 27.3,
              "vy": 0.0
            },
            "acceleration": {
              "ax": 3.0,
              "ay": 0.0
            },
            "lane": 1
          }
        },
        {
          "time": 4.2,
          "cartesian": {
            "position": {
              "x": 139.46,
              "y": 5.25
            },
            "velocity": {
              "vx": 27.6,
              "vy": 0.0
            },
            "acceleration": {
              "ax": 3.0,
              "ay": 0.0
            },
            "lane": 1
          }
        },
        {
          "time": 4.3,
          "cartesian": {
            "position": {
              "x": 142.235,
              "y": 5.25
            },
            "velocity": {
              "vx": 27.9,
              "vy": 0.0
            },
            "acceleration": {
              "ax": 3.0,
              "ay": 0.0
            },
            "lane": 1
          }
        },
        {
          "time": 4.4,
          "cartesian": {
            "position": {
              "x": 145.04,
              "y": 5.25
            },
            "velocity": {
              "vx": 28.2,
              "vy": 0.0
            },
            "acceleration": {
              "ax": 3.0,
              "ay": 0.0
            },
            "lane": 1
          }
        },
        {
          "time": 4.5,
          "cartesian": {
            "position": {
              "x": 147.875,
              "y": 5.25
            },
            "velocity": {
              "vx": 28.5,
              "vy": 0.0
            },
            "acceleration": {
              "ax": 3.0,
              "ay": 0.0
            },
            "lane": 1
          }
        },
        {
          "time": 4.6000000000000005,
          "cartesian": {
            "position": {
              "x": 150.74,
              "y": 5.25
            },
            "velocity": {
              "vx": 28.8,
              "vy": 0.0
            },
            "acceleration": {
              "ax": 3.0,
              "ay": 0.0
            },
            "lane": 1
          }
        },
        {
          "time": 4.7,
          "cartesian": {
            "position": {
              "x": 153.635,
              "y": 5.25
            },
            "velocity": {
              "vx": 29.1,
              "vy": 0.0
            },
            "acceleration": {
              "ax": 3.0,
              "ay": 0.0
            },
            "lane": 1
          }
        },
        {
          "time": 4.800000000000001,
          "cartesian": {
            "position": {
              "x": 156.56,
              "y": 5.25
            },
            "velocity": {
              "vx": 29.4,
              "vy": 0.0
            },
            "acceleration": {
              "ax": 3.0,
              "ay": 0.0
            },
            "lane": 1
          }
        },
        {
          "time": 4.9,
          "cartesian": {
            "position": {
              "x": 159.515,
              "y": 5.25
            },
            "velocity": {
              "vx": 29.7,
              "vy": 0.0
            },
            "acceleration": {
              "ax": 3.0,
              "ay": 0.0
            },
            "lane": 1
          }
        },
        {
          "time": 5.0,
          "cartesian": {
            "position": {
              "x": 162.5,
              "y": 5.25
            },
            "velocity": {
              "vx": 30.0,
              "vy": 0.0
            },
            "acceleration": {
              "ax": 3.0,
              "ay": 0.0
            },
            "lane": 1
          }
        },
        {
          "time": 5.1000000000000005,
          "cartesian": {
            "position": {
              "x": 165.515,
              "y": 5.25
            },
            "velocity": {
              "vx": 30.3,
              "vy": 0.0
            },
            "acceleration": {
              "ax": 3.0,
              "ay": 0.0
            },
            "lane": 1
          }
        },
        {
          "time": 5.2,
          "cartesian": {
            "position": {
              "x": 168.56,
              "y": 5.25
            },
            "velocity": {
              "vx": 30.6,
              "vy": 0.0
            },
            "acceleration": {
              "ax": 3.0,
              "ay": 0.0
            },
            "lane": 1
          }
        },
        {
          "time": 5.300000000000001,
          "cartesian": {
            "position": {
              "x": 171.635,
              "y": 5.25
            },
            "velocity": {
              "vx": 30.9,
              "vy": 0.0
            },
            "acceleration": {
              "ax": 3.0,
              "ay": 0.0
            },
            "lane": 1
          }
        },
        {
          "time": 5.4,
          "cartesian": {
            "position": {
              "x": 174.74,
              "y": 5.25
            },
            "velocity": {
              "vx": 31.2,
              "vy": 0.0
            },
            "acceleration": {
              "ax": 3.0,
              "ay": 0.0
            },
            "lane": 1
          }
        },
        {
          "time": 5.5,
          "cartesian": {
            "position": {
              "x": 177.875,
              "y": 5.25
            },
            "velocity": {
              "vx": 31.5,
              "vy": 0.0
            },
            "acceleration": {
              "ax": 3.0,
              "ay": 0.0
            },
            "lane": 1
          }
        },
        {
          "time": 5.6000000000000005,
          "cartesian": {
            "position": {
              "x": 181.04,
              "y": 5.25
            },
            "velocity": {
              "vx": 31.8,
              "vy": 0.0
            },
            "acceleration": {
              "ax": 3.0,
              "ay": 0.0
            },
            "lane": 1
          }
        },
        {
          "time": 5.7,
          "cartesian": {
            "position": {
              "x": 184.235,
              "y": 5.25
            },
            "velocity": {
              "vx": 32.1,
              "vy": 0.0
            },
            "acceleration": {
              "ax": 3.0,
              "ay": 0.0
            },
            "lane": 1
          }
        },
        {
          "time": 5.800000000000001,
          "cartesian": {
            "position": {
              "x": 187.46,
              "y": 5.25
            },
            "velocity": {
              "vx": 32.4,
              "vy": 0.0
            },
            "acceleration": {
              "ax": 3.0,
              "ay": 0.0
            },
            "lane": 1
          }
        },
        {
          "time": 5.9,
          "cartesian": {
            "position": {
              "x": 190.715,
              "y": 5.25
            },
            "velocity": {
              "vx": 32.7,
              "vy": 0.0
            },
            "acceleration": {
              "ax": 3.0,
              "ay": 0.0
            },
            "lane": 1
          }
        },
        {
          "time": 6.0,
          "cartesian": {
            "position": {
              "x": 194.0,
              "y": 5.25
            },
            "velocity": {
              "vx": 33.0,
              "vy": 0.0
            },
            "acceleration": {
              "ax": 3.0,
              "ay": 0.0
            },
            "lane": 1
          }
        },
        {
          "time": 6.1000000000000005,
          "cartesian": {
            "position": {
              "x": 197.315,
              "y": 5.25
            },
            "velocity": {
              "vx": 33.3,
              "vy": 0.0
            },
            "acceleration": {
              "ax": 3.0,
              "ay": 0.0
            },
            "lane": 1
          }
        },
        {
          "time": 6.2,
          "cartesian": {
            "position": {
              "x": 200.66,
              "y": 5.25
            },
            "velocity": {
              "vx": 33.6,
              "vy": 0.0
            },
            "acceleration": {
              "ax": 3.0,
              "ay": 0.0
            },
            "lane": 1
          }
        },
        {
          "time": 6.300000000000001,
          "cartesian": {
            "position": {
              "x": 204.035,
              "y": 5.25
            },
            "velocity": {
              "vx": 33.9,
              "vy": 0.0
            },
            "acceleration": {
              "ax": -7.398910452843037,
              "ay": 0.0
            },
            "lane": 1
          }
        },
        {
          "time": 6.4,
          "cartesian": {
            "position": {
              "x": 207.3880054477,
              "y": 5.25
            },
            "velocity": {
              "vx": 33.160108954715696,
              "vy": 0.0
            },
            "acceleration": {
              "ax": -8.0,
              "ay": 0.0
            },
            "lane": 1
          }
        },
        {
          "time": 6.5,
          "cartesian": {
            "position": {
              "x": 210.6640163432,
              "y": 5.25
            },
            "velocity": {
              "vx": 32.3601089547157,
              "vy": 0.0
            },
            "acceleration": {
              "ax": -8.0,
              "ay": 0.0
            },
            "lane": 1
          }
        },
        {
          "time": 6.6000000000000005,
          "cartesian": {
            "position": {
              "x": 213.86002723867892,
              "y": 5.25
            },
            "velocity": {
              "vx": 31.560108954715698,
              "vy": 0.0
            },
            "acceleration": {
              "ax": -8.0,
              "ay": 0.0
            },
            "lane": 1
          }
        },
        {
          "time": 6.7,
          "cartesian": {
            "position": {
              "x": 216.9760381341,
              "y": 5.25
            },
            "velocity": {
              "vx": 30.76010895471569,
              "vy": 0.0
            },
            "acceleration": {
              "ax": -8.0,
              "ay": 0.0
            },
            "lane": 1
          }
        },
        {
          "time": 6.800000000000001,
          "cartesian": {
            "position": {
              "x": 220.0120490296,
              "y": 5.25
            },
            "velocity": {
              "vx": 29.960108954715693,
              "vy": 0.0
            },
            "acceleration": {
              "ax": -8.0,
              "ay": 0.0
            },
            "lane": 1
          }
        },
        {
          "time": 6.9,
          "cartesian": {
            "position": {
              "x": 222.9680599250936,
              "y": 5.25
            },
            "velocity": {
              "vx": 29.160108954715692,
              "vy": 0.0
            },
            "acceleration": {
              "ax": -8.0,
              "ay": 0.0
            },
            "lane": 1
          }
        },
        {
          "time": 7.0,
          "cartesian": {
            "position": {
              "x": 225.8440708205,
              "y": 5.25
            },
            "velocity": {
              "vx": 28.360108954715695,
              "vy": 0.0
            },
            "acceleration": {
              "ax": 3.0,
              "ay": 0.0
            },
            "lane": 1
          }
        },
        {
          "time": 7.1000000000000005,
          "cartesian": {
            "position": {
              "x": 228.695081716,
              "y": 5.25
            },
            "velocity": {
              "vx": 28.660108954715696,
              "vy": 0.0
            },
            "acceleration": {
              "ax": -8.0,
              "ay": 0.0
            },
            "lane": 1
          }
        },
        {
          "time": 7.2,
          "cartesian": {
            "position": {
              "x": 231.5210926115,
              "y": 5.25
            },
            "velocity": {
              "vx": 27.860108954715695,
              "vy": 0.0
            },
            "acceleration": {
              "ax": 3.0,
              "ay": 0.0
            },
            "lane": 1
          }
        },
        {
          "time": 7.300000000000001,
          "cartesian": {
            "position": {
              "x": 234.3221035069,
              "y": 5.25
            },
            "velocity": {
              "vx": 28.160108954715696,
              "vy": 0.0
            },
            "acceleration": {
              "ax": 3.0,
              "ay": 0.0
            },
            "lane": 1
          }
        },
        {
          "time": 7.4,
          "cartesian": {
            "position": {
              "x": 237.1531144024,
              "y": 5.25
            },
            "velocity": {
              "vx": 28.460108954715697,
              "vy": 0.0
            },
            "acceleration": {
              "ax": 3.0,
              "ay": 0.0
            },
            "lane": 1
          }
        },
        {
          "time": 7.5,
          "cartesian": {
            "position": {
              "x": 240.0141252979,
              "y": 5.25
            },
            "velocity": {
              "vx": 28.760108954715697,
              "vy": 0.0
            },
            "acceleration": {
              "ax": 3.0,
              "ay": 0.0
            },
            "lane": 1
          }
        },
        {
          "time": 7.6000000000000005,
          "cartesian": {
            "position": {
              "x": 242.9051361933,
              "y": 5.25
            },
            "velocity": {
              "vx": 29.060108954715698,
              "vy": 0.0
            },
            "acceleration": {
              "ax": -8.0,
              "ay": 0.0
            },
            "lane": 1
          }
        },
        {
          "time": 7.7,
          "cartesian": {
            "position": {
              "x": 245.7711470888,
              "y": 5.25
            },
            "velocity": {
              "vx": 28.26010895471569,
              "vy": 0.0
            },
            "acceleration": {
              "ax": -8.0,
              "ay": 0.0
            },
            "lane": 1
          }
        },
        {
          "time": 7.800000000000001,
          "cartesian": {
            "position": {
              "x": 248.5571579843,
              "y": 5.25
            },
            "velocity": {
              "vx": 27.460108954715693,
              "vy": 0.0
            },
            "acceleration": {
              "ax": 3.0,
              "ay": 0.0
            },
            "lane": 1
          }
        },
        {
          "time": 7.9,
          "cartesian": {
            "position": {
              "x": 251.3181688798,
              "y": 5.25
            },
            "velocity": {
              "vx": 27.760108954715694,
              "vy": 0.0
            },
            "acceleration": {
              "ax": 3.0,
              "ay": 0.0
            },
            "lane": 1
          }
        },
        {
          "time": 8.0,
          "cartesian": {
            "position": {
              "x": 254.1091797752,
              "y": 5.25
            },
            "velocity": {
              "vx": 28.060108954715695,
              "vy": 0.0
            },
            "acceleration": {
              "ax": 3.0,
              "ay": 0.0
            },
            "lane": 1
          }
        },
        {
          "time": 8.1,
          "cartesian": {
            "position": {
              "x": 256.9301906707,
              "y": 5.25
            },
            "velocity": {
              "vx": 28.360108954715695,
              "vy": 0.0
            },
            "acceleration": {
              "ax": -8.0,
              "ay": 0.0
            },
            "lane": 1
          }
        },
        {
          "time": 8.200000000000001,
          "cartesian": {
            "position": {
              "x": 259.7262015662,
              "y": 5.25
            },
            "velocity": {
              "vx": 27.560108954715695,
              "vy": 0.0
            },
            "acceleration": {
              "ax": -8.0,
              "ay": 0.0
            },
            "lane": 1
          }
        },
        {
          "time": 8.3,
          "cartesian": {
            "position": {
              "x": 262.4422124616,
              "y": 5.25
            },
            "velocity": {
              "vx": 26.760108954715694,
              "vy": 0.0
            },
            "acceleration": {
              "ax": 3.0,
              "ay": 0.0
            },
            "lane": 1
          }
        },
        {
          "time": 8.4,
          "cartesian": {
            "position": {
              "x": 265.1332233571,
              "y": 5.25
            },
            "velocity": {
              "vx": 27.060108954715695,
              "vy": 0.0
            },
            "acceleration": {
              "ax": -8.0,
              "ay": 0.0
            },
            "lane": 1
          }
        },
        {
          "time": 8.5,
          "cartesian": {
            "position": {
              "x": 267.7992342526,
              "y": 5.25
            },
            "velocity": {
              "vx": 26.260108954715694,
              "vy": 0.0
            },
            "acceleration": {
              "ax": -8.0,
              "ay": 0.0
            },
            "lane": 1
          }
        },
        {
          "time": 8.6,
          "cartesian": {
            "position": {
              "x": 270.3852451481,
              "y": 5.25
            },
            "velocity": {
              "vx": 25.460108954715693,
              "vy": 0.0
            },
            "acceleration": {
              "ax": -8.0,
              "ay": 0.0
            },
            "lane": 1
          }
        },
        {
          "time": 8.700000000000001,
          "cartesian": {
            "position": {
              "x": 272.8912560435,
              "y": 5.25
            },
            "velocity": {
              "vx": 24.660108954715696,
              "vy": 0.0
            },
            "acceleration": {
              "ax": -8.0,
              "ay": 0.0
            },
            "lane": 1
          }
        },
        {
          "time": 8.8,
          "cartesian": {
            "position": {
              "x": 275.317266939,
              "y": 5.25
            },
            "velocity": {
              "vx": 23.860108954715695,
              "vy": 0.0
            },
            "acceleration": {
              "ax": -8.0,
              "ay": 0.0
            },
            "lane": 1
          }
        },
        {
          "time": 8.9,
          "cartesian": {
            "position": {
              "x": 277.6632778345,
              "y": 5.25
            },
            "velocity": {
              "vx": 23.060108954715695,
              "vy": 0.0
            },
            "acceleration": {
              "ax": 3.0,
              "ay": 0.0
            },
            "lane": 1
          }
        },
        {
          "time": 9.0,
          "cartesian": {
            "position": {
              "x": 279.9842887299,
              "y": 5.25
            },
            "velocity": {
              "vx": 23.360108954715695,
              "vy": 0.0
            },
            "acceleration": {
              "ax": 3.0,
              "ay": 0.0
            },
            "lane": 1
          }
        },
        {
          "time": 9.1,
          "cartesian": {
            "position": {
              "x": 282.33529962546817,
              "y": 5.25
            },
            "velocity": {
              "vx": 23.660108954715696,
              "vy": 0.0
            },
            "acceleration": {
              "ax": 3.0,
              "ay": 0.0
            },
            "lane": 1
          }
        },
        {
          "time": 9.200000000000001,
          "cartesian": {
            "position": {
              "x": 284.7163105209,
              "y": 5.25
            },
            "velocity": {
              "vx": 23.960108954715693,
              "vy": 0.0
            },
            "acceleration": {
              "ax": 3.0,
              "ay": 0.0
            },
            "lane": 1
          }
        },
        {
          "time": 9.3,
          "cartesian": {
            "position": {
              "x": 287.1273214164,
              "y": 5.25
            },
            "velocity": {
              "vx": 24.260108954715694,
              "vy": 0.0
            },
            "acceleration": {
              "ax": 3.0,
              "ay": 0.0
            },
            "lane": 1
          }
        },
        {
          "time": 9.4,
          "cartesian": {
            "position": {
              "x": 289.5683323118,
              "y": 5.25
            },
            "velocity": {
              "vx": 24.560108954715695,
              "vy": 0.0
            },
            "acceleration": {
              "ax": -8.0,
              "ay": 0.0
            },
            "lane": 1
          }
        },
        {
          "time": 9.5,
          "cartesian": {
            "position": {
              "x": 291.9843432073,
              "y": 5.25
            },
            "velocity": {
              "vx": 23.760108954715694,
              "vy": 0.0
            },
            "acceleration": {
              "ax": -8.0,
              "ay": 0.0
            },
            "lane": 1
          }
        },
        {
          "time": 9.600000000000001,
          "cartesian": {
            "position": {
              "x": 294.3203541028,
              "y": 5.25
            },
            "velocity": {
              "vx": 22.960108954715693,
              "vy": 0.0
            },
            "acceleration": {
              "ax": -8.0,
              "ay": 0.0
            },
            "lane": 1
          }
        },
        {
          "time": 9.700000000000001,
          "cartesian": {
            "position": {
              "x": 296.5763649982,
              "y": 5.25
            },
            "velocity": {
              "vx": 22.160108954715696,
              "vy": 0.0
            },
            "acceleration": {
              "ax": -8.0,
              "ay": 0.0
            },
            "lane": 1
          }
        },
        {
          "time": 9.8,
          "cartesian": {
            "position": {
              "x": 298.7523758937,
              "y": 5.25
            },
            "velocity": {
              "vx": 21.360108954715695,
              "vy": 0.0
            },
            "acceleration": {
              "ax": -8.0,
              "ay": 0.0
            },
            "lane": 1
          }
        },
        {
          "time": 9.9,
          "cartesian": {
            "position": {
              "x": 300.8483867892,
              "y": 5.25
            },
            "velocity": {
              "vx": 20.560108954715695,
              "vy": 0.0
            },
            "acceleration": {
              "ax": 3.0,
              "ay": 0.0
            },
            "lane": 1
          }
        },
        {
          "time": 10.0,
          "cartesian": {
            "position": {
              "x": 302.9193976847,
              "y": 5.25
            },
            "velocity": {
              "vx": 20.860108954715695,
              "vy": 0.0
            },
            "acceleration": {
              "ax": 0.0,
              "ay": 0.0
            },
            "lane": 1
          }
        }
      ]
    },
    {
      "id": "npc",
      "role": "npc",
      "states": [
        {
          "time": 0.0,
          "cartesian": {
            "position": {
              "x": 60.0,
              "y": 1.75
            },
            "velocity": {
              "vx": 19.55,
              "vy": 0.0
            },
            "acceleration": {
              "ax": 3.0,
              "ay": 0.0
            },
            "lane": 0
          }
        },
        {
          "time": 0.1,
          "cartesian": {
            "position": {
              "x": 61.97,
              "y": 1.75
            },
            "velocity": {
              "vx": 19.85,
              "vy": 0.0
            },
            "acceleration": {
              "ax": 3.0,
              "ay": 0.0
            },
            "lane": 0
          }
        },
        {
          "time": 0.2,
          "cartesian": {
            "position": {
              "x": 63.97,
              "y": 1.75
            },
            "velocity": {
              "vx": 20.15,
              "vy": 0.0
            },
            "acceleration": {
              "ax": 3.0,
              "ay": 0.0
            },
            "lane": 0
          }
        },
        {
          "time": 0.30000000000000004,
          "cartesian": {
            "position": {
              "x": 66.0,
              "y": 1.75
            },
            "velocity": {
              "vx": 20.45,
              "vy": 0.0
            },
            "acceleration": {
              "ax": 3.0,
              "ay": 0.0
            },
            "lane": 0
          }
        },
        {
          "time": 0.4,
          "cartesian": {
            "position": {
              "x": 68.06,
              "y": 1.75
            },
            "velocity": {
              "vx": 20.75,
              "vy": 0.0
            },
            "acceleration": {
              "ax": 3.0,
              "ay": 0.0
            },
            "lane": 0
          }
        },
        {
          "time": 0.5,
          "cartesian": {
            "position": {
              "x": 70.15,
              "y": 1.75
            },
            "velocity": {
              "vx": 21.05,
              "vy": 0.0
            },
            "acceleration": {
              "ax": 3.0,
              "ay": 0.0
            },
            "lane": 0
          }
        },
        {
          "time": 0.6000000000000001,
          "cartesian": {
            "position": {
              "x": 72.27,
              "y": 1.75
            },
            "velocity": {
              "vx": 21.35,
              "vy": 0.0
            },
            "acceleration": {
              "ax": 3.0,
              "ay": 0.0
            },
            "lane": 0
          }
        },
        {
          "time": 0.7000000000000001,
          "cartesian": {
            "position": {
              "x": 74.42,
              "y": 1.75
            },
            "velocity": {
              "vx": 21.65,
              "vy": 0.0
            },
            "acceleration": {
              "ax": 3.0,
              "ay": 0.0
            },
            "lane": 0
          }
        },
        {
          "time": 0.8,
          "cartesian": {
            "position": {
              "x": 76.6,
              "y": 1.75
            },
            "velocity": {
              "vx": 21.95,
              "vy": 0.0
            },
            "acceleration": {
              "ax": 3.0,
              "ay": 0.0
            },
            "lane": 0
          }
        },
        {
          "time": 0.9,
          "cartesian": {
            "position": {
              "x": 78.81,
              "y": 1.75
            },
            "velocity": {
              "vx": 22.25,
              "vy": 0.0
            },
            "acceleration": {
              "ax": 3.0,
              "ay": 0.0
            },
            "lane": 0
          }
        },
        {
          "time": 1.0,
          "cartesian": {
            "position": {
              "x": 81.05,
              "y": 1.75
            },
            "velocity": {
              "vx": 22.55,
              "vy": 0.0
            },
            "acceleration": {
              "ax": 3.0,
              "ay": 0.0
            },
            "lane": 0
          }
        },
        {
          "time": 1.1,
          "cartesian": {
            "position": {
              "x": 83.32,
              "y": 1.75
            },
            "velocity": {
              "vx": 22.85,
              "vy": 0.0
            },
            "acceleration": {
              "ax": 3.0,
              "ay": 0.0
            },
            "lane": 0
          }
        },
        {
          "time": 1.2000000000000002,
          "cartesian": {
            "position": {
              "x": 85.62,
              "y": 1.75
            },
            "velocity": {
              "vx": 23.15,
              "vy": 0.0
            },
            "acceleration": {
              "ax": 3.0,
              "ay": 0.0
            },
            "lane": 0
          }
        },
        {
          "time": 1.3,
          "cartesian": {
            "position": {
              "x": 87.95,
              "y": 1.75
            },
            "velocity": {
              "vx": 23.45,
              "vy": 0.0
            },
            "acceleration": {
              "ax": 3.0,
              "ay": 0.0
            },
            "lane": 0
          }
        },
        {
          "time": 1.4000000000000001,
          "cartesian": {
            "position": {
              "x": 90.31,
              "y": 1.75
            },
            "velocity": {
              "vx": 23.75,
              "vy": 0.0
            },
            "acceleration": {
              "ax": 3.0,
              "ay": 0.0
            },
            "lane": 0
          }
        },
        {
          "time": 1.5,
          "cartesian": {
            "position": {
              "x": 92.7,
              "y": 1.75
            },
            "velocity": {
              "vx": 24.05,
              "vy": 0.0
            },
            "acceleration": {
              "ax": 3.0,
              "ay": 0.0
            },
            "lane": 0
          }
        },
        {
          "time": 1.6,
          "cartesian": {
            "position": {
              "x": 95.12,
              "y": 1.75
            },
            "velocity": {
              "vx": 24.35,
              "vy": 0.0
            },
            "acceleration": {
              "ax": 3.0,
              "ay": 0.0
            },
            "lane": 0
          }
        },
        {
          "time": 1.7000000000000002,
          "cartesian": {
            "position": {
              "x": 97.57,
              "y": 1.75
            },
            "velocity": {
              "vx": 24.65,
              "vy": 0.0
            },
            "acceleration": {
              "ax": 3.0,
              "ay": 0.0
            },
            "lane": 0
          }
        },
        {
          "time": 1.8,
          "cartesian": {
            "position": {
              "x": 100.05,
              "y": 1.75
            },
            "velocity": {
              "vx": 24.95,
              "vy": 0.0
            },
            "acceleration": {
              "ax": 3.0,
              "ay": 0.0
            },
            "lane": 0
          }
        },
        {
          "time": 1.9000000000000001,
          "cartesian": {
            "position": {
              "x": 102.56,
              "y": 1.75
            },
            "velocity": {
              "vx": 25.25,
              "vy": 0.0
            },
            "acceleration": {
              "ax": 3.0,
              "ay": 0.0
            },
            "lane": 0
          }
        },
        {
          "time": 2.0,
          "cartesian": {
            "position": {
              "x": 105.1,
              "y": 1.75
            },
            "velocity": {
              "vx": 25.55,
              "vy": 0.0
            },
            "acceleration": {
              "ax": 3.0,
              "ay": 0.0
            },
            "lane": 0
          }
        },
        {
          "time": 2.1,
          "cartesian": {
            "position": {
              "x": 107.67,
              "y": 1.75
            },
            "velocity": {
              "vx": 25.85,
              "vy": 0.0
            },
            "acceleration": {
              "ax": 3.0,
              "ay": 0.0
            },
            "lane": 0
          }
        },
        {
          "time": 2.2,
          "cartesian": {
            "position": {
              "x": 110.27,
              "y": 1.75
            },
            "velocity": {
              "vx": 26.15,
              "vy": 0.0
            },
            "acceleration": {
              "ax": 3.0,
              "ay": 0.0
            },
            "lane": 0
          }
        },
        {
          "time": 2.3000000000000003,
          "cartesian": {
            "position": {
              "x": 112.9,
              "y": 1.75
            },
            "velocity": {
              "vx": 26.45,
              "vy": 0.0
            },
            "acceleration": {
              "ax": 3.0,
              "ay": 0.0
            },
            "lane": 0
          }
        },
        {
          "time": 2.4000000000000004,
          "cartesian": {
            "position": {
              "x": 115.56,
              "y": 1.75
            },
            "velocity": {
              "vx": 26.75,
              "vy": 0.0
            },
            "acceleration": {
              "ax": 3.0,
              "ay": 0.0
            },
            "lane": 0
          }
        },
        {
          "time": 2.5,
          "cartesian": {
            "position": {
              "x": 118.25,
              "y": 1.75
            },
            "velocity": {
              "vx": 27.05,
              "vy": 0.0
            },
            "acceleration": {
              "ax": 3.0,
              "ay": 0.0
            },
            "lane": 0
          }
        },
        {
          "time": 2.6,
          "cartesian": {
            "position": {
              "x": 120.97,
              "y": 1.75
            },
            "velocity": {
              "vx": 27.35,
              "vy": 0.0
            },
            "acceleration": {
              "ax": 3.0,
              "ay": 0.0
            },
            "lane": 0
          }
        },
        {
          "time": 2.7,
          "cartesian": {
            "position": {
              "x": 123.72,
              "y": 1.75
            },
            "velocity": {
              "vx": 27.65,
              "vy": 0.0
            },
            "acceleration": {
              "ax": 3.0,
              "ay": 0.0
            },
            "lane": 0
          }
        },
        {
          "time": 2.8000000000000003,
          "cartesian": {
            "position": {
              "x": 126.5,
              "y": 1.75
            },
            "velocity": {
              "vx": 27.95,
              "vy": 0.0
            },
            "acceleration": {
              "ax": 3.0,
              "ay": 0.0
            },
            "lane": 0
          }
        },
        {
          "time": 2.9000000000000004,
          "cartesian": {
            "position": {
              "x": 129.31,
              "y": 1.75
            },
            "velocity": {
              "vx": 28.25,
              "vy": 0.0
            },
            "acceleration": {
              "ax": 3.0,
              "ay": 0.0
            },
            "lane": 0
          }
        },
        {
          "time": 3.0,
          "cartesian": {
            "position": {
              "x": 132.15,
              "y": 1.75
            },
            "velocity": {
              "vx": 28.55,
              "vy": 0.0
            },
            "acceleration": {
              "ax": 3.0,
              "ay": 2.0
            },
            "lane": 0
          }
        },
        {
          "time": 3.1,
          "cartesian": {
            "position": {
              "x": 135.02,
              "y": 1.76
            },
            "velocity": {
              "vx": 28.85,
              "vy": 0.2
            },
            "acceleration": {
              "ax": 3.0,
              "ay": 2.0
            },
            "lane": 0
          }
        },
        {
          "time": 3.2,
          "cartesian": {
            "position": {
              "x": 137.92,
              "y": 1.79
            },
            "velocity": {
              "vx": 29.15,
              "vy": 0.4
            },
            "acceleration": {
              "ax": 3.0,
              "ay": 2.0
            },
            "lane": 0
          }
        },
        {
          "time": 3.3000000000000003,
          "cartesian": {
            "position": {
              "x": 140.85,
              "y": 1.84
            },
            "velocity": {
              "vx": 29.45,
              "vy": 0.6
            },
            "acceleration": {
              "ax": 3.0,
              "ay": 2.0
            },
            "lane": 0
          }
        },
        {
          "time": 3.4000000000000004,
          "cartesian": {
            "position": {
              "x": 143.81,
              "y": 1.91
            },
            "velocity": {
              "vx": 29.75,
              "vy": 0.8
            },
            "acceleration": {
              "ax": 3.0,
              "ay": -0.005992509363293941
            },
            "lane": 0
          }
        },
        {
          "time": 3.5,
          "cartesian": {
            "position": {
              "x": 146.8,
              "y": 1.9899700374531832
            },
            "velocity": {
              "vx": 30.05,
              "vy": 0.7994007490636705
            },
            "acceleration": {
              "ax": 3.0,
              "ay": -2.0
            },
            "lane": 0
          }
        },
        {
          "time": 3.6,
          "cartesian": {
            "position": {
              "x": 149.82,
              "y": 2.0599101123595505
            },
            "velocity": {
              "vx": 30.35,
              "vy": 0.5994007490636706
            },
            "acceleration": {
              "ax": 3.0,
              "ay": -2.0
            },
            "lane": 0
          }
        },
        {
          "time": 3.7,
          "cartesian": {
            "position": {
              "x": 152.87,
              "y": 2.1098501872659177
            },
            "velocity": {
              "vx": 30.65,
              "vy": 0.3994007490636706
            },
            "acceleration": {
              "ax": 3.0,
              "ay": -2.0
            },
            "lane": 0
          }
        },
        {
          "time": 3.8000000000000003,
          "cartesian": {
            "position": {
              "x": 155.95,
              "y": 2.1397902621722844
            },
            "velocity": {
              "vx": 30.95,
              "vy": 0.1994007490636706
            },
            "acceleration": {
              "ax": 3.0,
              "ay": -2.0
            },
            "lane": 0
          }
        },
        {
          "time": 3.9000000000000004,
          "cartesian": {
            "position": {
              "x": 159.06,
              "y": 2.1497303370786516
            },
            "velocity": {
              "vx": 31.25,
              "vy": -0.0005992509363293941
            },
            "acceleration": {
              "ax": 0.0,
              "ay": 0.7119850187265879
            },
            "lane": 0
          }
        },
        {
          "time": 4.0,
          "cartesian": {
            "position": {
              "x": 162.185,
              "y": 2.153230337078652
            },
            "velocity": {
              "vx": 31.25,
              "vy": 0.07059925093632939
            },
            "acceleration": {
              "ax": 2.0,
              "ay": 2.0
            },
            "lane": 0
          }
        },
        {
          "time": 4.1000000000000005,
          "cartesian": {
            "position": {
              "x": 165.32,
              "y": 2.170290262172285
            },
            "velocity": {
              "vx": 31.45,
              "vy": 0.2705992509363294
            },
            "acceleration": {
              "ax": -8.0,
              "ay": 1.5
            },
            "lane": 0
          }
        },
        {
          "time": 4.2,
          "cartesian": {
            "position": {
              "x": 168.425,
              "y": 2.204850187265918
            },
            "velocity": {
              "vx": 30.65,
              "vy": 0.4205992509363294
            },
            "acceleration": {
              "ax": 3.0,
              "ay": 2.0
            },
            "lane": 0
          }
        },
        {
          "time": 4.3,
          "cartesian": {
            "position": {
              "x": 171.505,
              "y": 2.2569101123595505
            },
            "velocity": {
              "vx": 30.95,
              "vy": 0.6205992509363294
            },
            "acceleration": {
              "ax": 3.0,
              "ay": 2.0
            },
            "lane": 0
          }
        },
        {
          "time": 4.4,
          "cartesian": {
            "position": {
              "x": 174.615,
              "y": 2.3289700374531837
            },
            "velocity": {
              "vx": 31.25,
              "vy": 0.8205992509363293
            },
            "acceleration": {
              "ax": 0.0,
              "ay": -0.20599250936329394
            },
            "lane": 0
          }
        },
        {
          "time": 4.5,
          "cartesian": {
            "position": {
              "x": 177.74,
              "y": 2.41
            },
            "velocity": {
              "vx": 31.25,
              "vy": 0.7999999999999999
            },
            "acceleration": {
              "ax": 0.0,
              "ay": 2.0
            },
            "lane": 0
          }
        },
        {
          "time": 4.6000000000000005,
          "cartesian": {
            "position": {
              "x": 180.865,
              "y": 2.5
            },
            "velocity": {
              "vx": 31.25,
              "vy": 1.0
            },
            "acceleration": {
              "ax": 0.0,
              "ay": 2.0
            },
            "lane": 0
          }
        },
        {
          "time": 4.7,
          "cartesian": {
            "position": {
              "x": 183.99,
              "y": 2.61
            },
            "velocity": {
              "vx": 31.25,
              "vy": 1.2
            },
            "acceleration": {
              "ax": 0.0,
              "ay": 2.0
            },
            "lane": 0
          }
        },
        {
          "time": 4.800000000000001,
          "cartesian": {
            "position": {
              "x": 187.115,
              "y": 2.74
            },
            "velocity": {
              "vx": 31.25,
              "vy": 1.4000000000000001
            },
            "acceleration": {
              "ax": 0.0,
              "ay": 2.0
            },
            "lane": 0
          }
        },
        {
          "time": 4.9,
          "cartesian": {
            "position": {
              "x": 190.24,
              "y": 2.89
            },
            "velocity": {
              "vx": 31.25,
              "vy": 1.5999999999999999
            },
            "acceleration": {
              "ax": 0.0,
              "ay": 2.0
            },
            "lane": 0
          }
        },
        {
          "time": 5.0,
          "cartesian": {
            "position": {
              "x": 193.365,
              "y": 3.06
            },
            "velocity": {
              "vx": 31.25,
              "vy": 1.8
            },
            "acceleration": {
              "ax": 0.0,
              "ay": 2.0
            },
            "lane": 0
          }
        },
        {
          "time": 5.1000000000000005,
          "cartesian": {
            "position": {
              "x": 196.49,
              "y": 3.25
            },
            "velocity": {
              "vx": 31.25,
              "vy": 2.0
            },
            "acceleration": {
              "ax": 0.0,
              "ay": 0.0
            },
            "lane": 0
          }
        },
        {
          "time": 5.2,
          "cartesian": {
            "position": {
              "x": 199.615,
              "y": 3.45
            },
            "velocity": {
              "vx": 31.25,
              "vy": 2.0
            },
            "acceleration": {
              "ax": -3.6010895471569624,
              "ay": 0.0
            },
            "lane": 0
          }
        },
        {
          "time": 5.300000000000001,
          "cartesian": {
            "position": {
              "x": 202.7219945522,
              "y": 3.65
            },
            "velocity": {
              "vx": 30.8898910452,
              "vy": 2.0
            },
            "acceleration": {
              "ax": 3.0,
              "ay": 0.0
            },
            "lane": 1
          }
        },
        {
          "time": 5.4,
          "cartesian": {
            "position": {
              "x": 205.8259836567,
              "y": 3.85
            },
            "velocity": {
              "vx": 31.1898910452,
              "vy": 2.0
            },
            "acceleration": {
              "ax": 3.0,
              "ay": 0.0
            },
            "lane": 1
          }
        },
        {
          "time": 5.5,
          "cartesian": {
            "position": {
              "x": 208.9599727613,
              "y": 4.05
            },
            "velocity": {
              "vx": 31.4898910452,
              "vy": 2.0
            },
            "acceleration": {
              "ax": 3.0,
              "ay": 0.0
            },
            "lane": 1
          }
        },
        {
          "time": 5.6000000000000005,
          "cartesian": {
            "position": {
              "x": 212.1239618658,
              "y": 4.25
            },
            "velocity": {
              "vx": 31.7898910452,
              "vy": 2.0
            },
            "acceleration": {
              "ax": 3.0,
              "ay": -2.0
            },
            "lane": 1
          }
        },
        {
          "time": 5.7,
          "cartesian": {
            "position": {
              "x": 215.3179509703,
              "y": 4.44
            },
            "velocity": {
              "vx": 32.0898910452,
              "vy": 1.8
            },
            "acceleration": {
              "ax": 3.0,
              "ay": -2.0
            },
            "lane": 1
          }
        },
        {
          "time": 5.800000000000001,
          "cartesian": {
            "position": {
              "x": 218.5419400749,
              "y": 4.61
            },
            "velocity": {
              "vx": 32.3898910452,
              "vy": 1.5999999999999999
            },
            "acceleration": {
              "ax": 3.0,
              "ay": -2.0
            },
            "lane": 1
          }
        },
        {
          "time": 5.9,
          "cartesian": {
            "position": {
              "x": 221.7959291794,
              "y": 4.76
            },
            "velocity": {
              "vx": 32.6898910452,
              "vy": 1.4000000000000001
            },
            "acceleration": {
              "ax": 3.0,
              "ay": -2.0
            },
            "lane": 1
          }
        },
        {
          "time": 6.0,
          "cartesian": {
            "position": {
              "x": 225.0799182839,
              "y": 4.89
            },
            "velocity": {
              "vx": 32.9898910452,
              "vy": 1.2
            },
            "acceleration": {
              "ax": 3.0,
              "ay": -2.0
            },
            "lane": 1
          }
        },
        {
          "time": 6.1000000000000005,
          "cartesian": {
            "position": {
              "x": 228.3939073884,
              "y": 5.0
            },
            "velocity": {
              "vx": 33.2898910452,
              "vy": 1.0
            },
            "acceleration": {
              "ax": -8.0,
              "ay": -2.0
            },
            "lane": 1
          }
        },
        {
          "time": 6.2,
          "cartesian": {
            "position": {
              "x": 231.682896493,
              "y": 5.09
            },
            "velocity": {
              "vx": 32.4898910452,
              "vy": 0.7999999999999999
            },
            "acceleration": {
              "ax": -8.0,
              "ay": -2.0
            },
            "lane": 1
          }
        },
        {
          "time": 6.300000000000001,
          "cartesian": {
            "position": {
              "x": 234.8918855975,
              "y": 5.16
            },
            "velocity": {
              "vx": 31.6898910452,
              "vy": 0.6
            },
            "acceleration": {
              "ax": -4.398910452843037,
              "ay": -2.0
            },
            "lane": 1
          }
        },
        {
          "time": 6.4,
          "cartesian": {
            "position": {
              "x": 238.0388801498,
              "y": 5.21
            },
            "velocity": {
              "vx": 31.25,
              "vy": 0.39999999999999997
            },
            "acceleration": {
              "ax": 0.0,
              "ay": -2.0
            },
            "lane": 1
          }
        },
        {
          "time": 6.5,
          "cartesian": {
            "position": {
              "x": 241.1638801498,
              "y": 5.24
            },
            "velocity": {
              "vx": 31.25,
              "vy": 0.19999999999999998
            },
            "acceleration": {
              "ax": 3.0,
              "ay": -2.0
            },
            "lane": 1
          }
        },
        {
          "time": 6.6000000000000005,
          "cartesian": {
            "position": {
              "x": 244.3038801498,
              "y": 5.25
            },
            "velocity": {
              "vx": 31.55,
              "vy": 0.0
            },
            "acceleration": {
              "ax": -8.0,
              "ay": 0.0
            },
            "lane": 1
          }
        },
        {
          "time": 6.7,
          "cartesian": {
            "position": {
              "x": 247.4188801498,
              "y": 5.25
            },
            "velocity": {
              "vx": 30.75,
              "vy": 0.0
            },
            "acceleration": {
              "ax": -8.0,
              "ay": 0.0
            },
            "lane": 1
          }
        },
        {
          "time": 6.800000000000001,
          "cartesian": {
            "position": {
              "x": 250.4538801498,
              "y": 5.25
            },
            "velocity": {
              "vx": 29.95,
              "vy": 0.0
            },
            "acceleration": {
              "ax": -8.0,
              "ay": 0.0
            },
            "lane": 1
          }
        },
        {
          "time": 6.9,
          "cartesian": {
            "position": {
              "x": 253.4088801498,
              "y": 5.25
            },
            "velocity": {
              "vx": 29.15,
              "vy": 0.0
            },
            "acceleration": {
              "ax": -8.0,
              "ay": 0.0
            },
            "lane": 1
          }
        },
        {
          "time": 7.0,
          "cartesian": {
            "position": {
              "x": 256.2838801498,
              "y": 5.25
            },
            "velocity": {
              "vx": 28.35,
              "vy": 0.0
            },
            "acceleration": {
              "ax": 3.0,
              "ay": 0.0
            },
            "lane": 1
          }
        },
        {
          "time": 7.1000000000000005,
          "cartesian": {
            "position": {
              "x": 259.1338801498,
              "y": 5.25
            },
            "velocity": {
              "vx": 28.65,
              "vy": 0.0
            },
            "acceleration": {
              "ax": -8.0,
              "ay": 0.0
            },
            "lane": 1
          }
        },
        {
          "time": 7.2,
          "cartesian": {
            "position": {
              "x": 261.9588801498,
              "y": 5.25
            },
            "velocity": {
              "vx": 27.85,
              "vy": 0.0
            },
            "acceleration": {
              "ax": 3.0,
              "ay": 0.0
            },
            "lane": 1
          }
        },
        {
          "time": 7.300000000000001,
          "cartesian": {
            "position": {
              "x": 264.7588801498,
              "y": 5.25
            },
            "velocity": {
              "vx": 28.15,
              "vy": 0.0
            },
            "acceleration": {
              "ax": 3.0,
              "ay": 0.0
            },
            "lane": 1
          }
        },
        {
          "time": 7.4,
          "cartesian": {
            "position": {
              "x": 267.5888801498,
              "y": 5.25
            },
            "velocity": {
              "vx": 28.45,
              "vy": 0.0
            },
            "acceleration": {
              "ax": 3.0,
              "ay": 0.0
            },
            "lane": 1
          }
        },
        {
          "time": 7.5,
          "cartesian": {
            "position": {
              "x": 270.4488801498,
              "y": 5.25
            },
            "velocity": {
              "vx": 28.75,
              "vy": 0.0
            },
            "acceleration": {
              "ax": 3.0,
              "ay": 0.0
            },
            "lane": 1
          }
        },
        {
          "time": 7.6000000000000005,
          "cartesian": {
            "position": {
              "x": 273.3388801498,
              "y": 5.25
            },
            "velocity": {
              "vx": 29.05,
              "vy": 0.0
            },
            "acceleration": {
              "ax": -8.0,
              "ay": 0.0
            },
            "lane": 1
          }
        },
        {
          "time": 7.7,
          "cartesian": {
            "position": {
              "x": 276.2038801498,
              "y": 5.25
            },
            "velocity": {
              "vx": 28.25,
              "vy": 0.0
            },
            "acceleration": {
              "ax": -8.0,
              "ay": 0.0
            },
            "lane": 1
          }
        },
        {
          "time": 7.800000000000001,
          "cartesian": {
            "position": {
              "x": 278.9888801498,
              "y": 5.25
            },
            "velocity": {
              "vx": 27.45,
              "vy": 0.0
            },
            "acceleration": {
              "ax": 3.0,
              "ay": 0.0
            },
            "lane": 1
          }
        },
        {
          "time": 7.9,
          "cartesian": {
            "position": {
              "x": 281.7488801498,
              "y": 5.25
            },
            "velocity": {
              "vx": 27.75,
              "vy": 0.0
            },
            "acceleration": {
              "ax": 3.0,
              "ay": 0.0
            },
            "lane": 1
          }
        },
        {
          "time": 8.0,
          "cartesian": {
            "position": {
              "x": 284.5388801498,
              "y": 5.25
            },
            "velocity": {
              "vx": 28.05,
              "vy": 0.0
            },
            "acceleration": {
              "ax": 3.0,
              "ay": 0.0
            },
            "lane": 1
          }
        },
        {
          "time": 8.1,
          "cartesian": {
            "position": {
              "x": 287.3588801498,
              "y": 5.25
            },
            "velocity": {
              "vx": 28.35,
              "vy": 0.0
            },
            "acceleration": {
              "ax": -8.0,
              "ay": 0.0
            },
            "lane": 1
          }
        },
        {
          "time": 8.200000000000001,
          "cartesian": {
            "position": {
              "x": 290.1538801498,
              "y": 5.25
            },
            "velocity": {
              "vx": 27.55,
              "vy": 0.0
            },
            "acceleration": {
              "ax": -8.0,
              "ay": 0.0
            },
            "lane": 1
          }
        },
        {
          "time": 8.3,
          "cartesian": {
            "position": {
              "x": 292.8688801498,
              "y": 5.25
            },
            "velocity": {
              "vx": 26.75,
              "vy": 0.0
            },
            "acceleration": {
              "ax": 3.0,
              "ay": 0.0
            },
            "lane": 1
          }
        },
        {
          "time": 8.4,
          "cartesian": {
            "position": {
              "x": 295.5588801498,
              "y": 5.25
            },
            "velocity": {
              "vx": 27.05,
              "vy": 0.0
            },
            "acceleration": {
              "ax": -8.0,
              "ay": 0.0
            },
            "lane": 1
          }
        },
        {
          "time": 8.5,
          "cartesian": {
            "position": {
              "x": 298.2238801498,
              "y": 5.25
            },
            "velocity": {
              "vx": 26.25,
              "vy": 0.0
            },
            "acceleration": {
              "ax": -8.0,
              "ay": 0.0
            },
            "lane": 1
          }
        },
        {
          "time": 8.6,
          "cartesian": {
            "position": {
              "x": 300.8088801498,
              "y": 5.25
            },
            "velocity": {
              "vx": 25.45,
              "vy": 0.0
            },
            "acceleration": {
              "ax": -8.0,
              "ay": 0.0
            },
            "lane": 1
          }
        },
        {
          "time": 8.700000000000001,
          "cartesian": {
            "position": {
              "x": 303.3138801498,
              "y": 5.25
            },
            "velocity": {
              "vx": 24.65,
              "vy": 0.0
            },
            "acceleration": {
              "ax": -8.0,
              "ay": 0.0
            },
            "lane": 1
          }
        },
        {
          "time": 8.8,
          "cartesian": {
            "position": {
              "x": 305.7388801498,
              "y": 5.25
            },
            "velocity": {
              "vx": 23.85,
              "vy": 0.0
            },
            "acceleration": {
              "ax": -8.0,
              "ay": 0.0
            },
            "lane": 1
          }
        },
        {
          "time": 8.9,
          "cartesian": {
            "position": {
              "x": 308.0838801498,
              "y": 5.25
            },
            "velocity": {
              "vx": 23.05,
              "vy": 0.0
            },
            "acceleration": {
              "ax": -8.0,
              "ay": 0.0
            },
            "lane": 1
          }
        },
        {
          "time": 9.0,
          "cartesian": {
            "position": {
              "x": 310.3488801498,
              "y": 5.25
            },
            "velocity": {
              "vx": 22.25,
              "vy": 0.0
            },
            "acceleration": {
              "ax": -8.0,
              "ay": 0.0
            },
            "lane": 1
          }
        },
        {
          "time": 9.1,
          "cartesian": {
            "position": {
              "x": 312.5338801498,
              "y": 5.25
            },
            "velocity": {
              "vx": 21.45,
              "vy": 0.0
            },
            "acceleration": {
              "ax": -8.0,
              "ay": 0.0
            },
            "lane": 1
          }
        },
        {
          "time": 9.200000000000001,
          "cartesian": {
            "position": {
              "x": 314.6388801498,
              "y": 5.25
            },
            "velocity": {
              "vx": 20.65,
              "vy": 0.0
            },
            "acceleration": {
              "ax": -8.0,
              "ay": 0.0
            },
            "lane": 1
          }
        },
        {
          "time": 9.3,
          "cartesian": {
            "position": {
              "x": 316.6638801498,
              "y": 5.25
            },
            "velocity": {
              "vx": 19.85,
              "vy": 0.0
            },
            "acceleration": {
              "ax": -8.0,
              "ay": 0.0
            },
            "lane": 1
          }
        },
        {
          "time": 9.4,
          "cartesian": {
            "position": {
              "x": 318.6088801498,
              "y": 5.25
            },
            "velocity": {
              "vx": 19.05,
              "vy": 0.0
            },
            "acceleration": {
              "ax": 3.0,
              "ay": 0.0
            },
            "lane": 1
          }
        },
        {
          "time": 9.5,
          "cartesian": {
            "position": {
              "x": 320.5288801498,
              "y": 5.25
            },
            "velocity": {
              "vx": 19.35,
              "vy": 0.0
            },
            "acceleration": {
              "ax": 3.0,
              "ay": 0.0
            },
            "lane": 1
          }
        },
        {
          "time": 9.600000000000001,
          "cartesian": {
            "position": {
              "x": 322.4788801498,
              "y": 5.25
            },
            "velocity": {
              "vx": 19.65,
              "vy": 0.0
            },
            "acceleration": {
              "ax": 3.0,
              "ay": 0.0
            },
            "lane": 1
          }
        },
        {
          "time": 9.700000000000001,
          "cartesian": {
            "position": {
              "x": 324.4588801498,
              "y": 5.25
            },
            "velocity": {
              "vx": 19.95,
              "vy": 0.0
            },
            "acceleration": {
              "ax": 3.0,
              "ay": 0.0
            },
            "lane": 1
          }
        },
        {
          "time": 9.8,
          "cartesian": {
            "position": {
              "x": 326.4688801498,
              "y": 5.25
            },
            "velocity": {
              "vx": 20.25,
              "vy": 0.0
            },
            "acceleration": {
              "ax": 3.0,
              "ay": 0.0
            },
            "lane": 1
          }
        },
        {
          "time": 9.9,
          "cartesian": {
            "position": {
              "x": 328.5088801498,
              "y": 5.25
            },
            "velocity": {
              "vx": 20.55,
              "vy": 0.0
            },
            "acceleration": {
              "ax": 3.0,
              "ay": 0.0
            },
            "lane": 1
          }
        },
        {
          "time": 10.0,
          "cartesian": {
            "position": {
              "x": 330.5788801498,
              "y": 5.25
            },
            "velocity": {
              "vx": 20.85,
              "vy": 0.0
            },
            "acceleration": {
              "ax": 0.0,
              "ay": 0.0
            },
            "lane": 1
          }
        }
      ]
    }
  ],
  "validation": {
    "min_ttc": 5.270412631885673,
    "min_distance": 27.659482465099984,
    "all_constraints_satisfied": true,
    "safety_violations": [],
    "max_acceleration": 3.0,
    "max_deceleration": -8.0,
    "acceleration_violations": []
  }
}
