---
source: tests/snapshot_test.rs
assertion_line: 79
expression: json
---
{
  "scenario_id": "[uuid]",
  "scenario_type": "cut_in_left",
  "time_step": 0.1,
  "duration": 10.0,
  "road": {
    "num_lanes": 3,
    "lane_width": 3.5,
    "lane_directions": [
      1,
      1,
      -1
    ],
    "road_length": 300.0
  },
  "actors": [
    {
      "id": "ego",
      "role": "ego",
      "states": [
        {
          "time": 0.0,
          "cartesian": {
            "position": {
              "x": 0.0,
              "y": 5.25
            },
            "velocity": {
              "vx": 16.0,
              "vy": 0.0
            },
            "acceleration": {
              "ax": 3.0,
              "ay": 0.0
            },
            "lane": 1
          }
        },
        {
          "time": 0.1,
          "cartesian": {
            "position": {
              "x": 1.615,
              "y": 5.25
            },
            "velocity": {
              "vx": 16.3,
              "vy": 0.0
            },
            "acceleration": {
              "ax": 3.0,
              "ay": 0.0
            },
            "lane": 1
          }
        },
        {
          "time": 0.2,
          "cartesian": {
            "position": {
              "x": 3.26,
              "y": 5.25
            },
            "velocity": {
              "vx": 16.6,
              "vy": 0.0
            },
            "acceleration": {
              "ax": 3.0,
              "ay": 0.0
            },
            "lane": 1
          }
        },
        {
          "time": 0.30000000000000004,
          "cartesian": {
            "position": {
              "x": 4.935,
              "y": 5.25
            },
            "velocity": {
              "vx": 16.9,
              "vy": 0.0
            },
            "acceleration": {
              "ax": 3.0,
              "ay": 0.0
            },
            "lane": 1
          }
        },
        {
          "time": 0.4,
          "cartesian": {
            "position": {
              "x": 6.64,
              "y": 5.25
            },
            "velocity": {
              "vx": 17.2,
              "vy": 0.0
            },
            "acceleration": {
              "ax": 3.0,
              "ay": 0.0
            },
            "lane": 1
          }
        },
        {
          "time": 0.5,
          "cartesian": {
            "position": {
              "x": 8.375,
              "y": 5.25
            },
            "velocity": {
              "vx": 17.5,
              "vy": 0.0
            },
            "acceleration": {
              "ax": 3.0,
              "ay": 0.0
            },
            "lane": 1
          }
        },
        {
          "time": 0.6000000000000001,
          "cartesian": {
            "position": {
              "x": 10.14,
              "y": 5.25
            },
            "velocity": {
              "vx": 17.8,
              "vy": 0.0
            },
            "acceleration": {
              "ax": 3.0,
              "ay": 0.0
            },
            "lane": 1
          }
        },
        {
          "time": 0.7000000000000001,
          "cartesian": {
            "position": {
              "x": 11.935,
              "y": 5.25
            },
            "velocity": {
              "vx": 18.1,
              "vy": 0.0
            },
            "acceleration": {
              "ax": 3.0,
              "ay": 0.0
            },
            "lane": 1
          }
        },
        {
          "time": 0.8,
          "cartesian": {
            "position": {
              "x": 13.76,
              "y": 5.25
            },
            "velocity": {
              "vx": 18.4,
              "vy": 0.0
            },
            "acceleration": {
              "ax": 3.0,
              "ay": 0.0
            },
            "lane": 1
          }
        },
        {
          "time": 0.9,
          "cartesian": {
            "position": {
              "x": 15.615,
              "y": 5.25
            },
            "velocity": {
              "vx": 18.7,
              "vy": 0.0
            },
            "acceleration": {
              "ax": 3.0,
              "ay": 0.0
            },
            "lane": 1
          }
        },
        {
          "time": 1.0,
          "cartesian": {
            "position": {
              "x": 17.5,
              "y": 5.25
            },
            "velocity": {
              "vx": 19.0,
              "vy": 0.0
            },
            "acceleration": {
              "ax": 3.0,
              "ay": 0.0
            },
            "lane": 1
          }
        },
        {
          "time": 1.1,
          "cartesian": {
            "position": {
              "x": 19.415,
              "y": 5.25
            },
            "velocity": {
              "vx": 19.3,
              "vy": 0.0
            },
            "acceleration": {
              "ax": 3.0,
              "ay": 0.0
            },
            "lane": 1
          }
        },
        {
          "time": 1.2000000000000002,
          "cartesian": {
            "position": {
              "x": 21.36,
              "y": 5.25
            },
            "velocity": {
              "vx": 19.6,
              "vy": 0.0
            },
            "acceleration": {
              "ax": 3.0,
              "ay": 0.0
            },
            "lane": 1
          }
        },
        {
          "time": 1.3,
          "cartesian": {
            "position": {
              "x": 23.335,
              "y": 5.25
            },
            "velocity": {
              "vx": 19.9,
              "vy": 0.0
            },
            "acceleration": {
              "ax": 3.0,
              "ay": 0.0
            },
            "lane": 1
          }
        },
        {
          "time": 1.4000000000000001,
          "cartesian": {
            "position": {
              "x": 25.34,
              "y": 5.25
            },
            "velocity": {
              "vx": 20.2,
              "vy": 0.0
            },
            "acceleration": {
              "ax": 3.0,
              "ay": 0.0
            },
            "lane": 1
          }
        },
        {
          "time": 1.5,
          "cartesian": {
            "position": {
              "x": 27.375,
              "y": 5.25
            },
            "velocity": {
              "vx": 20.5,
              "vy": 0.0
            },
            "acceleration": {
              "ax": 3.0,
              "ay": 0.0
            },
            "lane": 1
          }
        },
        {
          "time": 1.6,
          "cartesian": {
            "position": {
              "x": 29.44,
              "y": 5.25
            },
            "velocity": {
              "vx": 20.8,
              "vy": 0.0
            },
            "acceleration": {
              "ax": 3.0,
              "ay": 0.0
            },
            "lane": 1
          }
        },
        {
          "time": 1.7000000000000002,
          "cartesian": {
            "position": {
              "x": 31.535,
              "y": 5.25
            },
            "velocity": {
              "vx": 21.1,
              "vy": 0.0
            },
            "acceleration": {
              "ax": 3.0,
              "ay": 0.0
            },
            "lane": 1
          }
        },
        {
          "time": 1.8,
          "cartesian": {
            "position": {
              "x": 33.66,
              "y": 5.25
            },
            "velocity": {
              "vx": 21.4,
              "vy": 0.0
            },
            "acceleration": {
              "ax": 3.0,
              "ay": 0.0
            },
            "lane": 1
          }
        },
        {
          "time": 1.9000000000000001,
          "cartesian": {
            "position": {
              "x": 35.815,
              "y": 5.25
            },
            "velocity": {
              "vx": 21.7,
              "vy": 0.0
            },
            "acceleration": {
              "ax": 3.0,
              "ay": 0.0
            },
            "lane": 1
          }
        },
        {
          "time": 2.0,
          "cartesian": {
            "position": {
              "x": 38.0,
              "y": 5.25
            },
            "velocity": {
              "vx": 22.0,
              "vy": 0.0
            },
            "acceleration": {
              "ax": 3.0,
              "ay": 0.0
            },
            "lane": 1
          }
        },
        {
          "time": 2.1,
          "cartesian": {
            "position": {
              "x": 40.215,
              "y": 5.25
            },
            "velocity": {
              "vx": 22.3,
              "vy": 0.0
            },
            "acceleration": {
              "ax": 3.0,
              "ay": 0.0
            },
            "lane": 1
          }
        },
        {
          "time": 2.2,
          "cartesian": {
            "position": {
              "x": 42.46,
              "y": 5.25
            },
            "velocity": {
              "vx": 22.6,
              "vy": 0.0
            },
            "acceleration": {
              "ax": 3.0,
              "ay": 0.0
            },
            "lane": 1
          }
        },
        {
          "time": 2.3000000000000003,
          "cartesian": {
            "position": {
              "x": 44.735,
              "y": 5.25
            },
            "velocity": {
              "vx": 22.9,
              "vy": 0.0
            },
            "acceleration": {
              "ax": 3.0,
              "ay": 0.0
            },
            "lane": 1
          }
        },
        {
          "time": 2.4000000000000004,
          "cartesian": {
            "position": {
              "x": 47.04,
              "y": 5.25
            },
            "velocity": {
              "vx": 23.2,
              "vy": 0.0
            },
            "acceleration": {
              "ax": 3.0,
              "ay": 0.0
            },
            "lane": 1
          }
        },
        {
          "time": 2.5,
          "cartesian": {
            "position": {
              "x": 49.375,
              "y": 5.25
            },
            "velocity": {
              "vx": 23.5,
              "vy": 0.0
            },
            "acceleration": {
              "ax": 3.0,
              "ay": 0.0
            },
            "lane": 1
          }
        },
        {
          "time": 2.6,
          "cartesian": {
            "position": {
              "x": 51.74,
              "y": 5.25
            },
            "velocity": {
              "vx": 23.8,
              "vy": 0.0
            },
            "acceleration": {
              "ax": 3.0,
              "ay": 0.0
            },
            "lane": 1
          }
        },
        {
          "time": 2.7,
          "cartesian": {
            "position": {
              "x": 54.135,
              "y": 5.25
            },
            "velocity": {
              "vx": 24.1,
              "vy": 0.0
            },
            "acceleration": {
              "ax": 3.0,
              "ay": 0.0
            },
            "lane": 1
          }
        },
        {
          "time": 2.8000000000000003,
          "cartesian": {
            "position": {
              "x": 56.56,
              "y": 5.25
            },
            "velocity": {
              "vx": 24.4,
              "vy": 0.0
            },
            "acceleration": {
              "ax": 3.0,
              "ay": 0.0
            },
            "lane": 1
          }
        },
        {
          "time": 2.9000000000000004,
          "cartesian": {
            "position": {
              "x": 59.015,
              "y": 5.25
            },
            "velocity": {
              "vx": 24.7,
              "vy": 0.0
            },
            "acceleration": {
              "ax": 3.0,
              "ay": 0.0
            },
            "lane": 1
          }
        },
        {
          "time": 3.0,
          "cartesian": {
            "position": {
              "x": 61.5,
              "y": 5.25
            },
            "velocity": {
              "vx": 25.0,
              "vy": 0.0
            },
            "acceleration": {
              "ax": 3.0,
              "ay": 0.0
            },
            "lane": 1
          }
        },
        {
          "time": 3.1,
          "cartesian": {
            "position": {
              "x": 64.015,
              "y": 5.25
            },
            "velocity": {
              "vx": 25.3,
              "vy": 0.0
            },
            "acceleration": {
              "ax": 3.0,
              "ay": 0.0
            },
            "lane": 1
          }
        },
        {
          "time": 3.2,
          "cartesian": {
            "position": {
              "x": 66.56,
              "y": 5.25
            },
            "velocity": {
              "vx": 25.6,
              "vy": 0.0
            },
            "acceleration": {
              "ax": 3.0,
              "ay": 0.0
            },
            "lane": 1
          }
        },
        {
          "time": 3.3000000000000003,
          "cartesian": {
            "position": {
              "x": 69.135,
              "y": 5.25
            },
            "velocity": {
              "vx": 25.9,
              "vy": 0.0
            },
            "acceleration": {
              "ax": 3.0,
              "ay": 0.0
            },
            "lane": 1
          }
        },
        {
          "time": 3.4000000000000004,
          "cartesian": {
            "position": {
              "x": 71.74,
              "y": 5.25
            },
            "velocity": {
              "vx": 26.2,
              "vy": 0.0
            },
            "acceleration": {
              "ax": 3.0,
              "ay": 0.0
            },
            "lane": 1
          }
        },
        {
          "time": 3.5,
          "cartesian": {
            "position": {
              "x": 74.375,
              "y": 5.25
            },
            "velocity": {
              "vx": 26.5,
              "vy": 0.0
            },
            "acceleration": {
              "ax": 3.0,
              "ay": 0.0
            },
            "lane": 1
          }
        },
        {
          "time": 3.6,
          "cartesian": {
            "position": {
              "x": 77.04,
              "y": 5.25
            },
            "velocity": {
              "vx": 26.8,
              "vy": 0.0
            },
            "acceleration": {
              "ax": 3.0,
              "ay": 0.0
            },
            "lane": 1
          }
        },
        {
          "time": 3.7,
          "cartesian": {
            "position": {
              "x": 79.735,
              "y": 5.25
            },
            "velocity": {
              "vx": 27.1,
              "vy": 0.0
            },
            "acceleration": {
              "ax": 3.0,
              "ay": 0.0
            },
            "lane": 1
          }
        },
        {
          "time": 3.8000000000000003,
          "cartesian": {
            "position": {
              "x": 82.46,
              "y": 5.25
            },
            "velocity": {
              "vx": 27.4,
              "vy": 0.0
            },
            "acceleration": {
              "ax": 3.0,
              "ay": 0.0
            },
            "lane": 1
          }
        },
        {
          "time": 3.9000000000000004,
          "cartesian": {
            "position": {
              "x": 85.215,
              "y": 5.25
            },
            "velocity": {
              "vx": 27.7,
              "vy": 0.0
            },
            "acceleration": {
              "ax": 3.0,
              "ay": 0.0
            },
            "lane": 1
          }
        },
        {
          "time": 4.0,
          "cartesian": {
            "position": {
              "x": 88.0,
              "y": 5.25
            },
            "velocity": {
              "vx": 28.0,
              "vy": 0.0
            },
            "acceleration": {
              "ax": 3.0,
              "ay": 0.0
            },
            "lane": 1
          }
        },
        {
          "time": 4.1000000000000005,
          "cartesian": {
            "position": {
              "x": 90.815,
              "y": 5.25
            },
            "velocity": {
              "vx": 28.3,
              "vy": 0.0
            },
            "acceleration": {
              "ax": 3.0,
              "ay": 0.0
            },
            "lane": 1
          }
        },
        {
          "time": 4.2,
          "cartesian": {
            "position": {
              "x": 93.66,
              "y": 5.25
            },
            "velocity": {
              "vx": 28.6,
              "vy": 0.0
            },
            "acceleration": {
              "ax": 3.0,
              "ay": 0.0
            },
            "lane": 1
          }
        },
        {
          "time": 4.3,
          "cartesian": {
            "position": {
              "x": 96.535,
              "y": 5.25
            },
            "velocity": {
              "vx": 28.9,
              "vy": 0.0
            },
            "acceleration": {
              "ax": 3.0,
              "ay": 0.0
            },
            "lane": 1
          }
        },
        {
          "time": 4.4,
          "cartesian": {
            "position": {
              "x": 99.44,
              "y": 5.25
            },
            "velocity": {
              "vx": 29.2,
              "vy": 0.0
            },
            "acceleration": {
              "ax": 3.0,
              "ay": 0.0
            },
            "lane": 1
          }
        },
        {
          "time": 4.5,
          "cartesian": {
            "position": {
              "x": 102.375,
              "y": 5.25
            },
            "velocity": {
              "vx": 29.5,
              "vy": 0.0
            },
            "acceleration": {
              "ax": 3.0,
              "ay": 0.0
            },
            "lane": 1
          }
        },
        {
          "time": 4.6000000000000005,
          "cartesian": {
            "position": {
              "x": 105.34,
              "y": 5.25
            },
            "velocity": {
              "vx": 29.8,
              "vy": 0.0
            },
            "acceleration": {
              "ax": 3.0,
              "ay": 0.0
            },
            "lane": 1
          }
        },
        {
          "time": 4.7,
          "cartesian": {
            "position": {
              "x": 108.335,
              "y": 5.25
            },
            "velocity": {
              "vx": 30.1,
              "vy": 0.0
            },
            "acceleration": {
              "ax": 3.0,
              "ay": 0.0
            },
            "lane": 1
          }
        },
        {
          "time": 4.800000000000001,
          "cartesian": {
            "position": {
              "x": 111.36,
              "y": 5.25
            },
            "velocity": {
              "vx": 30.4,
              "vy": 0.0
            },
            "acceleration": {
              "ax": 3.0,
              "ay": 0.0
            },
            "lane": 1
          }
        },
        {
          "time": 4.9,
          "cartesian": {
            "position": {
              "x": 114.415,
              "y": 5.25
            },
            "velocity": {
              "vx": 30.7,
              "vy": 0.0
            },
            "acceleration": {
              "ax": 3.0,
              "ay": 0.0
            },
            "lane": 1
          }
        },
        {
          "time": 5.0,
          "cartesian": {
            "position": {
              "x": 117.5,
              "y": 5.25
            },
            "velocity": {
              "vx": 31.0,
              "vy": 0.0
            },
            "acceleration": {
              "ax": 3.0,
              "ay": 0.0
            },
            "lane": 1
          }
        },
        {
          "time": 5.1000000000000005,
          "cartesian": {
            "position": {
              "x": 120.615,
              "y": 5.25
            },
            "velocity": {
              "vx": 31.3,
              "vy": 0.0
            },
            "acceleration": {
              "ax": 3.0,
              "ay": 0.0
            },
            "lane": 1
          }
        },
        {
          "time": 5.2,
          "cartesian": {
            "position": {
              "x": 123.76,
              "y": 5.25
            },
            "velocity": {
              "vx": 31.6,
              "vy": 0.0
            },
            "acceleration": {
              "ax": 3.0,
              "ay": 0.0
            },
            "lane": 1
          }
        },
        {
          "time": 5.300000000000001,
          "cartesian": {
            "position": {
              "x": 126.935,
              "y": 5.25
            },
            "velocity": {
              "vx": 31.9,
              "vy": 0.0
            },
            "acceleration": {
              "ax": 3.0,
              "ay": 0.0
            },
            "lane": 1
          }
        },
        {
          "time": 5.4,
          "cartesian": {
            "position": {
              "x": 130.14,
              "y": 5.25
            },
            "velocity": {
              "vx": 32.2,
              "vy": 0.0
            },
            "acceleration": {
              "ax": 3.0,
              "ay": 0.0
            },
            "lane": 1
          }
        },
        {
          "time": 5.5,
          "cartesian": {
            "position": {
              "x": 133.375,
              "y": 5.25
            },
            "velocity": {
              "vx": 32.5,
              "vy": 0.0
            },
            "acceleration": {
              "ax": 3.0,
              "ay": 0.0
            },
            "lane": 1
          }
        },
        {
          "time": 5.6000000000000005,
          "cartesian": {
            "position": {
              "x": 136.64,
              "y": 5.25
            },
            "velocity": {
              "vx": 32.8,
              "vy": 0.0
            },
            "acceleration": {
              "ax": -8.0,
              "ay": 0.0
            },
            "lane": 1
          }
        },
        {
          "time": 5.7,
          "cartesian": {
            "position": {
              "x": 139.88,
              "y": 5.25
            },
            "velocity": {
              "vx": 32.0,
              "vy": 0.0
            },
            "acceleration": {
              "ax": -8.0,
              "ay": 0.0
            },
            "lane": 1
          }
        },
        {
          "time": 5.800000000000001,
          "cartesian": {
            "position": {
              "x": 143.04,
              "y": 5.25
            },
            "velocity": {
              "vx": 31.2,
              "vy": 0.0
            },
            "acceleration": {
              "ax": -8.0,
              "ay": 0.0
            },
            "lane": 1
          }
        },
        {
          "time": 5.9,
          "cartesian": {
            "position": {
              "x": 146.12,
              "y": 5.25
            },
            "velocity": {
              "vx": 30.4,
              "vy": 0.0
            },
            "acceleration": {
              "ax": -8.0,
              "ay": 0.0
            },
            "lane": 1
          }
        },
        {
          "time": 6.0,
          "cartesian": {
            "position": {
              "x": 149.12,
              "y": 5.25
            },
            "velocity": {
              "vx": 29.6,
              "vy": 0.0
            },
            "acceleration": {
              "ax": -8.0,
              "ay": 0.0
            },
            "lane": 1
          }
        },
        {
          "time": 6.1000000000000005,
          "cartesian": {
            "position": {
              "x": 152.04,
              "y": 5.25
            },
            "velocity": {
              "vx": 28.8,
              "vy": 0.0
            },
            "acceleration": {
              "ax": -8.0,
              "ay": 0.0
            },
            "lane": 1
          }
        },
        {
          "time": 6.2,
          "cartesian": {
            "position": {
              "x": 154.88,
              "y": 5.25
            },
            "velocity": {
              "vx": 28.0,
              "vy": 0.0
            },
            "acceleration": {
              "ax": -8.0,
              "ay": 0.0
            },
            "lane": 1
          }
        },
        {
          "time": 6.300000000000001,
          "cartesian": {
            "position": {
              "x": 157.64,
              "y": 5.25
            },
            "velocity": {
              "vx": 27.2,
              "vy": 0.0
            },
            "acceleration": {
              "ax": -8.0,
              "ay": 0.0
            },
            "lane": 1
          }
        },
        {
          "time": 6.4,
          "cartesian": {
            "position": {
              "x": 160.32,
              "y": 5.25
            },
            "velocity": {
              "vx": 26.4,
              "vy": 0.0
            },
            "acceleration": {
              "ax": -8.0,
              "ay": 0.0
            },
            "lane": 1
          }
        },
        {
          "time": 6.5,
          "cartesian": {
            "position": {
              "x": 162.92,
              "y": 5.25
            },
            "velocity": {
              "vx": 25.6,
              "vy": 0.0
            },
            "acceleration": {
              "ax": -8.0,
              "ay": 0.0
            },
            "lane": 1
          }
        },
        {
          "time": 6.6000000000000005,
          "cartesian": {
            "position": {
              "x": 165.44,
              "y": 5.25
            },
            "velocity": {
              "vx": 24.8,
              "vy": 0.0
            },
            "acceleration": {
              "ax": -8.0,
              "ay": 0.0
            },
            "lane": 1
          }
        },
        {
          "time": 6.7,
          "cartesian": {
            "position": {
              "x": 167.88,
              "y": 5.25
            },
            "velocity": {
              "vx": 24.0,
              "vy": 0.0
            },
            "acceleration": {
              "ax": -8.0,
              "ay": 0.0
            },
            "lane": 1
          }
        },
        {
          "time": 6.800000000000001,
          "cartesian": {
            "position": {
              "x": 170.24,
              "y": 5.25
            },
            "velocity": {
              "vx": 23.2,
              "vy": 0.0
            },
            "acceleration": {
              "ax": -8.0,
              "ay": 0.0
            },
            "lane": 1
          }
        },
        {
          "time": 6.9,
          "cartesian": {
            "position": {
              "x": 172.52,
              "y": 5.25
            },
            "velocity": {
              "vx": 22.4,
              "vy": 0.0
            },
            "acceleration": {
              "ax": -8.0,
              "ay": 0.0
            },
            "lane": 1
          }
        },
        {
          "time": 7.0,
          "cartesian": {
            "position": {
              "x": 174.72,
              "y": 5.25
            },
            "velocity": {
              "vx": 21.6,
              "vy": 0.0
            },
            "acceleration": {
              "ax": -8.0,
              "ay": 0.0
            },
            "lane": 1
          }
        },
        {
          "time": 7.1000000000000005,
          "cartesian": {
            "position": {
              "x": 176.84,
              "y": 5.25
            },
            "velocity": {
              "vx": 20.8,
              "vy": 0.0
            },
            "acceleration": {
              "ax": -8.0,
              "ay": 0.0
            },
            "lane": 1
          }
        },
        {
          "time": 7.2,
          "cartesian": {
            "position": {
              "x": 178.88,
              "y": 5.25
            },
            "velocity": {
              "vx": 20.0,
              "vy": 0.0
            },
            "acceleration": {
              "ax": -8.0,
              "ay": 0.0
            },
            "lane": 1
          }
        },
        {
          "time": 7.300000000000001,
          "cartesian": {
            "position": {
              "x": 180.84,
              "y": 5.25
            },
            "velocity": {
              "vx": 19.2,
              "vy": 0.0
            },
            "acceleration": {
              "ax": -8.0,
              "ay": 0.0
            },
            "lane": 1
          }
        },
        {
          "time": 7.4,
          "cartesian": {
            "position": {
              "x": 182.72,
              "y": 5.25
            },
            "velocity": {
              "vx": 18.4,
              "vy": 0.0
            },
            "acceleration": {
              "ax": -8.0,
              "ay": 0.0
            },
            "lane": 1
          }
        },
        {
          "time": 7.5,
          "cartesian": {
            "position": {
              "x": 184.52,
              "y": 5.25
            },
            "velocity": {
              "vx": 17.6,
              "vy": 0.0
            },
            "acceleration": {
              "ax": -8.0,
              "ay": 0.0
            },
            "lane": 1
          }
        },
        {
          "time": 7.6000000000000005,
          "cartesian": {
            "position": {
              "x": 186.24,
              "y": 5.25
            },
            "velocity": {
              "vx": 16.8,
              "vy": 0.0
            },
            "acceleration": {
              "ax": -8.0,
              "ay": 0.0
            },
            "lane": 1
          }
        },
        {
          "time": 7.7,
          "cartesian": {
            "position": {
              "x": 187.88,
              "y": 5.25
            },
            "velocity": {
              "vx": 16.0,
              "vy": 0.0
            },
            "acceleration": {
              "ax": -8.0,
              "ay": 0.0
            },
            "lane": 1
          }
        },
        {
          "time": 7.800000000000001,
          "cartesian": {
            "position": {
              "x": 189.44,
              "y": 5.25
            },
            "velocity": {
              "vx": 15.2,
              "vy": 0.0
            },
            "acceleration": {
              "ax": -8.0,
              "ay": 0.0
            },
            "lane": 1
          }
        },
        {
          "time": 7.9,
          "cartesian": {
            "position": {
              "x": 190.92,
              "y": 5.25
            },
            "velocity": {
              "vx": 14.4,
              "vy": 0.0
            },
            "acceleration": {
              "ax": -8.0,
              "ay": 0.0
            },
            "lane": 1
          }
        },
        {
          "time": 8.0,
          "cartesian": {
            "position": {
              "x": 192.32,
              "y": 5.25
            },
            "velocity": {
              "vx": 13.6,
              "vy": 0.0
            },
            "acceleration": {
              "ax": -8.0,
              "ay": 0.0
            },
            "lane": 1
          }
        },
        {
          "time": 8.1,
          "cartesian": {
            "position": {
              "x": 193.64,
              "y": 5.25
            },
            "velocity": {
              "vx": 12.8,
              "vy": 0.0
            },
            "acceleration": {
              "ax": -8.0,
              "ay": 0.0
            },
            "lane": 1
          }
        },
        {
          "time": 8.200000000000001,
          "cartesian": {
            "position": {
              "x": 194.88,
              "y": 5.25
            },
            "velocity": {
              "vx": 12.0,
              "vy": 0.0
            },
            "acceleration": {
              "ax": -8.0,
              "ay": 0.0
            },
            "lane": 1
          }
        },
        {
          "time": 8.3,
          "cartesian": {
            "position": {
              "x": 196.04,
              "y": 5.25
            },
            "velocity": {
              "vx": 11.2,
              "vy": 0.0
            },
            "acceleration": {
              "ax": -8.0,
              "ay": 0.0
            },
            "lane": 1
          }
        },
        {
          "time": 8.4,
          "cartesian": {
            "position": {
              "x": 197.12,
              "y": 5.25
            },
            "velocity": {
              "vx": 10.4,
              "vy": 0.0
            },
            "acceleration": {
              "ax": -8.0,
              "ay": 0.0
            },
            "lane": 1
          }
        },
        {
          "time": 8.5,
          "cartesian": {
            "position": {
              "x": 198.12,
              "y": 5.25
            },
            "velocity": {
              "vx": 9.6,
              "vy": 0.0
            },
            "acceleration": {
              "ax": -8.0,
              "ay": 0.0
            },
            "lane": 1
          }
        },
        {
          "time": 8.6,
          "cartesian": {
            "position": {
              "x": 199.04,
              "y": 5.25
            },
            "velocity": {
              "vx": 8.8,
              "vy": 0.0
            },
            "acceleration": {
              "ax": -8.0,
              "ay": 0.0
            },
            "lane": 1
          }
        },
        {
          "time": 8.700000000000001,
          "cartesian": {
            "position": {
              "x": 199.88,
              "y": 5.25
            },
            "velocity": {
              "vx": 8.0,
              "vy": 0.0
            },
            "acceleration": {
              "ax": 1.55,
              "ay": 0.0
            },
            "lane": 1
          }
        },
        {
          "time": 8.8,
          "cartesian": {
            "position": {
              "x": 200.68775,
              "y": 5.25
            },
            "velocity": {
              "vx": 8.155,
              "vy": 0.0
            },
            "acceleration": {
              "ax": 0.0,
              "ay": 0.0
            },
            "lane": 1
          }
        },
        {
          "time": 8.9,
          "cartesian": {
            "position": {
              "x": 201.50325,
              "y": 5.25
            },
            "velocity": {
              "vx": 8.155,
              "vy": 0.0
            },
            "acceleration": {
              "ax": 0.0,
              "ay": 0.0
            },
            "lane": 1
          }
        },
        {
          "time": 9.0,
          "cartesian": {
            "position": {
              "x": 202.31875,
              "y": 5.25
            },
            "velocity": {
              "vx": 8.155,
              "vy": 0.0
            },
            "acceleration": {
              "ax": 0.0,
              "ay": 0.0
            },
            "lane": 1
          }
        },
        {
          "time": 9.1,
          "cartesian": {
            "position": {
              "x": 203.13425,
              "y": 5.25
            },
            "velocity": {
              "vx": 8.155,
              "vy": 0.0
            },
            "acceleration": {
              "ax": 0.0,
              "ay": 0.0
            },
            "lane": 1
          }
        },
        {
          "time": 9.200000000000001,
          "cartesian": {
            "position": {
              "x": 203.94975,
              "y": 5.25
            },
            "velocity": {
              "vx": 8.155,
              "vy": 0.0
            },
            "acceleration": {
              "ax": 0.0,
              "ay": 0.0
            },
            "lane": 1
          }
        },
        {
          "time": 9.3,
          "cartesian": {
            "position": {
              "x": 204.76525,
              "y": 5.25
            },
            "velocity": {
              "vx": 8.155,
              "vy": 0.0
            },
            "acceleration": {
              "ax": 0.0,
              "ay": 0.0
            },
            "lane": 1
          }
        },
        {
          "time": 9.4,
          "cartesian": {
            "position": {
              "x": 205.58075,
              "y": 5.25
            },
            "velocity": {
              "vx": 8.155,
              "vy": 0.0
            },
            "acceleration": {
              "ax": 0.0,
              "ay": 0.0
            },
            "lane": 1
          }
        },
        {
          "time": 9.5,
          "cartesian": {
            "position": {
              "x": 206.39625,
              "y": 5.25
            },
            "velocity": {
              "vx": 8.155,
              "vy": 0.0
            },
            "acceleration": {
              "ax": 0.0,
              "ay": 0.0
            },
            "lane": 1
          }
        },
        {
          "time": 9.600000000000001,
          "cartesian": {
            "position": {
              "x": 207.21175,
              "y": 5.25
            },
            "velocity": {
              "vx": 8.155,
              "vy": 0.0
            },
            "acceleration": {
              "ax": 0.0,
              "ay": 0.0
            },
            "lane": 1
          }
        },
        {
          "time": 9.700000000000001,
          "cartesian": {
            "position": {
              "x": 208.02725,
              "y": 5.25
            },
            "velocity": {
              "vx": 8.155,
              "vy": 0.0
            },
            "acceleration": {
              "ax": 0.0,
              "ay": 0.0
            },
            "lane": 1
          }
        },
        {
          "time": 9.8,
          "cartesian": {
            "position": {
              "x": 208.84275,
              "y": 5.25
            },
            "velocity": {
              "vx": 8.155,
              "vy": 0.0
            },
            "acceleration": {
              "ax": 0.0,
              "ay": 0.0
            },
            "lane": 1
          }
        },
        {
          "time": 9.9,
          "cartesian": {
            "position": {
              "x": 209.65825,
              "y": 5.25
            },
            "velocity": {
              "vx": 8.155,
              "vy": 0.0
            },
            "acceleration": {
              "ax": 0.0,
              "ay": 0.0
            },
            "lane": 1
          }
        },
        {
          "time": 10.0,
          "cartesian": {
            "position": {
              "x": 210.47375,
              "y": 5.25
            },
            "velocity": {
              "vx": 8.155,
              "vy": 0.0
            },
            "acceleration": {
              "ax": 0.0,
              "ay": 0.0
            },
            "lane": 1
          }
        }
      ]
    },
    {
      "id": "npc",
      "role": "npc",
      "states": [
        {
          "time": 0.0,
          "cartesian": {
            "position": {
              "x": 20.0,
              "y": 1.75
            },
            "velocity": {
              "vx": 20.0,
              "vy": 0.0
            },
            "acceleration": {
              "ax": 3.0,
              "ay": 0.0
            },
            "lane": 0
          }
        },
        {
          "time": 0.1,
          "cartesian": {
            "position": {
              "x": 22.015,
              "y": 1.75
            },
            "velocity": {
              "vx": 20.3,
              "vy": 0.0
            },
            "acceleration": {
              "ax": 3.0,
              "ay": 0.0
            },
            "lane": 0
          }
        },
        {
          "time": 0.2,
          "cartesian": {
            "position": {
              "x": 24.06,
              "y": 1.75
            },
            "velocity": {
              "vx": 20.6,
              "vy": 0.0
            },
            "acceleration": {
              "ax": 3.0,
              "ay": 0.0
            },
            "lane": 0
          }
        },
        {
          "time": 0.30000000000000004,
          "cartesian": {
            "position": {
              "x": 26.135,
              "y": 1.75
            },
            "velocity": {
              "vx": 20.9,
              "vy": 0.0
            },
            "acceleration": {
              "ax": 3.0,
              "ay": 0.0
            },
            "lane": 0
          }
        },
        {
          "time": 0.4,
          "cartesian": {
            "position": {
              "x": 28.24,
              "y": 1.75
            },
            "velocity": {
              "vx": 21.2,
              "vy": 0.0
            },
            "acceleration": {
              "ax": 3.0,
              "ay": 0.0
            },
            "lane": 0
          }
        },
        {
          "time": 0.5,
          "cartesian": {
            "position": {
              "x": 30.375,
              "y": 1.75
            },
            "velocity": {
              "vx": 21.5,
              "vy": 0.0
            },
            "acceleration": {
              "ax": 3.0,
              "ay": 0.0
            },
            "lane": 0
          }
        },
        {
          "time": 0.6000000000000001,
          "cartesian": {
            "position": {
              "x": 32.54,
              "y": 1.75
            },
            "velocity": {
              "vx": 21.8,
              "vy": 0.0
            },
            "acceleration": {
              "ax": 3.0,
              "ay": 0.0
            },
            "lane": 0
          }
        },
        {
          "time": 0.7000000000000001,
          "cartesian": {
            "position": {
              "x": 34.735,
              "y": 1.75
            },
            "velocity": {
              "vx": 22.1,
              "vy": 0.0
            },
            "acceleration": {
              "ax": 3.0,
              "ay": 0.0
            },
            "lane": 0
          }
        },
        {
          "time": 0.8,
          "cartesian": {
            "position": {
              "x": 36.96,
              "y": 1.75
            },
            "velocity": {
              "vx": 22.4,
              "vy": 0.0
            },
            "acceleration": {
              "ax": 3.0,
              "ay": 0.0
            },
            "lane": 0
          }
        },
        {
          "time": 0.9,
          "cartesian": {
            "position": {
              "x": 39.215,
              "y": 1.75
            },
            "velocity": {
              "vx": 22.7,
              "vy": 0.0
            },
            "acceleration": {
              "ax": 3.0,
              "ay": 0.0
            },
            "lane": 0
          }
        },
        {
          "time": 1.0,
          "cartesian": {
            "position": {
              "x": 41.5,
              "y": 1.75
            },
            "velocity": {
              "vx": 23.0,
              "vy": 0.0
            },
            "acceleration": {
              "ax": 3.0,
              "ay": 0.0
            },
            "lane": 0
          }
        },
        {
          "time": 1.1,
          "cartesian": {
            "position": {
              "x": 43.815,
              "y": 1.75
            },
            "velocity": {
              "vx": 23.3,
              "vy": 0.0
            },
            "acceleration": {
              "ax": 3.0,
              "ay": 0.0
            },
            "lane": 0
          }
        },
        {
          "time": 1.2000000000000002,
          "cartesian": {
            "position": {
              "x": 46.16,
              "y": 1.75
            },
            "velocity": {
              "vx": 23.6,
              "vy": 0.0
            },
            "acceleration": {
              "ax": 3.0,
              "ay": 0.0
            },
            "lane": 0
          }
        },
        {
          "time": 1.3,
          "cartesian": {
            "position": {
              "x": 48.535,
              "y": 1.75
            },
            "velocity": {
              "vx": 23.9,
              "vy": 0.0
            },
            "acceleration": {
              "ax": 3.0,
              "ay": 0.0
            },
            "lane": 0
          }
        },
        {
          "time": 1.4000000000000001,
          "cartesian": {
            "position": {
              "x": 50.94,
              "y": 1.75
            },
            "velocity": {
              "vx": 24.2,
              "vy": 0.0
            },
            "acceleration": {
              "ax": 3.0,
              "ay": 0.0
            },
            "lane": 0
          }
        },
        {
          "time": 1.5,
          "cartesian": {
            "position": {
              "x": 53.375,
              "y": 1.75
            },
            "velocity": {
              "vx": 24.5,
              "vy": 0.0
            },
            "acceleration": {
              "ax": 3.0,
              "ay": 0.0
            },
            "lane": 0
          }
        },
        {
          "time": 1.6,
          "cartesian": {
            "position": {
              "x": 55.84,
              "y": 1.75
            },
            "velocity": {
              "vx": 24.8,
              "vy": 0.0
            },
            "acceleration": {
              "ax": 3.0,
              "ay": 0.0
            },
            "lane": 0
          }
        },
        {
          "time": 1.7000000000000002,
          "cartesian": {
            "position": {
              "x": 58.335,
              "y": 1.75
            },
            "velocity": {
              "vx": 25.1,
              "vy": 0.0
            },
            "acceleration": {
              "ax": 3.0,
              "ay": 0.0
            },
            "lane": 0
          }
        },
        {
          "time": 1.8,
          "cartesian": {
            "position": {
              "x": 60.86,
              "y": 1.75
            },
            "velocity": {
              "vx": 25.4,
              "vy": 0.0
            },
            "acceleration": {
              "ax": 3.0,
              "ay": 0.0
            },
            "lane": 0
          }
        },
        {
          "time": 1.9000000000000001,
          "cartesian": {
            "position": {
              "x": 63.415,
              "y": 1.75
            },
            "velocity": {
              "vx": 25.7,
              "vy": 0.0
            },
            "acceleration": {
              "ax": 3.0,
              "ay": 0.0
            },
            "lane": 0
          }
        },
        {
          "time": 2.0,
          "cartesian": {
            "position": {
              "x": 66.0,
              "y": 1.75
            },
            "velocity": {
              "vx": 26.0,
              "vy": 0.0
            },
            "acceleration": {
              "ax": 3.0,
              "ay": 0.0
            },
            "lane": 0
          }
        },
        {
          "time": 2.1,
          "cartesian": {
            "position": {
              "x": 68.615,
              "y": 1.75
            },
            "velocity": {
              "vx": 26.3,
              "vy": 0.0
            },
            "acceleration": {
              "ax": 3.0,
              "ay": 0.0
            },
            "lane": 0
          }
        },
        {
          "time": 2.2,
          "cartesian": {
            "position": {
              "x": 71.26,
              "y": 1.75
            },
            "velocity": {
              "vx": 26.6,
              "vy": 0.0
            },
            "acceleration": {
              "ax": 3.0,
              "ay": 0.0
            },
            "lane": 0
          }
        },
        {
          "time": 2.3000000000000003,
          "cartesian": {
            "position": {
              "x": 73.935,
              "y": 1.75
            },
            "velocity": {
              "vx": 26.9,
              "vy": 0.0
            },
            "acceleration": {
              "ax": 3.0,
              "ay": 2.0
            },
            "lane": 0
          }
        },
        {
          "time": 2.4000000000000004,
          "cartesian": {
            "position": {
              "x": 76.64,
              "y": 1.76
            },
            "velocity": {
              "vx": 27.2,
              "vy": 0.2
            },
            "acceleration": {
              "ax": 3.0,
              "ay": 2.0
            },
            "lane": 0
          }
        },
        {
          "time": 2.5,
          "cartesian": {
            "position": {
              "x": 79.375,
              "y": 1.79
            },
            "velocity": {
              "vx": 27.5,
              "vy": 0.4
            },
            "acceleration": {
              "ax": 3.0,
              "ay": -2.0
            },
            "lane": 0
          }
        },
        {
          "time": 2.6,
          "cartesian": {
            "position": {
              "x": 82.14,
              "y": 1.82
            },
            "velocity": {
              "vx": 27.8,
              "vy": 0.2
            },
            "acceleration": {
              "ax": 3.0,
              "ay": -2.0
            },
            "lane": 0
          }
        },
        {
          "time": 2.7,
          "cartesian": {
            "position": {
              "x": 84.935,
              "y": 1.83
            },
            "velocity": {
              "vx": 28.1,
              "vy": 0.0
            },
            "acceleration": {
              "ax": 3.0,
              "ay": -2.0
            },
            "lane": 0
          }
        },
        {
          "time": 2.8000000000000003,
          "cartesian": {
            "position": {
              "x": 87.76,
              "y": 1.82
            },
            "velocity": {
              "vx": 28.4,
              "vy": -0.2
            },
            "acceleration": {
              "ax": 3.0,
              "ay": -2.0
            },
            "lane": 0
          }
        },
        {
          "time": 2.9000000000000004,
          "cartesian": {
            "position": {
              "x": 90.615,
              "y": 1.79
            },
            "velocity": {
              "vx": 28.7,
              "vy": -0.4
            },
            "acceleration": {
              "ax": 3.0,
              "ay": 0.8571428571428571
            },
            "lane": 0
          }
        },
        {
          "time": 3.0,
          "cartesian": {
            "position": {
              "x": 93.5,
              "y": 1.7542857142857142
            },
            "velocity": {
              "vx": 29.0,
              "vy": -0.3142857142857143
            },
            "acceleration": {
              "ax": 3.0,
              "ay": 2.0
            },
            "lane": 0
          }
        },
        {
          "time": 3.1,
          "cartesian": {
            "position": {
              "x": 96.415,
              "y": 1.7328571428571429
            },
            "velocity": {
              "vx": 29.3,
              "vy": -0.11428571428571428
            },
            "acceleration": {
              "ax": 3.0,
              "ay": 2.0
            },
            "lane": 0
          }
        },
        {
          "time": 3.2,
          "cartesian": {
            "position": {
              "x": 99.36,
              "y": 1.7314285714285715
            },
            "velocity": {
              "vx": 29.6,
              "vy": 0.08571428571428572
            },
            "acceleration": {
              "ax": 3.0,
              "ay": 2.0
            },
            "lane": 0
          }
        },
        {
          "time": 3.3000000000000003,
          "cartesian": {
            "position": {
              "x": 102.335,
              "y": 1.75
            },
            "velocity": {
              "vx": 29.9,
              "vy": 0.2857142857142857
            },
            "acceleration": {
              "ax": 3.0,
              "ay": 2.0
            },
            "lane": 0
          }
        },
        {
          "time": 3.4000000000000004,
          "cartesian": {
            "position": {
              "x": 105.34,
              "y": 1.7885714285714285
            },
            "velocity": {
              "vx": 30.2,
              "vy": 0.4857142857142857
            },
            "acceleration": {
              "ax": 3.0,
              "ay": 2.0
            },
            "lane": 0
          }
        },
        {
          "time": 3.5,
          "cartesian": {
            "position": {
              "x": 108.375,
              "y": 1.8471428571428572
            },
            "velocity": {
              "vx": 30.5,
              "vy": 0.6857142857142857
            },
            "acceleration": {
              "ax": 3.0,
              "ay": 2.0
            },
            "lane": 0
          }
        },
        {
          "time": 3.6,
          "cartesian": {
            "position": {
              "x": 111.44,
              "y": 1.9257142857142857
            },
            "velocity": {
              "vx": 30.8,
              "vy": 0.8857142857142857
            },
            "acceleration": {
              "ax": 3.0,
              "ay": -0.8571428571428571
            },
            "lane": 0
          }
        },
        {
          "time": 3.7,
          "cartesian": {
            "position": {
              "x": 114.535,
              "y": 2.01
            },
            "velocity": {
              "vx": 31.1,
              "vy": 0.8
            },
            "acceleration": {
              "ax": 3.0,
              "ay": 2.0
            },
            "lane": 0
          }
        },
        {
          "time": 3.8000000000000003,
          "cartesian": {
            "position": {
              "x": 117.66,
              "y": 2.1
            },
            "velocity": {
              "vx": 31.4,
              "vy": 1.0
            },
            "acceleration": {
              "ax": 3.0,
              "ay": 2.0
            },
            "lane": 0
          }
        },
        {
          "time": 3.9000000000000004,
          "cartesian": {
            "position": {
              "x": 120.815,
              "y": 2.21
            },
            "velocity": {
              "vx": 31.7,
              "vy": 1.2
            },
            "acceleration": {
              "ax": 3.0,
              "ay": 2.0
            },
            "lane": 0
          }
        },
        {
          "time": 4.0,
          "cartesian": {
            "position": {
              "x": 124.0,
              "y": 2.34
            },
            "velocity": {
              "vx": 32.0,
              "vy": 1.4
            },
            "acceleration": {
              "ax": 3.0,
              "ay": 2.0
            },
            "lane": 0
          }
        },
        {
          "time": 4.1000000000000005,
          "cartesian": {
            "position": {
              "x": 127.215,
              "y": 2.49
            },
            "velocity": {
              "vx": 32.3,
              "vy": 1.6
            },
            "acceleration": {
              "ax": 3.0,
              "ay": 2.0
            },
            "lane": 0
          }
        },
        {
          "time": 4.2,
          "cartesian": {
            "position": {
              "x": 130.46,
              "y": 2.66
            },
            "velocity": {
              "vx": 32.6,
              "vy": 1.8
            },
            "acceleration": {
              "ax": 3.0,
              "ay": 2.0
            },
            "lane": 0
          }
        },
        {
          "time": 4.3,
          "cartesian": {
            "position": {
              "x": 133.735,
              "y": 2.85
            },
            "velocity": {
              "vx": 32.9,
              "vy": 2.0
            },
            "acceleration": {
              "ax": -5.55,
              "ay": 0.0
            },
            "lane": 0
          }
        },
        {
          "time": 4.4,
          "cartesian": {
            "position": {
              "x": 136.99725,
              "y": 3.05
            },
            "velocity": {
              "vx": 32.345,
              "vy": 2.0
            },
            "acceleration": {
              "ax": -8.0,
              "ay": 0.0
            },
            "lane": 0
          }
        },
        {
          "time": 4.5,
          "cartesian": {
            "position": {
              "x": 140.19175,
              "y": 3.25
            },
            "velocity": {
              "vx": 31.545,
              "vy": 2.0
            },
            "acceleration": {
              "ax": -8.0,
              "ay": 0.0
            },
            "lane": 0
          }
        },
        {
          "time": 4.6000000000000005,
          "cartesian": {
            "position": {
              "x": 143.30625,
              "y": 3.45
            },
            "velocity": {
              "vx": 30.745,
              "vy": 2.0
            },
            "acceleration": {
              "ax": -8.0,
              "ay": 0.0
            },
            "lane": 0
          }
        },
        {
          "time": 4.7,
          "cartesian": {
            "position": {
              "x": 146.34075,
              "y": 3.65
            },
            "velocity": {
              "vx": 29.945,
              "vy": 2.0
            },
            "acceleration": {
              "ax": 3.0,
              "ay": 0.0
            },
            "lane": 1
          }
        },
        {
          "time": 4.800000000000001,
          "cartesian": {
            "position": {
              "x": 149.35025,
              "y": 3.85
            },
            "velocity": {
              "vx": 30.245,
              "vy": 2.0
            },
            "acceleration": {
              "ax": 3.0,
              "ay": 0.0
            },
            "lane": 1
          }
        },
        {
          "time": 4.9,
          "cartesian": {
            "position": {
              "x": 152.38975,
              "y": 4.05
            },
            "velocity": {
              "vx": 30.545,
              "vy": 2.0
            },
            "acceleration": {
              "ax": 3.0,
              "ay": 0.0
            },
            "lane": 1
          }
        },
        {
          "time": 5.0,
          "cartesian": {
            "position": {
              "x": 155.45925,
              "y": 4.25
            },
            "velocity": {
              "vx": 30.845,
              "vy": 2.0
            },
            "acceleration": {
              "ax": 3.0,
              "ay": -2.0
            },
            "lane": 1
          }
        },
        {
          "time": 5.1000000000000005,
          "cartesian": {
            "position": {
              "x": 158.55875,
              "y": 4.44
            },
            "velocity": {
              "vx": 31.145,
              "vy": 1.8
            },
            "acceleration": {
              "ax": 3.0,
              "ay": -2.0
            },
            "lane": 1
          }
        },
        {
          "time": 5.2,
          "cartesian": {
            "position": {
              "x": 161.68825,
              "y": 4.61
            },
            "velocity": {
              "vx": 31.445,
              "vy": 1.6
            },
            "acceleration": {
              "ax": 3.0,
              "ay": -2.0
            },
            "lane": 1
          }
        },
        {
          "time": 5.300000000000001,
          "cartesian": {
            "position": {
              "x": 164.84775,
              "y": 4.76
            },
            "velocity": {
              "vx": 31.745,
              "vy": 1.4
            },
            "acceleration": {
              "ax": 3.0,
              "ay": -2.0
            },
            "lane": 1
          }
        },
        {
          "time": 5.4,
          "cartesian": {
            "position": {
              "x": 168.03725,
              "y": 4.89
            },
            "velocity": {
              "vx": 32.045,
              "vy": 1.2
            },
            "acceleration": {
              "ax": 3.0,
              "ay": -2.0
            },
            "lane": 1
          }
        },
        {
          "time": 5.5,
          "cartesian": {
            "position": {
              "x": 171.25675,
              "y": 5.0
            },
            "velocity": {
              "vx": 32.345,
              "vy": 1.0
            },
            "acceleration": {
              "ax": 3.0,
              "ay": -2.0
            },
            "lane": 1
          }
        },
        {
          "time": 5.6000000000000005,
          "cartesian": {
            "position": {
              "x": 174.50625,
              "y": 5.09
            },
            "velocity": {
              "vx": 32.645,
              "vy": 0.8
            },
            "acceleration": {
              "ax": -8.0,
              "ay": -2.0
            },
            "lane": 1
          }
        },
        {
          "time": 5.7,
          "cartesian": {
            "position": {
              "x": 177.73075,
              "y": 5.16
            },
            "velocity": {
              "vx": 31.845,
              "vy": 0.6
            },
            "acceleration": {
              "ax": -8.0,
              "ay": -2.0
            },
            "lane": 1
          }
        },
        {
          "time": 5.800000000000001,
          "cartesian": {
            "position": {
              "x": 180.87525,
              "y": 5.21
            },
            "velocity": {
              "vx": 31.045,
              "vy": 0.4
            },
            "acceleration": {
              "ax": -8.0,
              "ay": -2.0
            },
            "lane": 1
          }
        },
        {
          "time": 5.9,
          "cartesian": {
            "position": {
              "x": 183.93975,
              "y": 5.24
            },
            "velocity": {
              "vx": 30.245,
              "vy": 0.2
            },
            "acceleration": {
              "ax": -8.0,
              "ay": -2.0
            },
            "lane": 1
          }
        },
        {
          "time": 6.0,
          "cartesian": {
            "position": {
              "x": 186.92425,
              "y": 5.25
            },
            "velocity": {
              "vx": 29.445,
              "vy": 0.0
            },
            "acceleration": {
              "ax": -8.0,
              "ay": 0.0
            },
            "lane": 1
          }
        },
        {
          "time": 6.1000000000000005,
          "cartesian": {
            "position": {
              "x": 189.82875,
              "y": 5.25
            },
            "velocity": {
              "vx": 28.645,
              "vy": 0.0
            },
            "acceleration": {
              "ax": -8.0,
              "ay": 0.0
            },
            "lane": 1
          }
        },
        {
          "time": 6.2,
          "cartesian": {
            "position": {
              "x": 192.65325,
              "y": 5.25
            },
            "velocity": {
              "vx": 27.845,
              "vy": 0.0
            },
            "acceleration": {
              "ax": -8.0,
              "ay": 0.0
            },
            "lane": 1
          }
        },
        {
          "time": 6.300000000000001,
          "cartesian": {
            "position": {
              "x": 195.39775,
              "y": 5.25
            },
            "velocity": {
              "vx": 27.045,
              "vy": 0.0
            },
            "acceleration": {
              "ax": -8.0,
              "ay": 0.0
            },
            "lane": 1
          }
        },
        {
          "time": 6.4,
          "cartesian": {
            "position": {
              "x": 198.06225,
              "y": 5.25
            },
            "velocity": {
              "vx": 26.245,
              "vy": 0.0
            },
            "acceleration": {
              "ax": -8.0,
              "ay": 0.0
            },
            "lane": 1
          }
        },
        {
          "time": 6.5,
          "cartesian": {
            "position": {
              "x": 200.64675,
              "y": 5.25
            },
            "velocity": {
              "vx": 25.445,
              "vy": 0.0
            },
            "acceleration": {
              "ax": -8.0,
              "ay": 0.0
            },
            "lane": 1
          }
        },
        {
          "time": 6.6000000000000005,
          "cartesian": {
            "position": {
              "x": 203.15125,
              "y": 5.25
            },
            "velocity": {
              "vx": 24.645,
              "vy": 0.0
            },
            "acceleration": {
              "ax": -8.0,
              "ay": 0.0
            },
            "lane": 1
          }
        },
        {
          "time": 6.7,
          "cartesian": {
            "position": {
              "x": 205.57575,
              "y": 5.25
            },
            "velocity": {
              "vx": 23.845,
              "vy": 0.0
            },
            "acceleration": {
              "ax": -8.0,
              "ay": 0.0
            },
            "lane": 1
          }
        },
        {
          "time": 6.800000000000001,
          "cartesian": {
            "position": {
              "x": 207.92025,
              "y": 5.25
            },
            "velocity": {
              "vx": 23.045,
              "vy": 0.0
            },
            "acceleration": {
              "ax": -8.0,
              "ay": 0.0
            },
            "lane": 1
          }
        },
        {
          "time": 6.9,
          "cartesian": {
            "position": {
              "x": 210.18475,
              "y": 5.25
            },
            "velocity": {
              "vx": 22.245,
              "vy": 0.0
            },
            "acceleration": {
              "ax": -8.0,
              "ay": 0.0
            },
            "lane": 1
          }
        },
        {
          "time": 7.0,
          "cartesian": {
            "position": {
              "x": 212.36925,
              "y": 5.25
            },
            "velocity": {
              "vx": 21.445,
              "vy": 0.0
            },
            "acceleration": {
              "ax": -8.0,
              "ay": 0.0
            },
            "lane": 1
          }
        },
        {
          "time": 7.1000000000000005,
          "cartesian": {
            "position": {
              "x": 214.47375,
              "y": 5.25
            },
            "velocity": {
              "vx": 20.645,
              "vy": 0.0
            },
            "acceleration": {
              "ax": -8.0,
              "ay": 0.0
            },
            "lane": 1
          }
        },
        {
          "time": 7.2,
          "cartesian": {
            "position": {
              "x": 216.49825,
              "y": 5.25
            },
            "velocity": {
              "vx": 19.845,
              "vy": 0.0
            },
            "acceleration": {
              "ax": -8.0,
              "ay": 0.0
            },
            "lane": 1
          }
        },
        {
          "time": 7.300000000000001,
          "cartesian": {
            "position": {
              "x": 218.44275,
              "y": 5.25
            },
            "velocity": {
              "vx": 19.045,
              "vy": 0.0
            },
            "acceleration": {
              "ax": -8.0,
              "ay": 0.0
            },
            "lane": 1
          }
        },
        {
          "time": 7.4,
          "cartesian": {
            "position": {
              "x": 220.30725,
              "y": 5.25
            },
            "velocity": {
              "vx": 18.245,
              "vy": 0.0
            },
            "acceleration": {
              "ax": -8.0,
              "ay": 0.0
            },
            "lane": 1
          }
        },
        {
          "time": 7.5,
          "cartesian": {
            "position": {
              "x": 222.09175,
              "y": 5.25
            },
            "velocity": {
              "vx": 17.445,
              "vy": 0.0
            },
            "acceleration": {
              "ax": -8.0,
              "ay": 0.0
            },
            "lane": 1
          }
        },
        {
          "time": 7.6000000000000005,
          "cartesian": {
            "position": {
              "x": 223.79625,
              "y": 5.25
            },
            "velocity": {
              "vx": 16.645,
              "vy": 0.0
            },
            "acceleration": {
              "ax": -8.0,
              "ay": 0.0
            },
            "lane": 1
          }
        },
        {
          "time": 7.7,
          "cartesian": {
            "position": {
              "x": 225.42075,
              "y": 5.25
            },
            "velocity": {
              "vx": 15.845,
              "vy": 0.0
            },
            "acceleration": {
              "ax": -8.0,
              "ay": 0.0
            },
            "lane": 1
          }
        },
        {
          "time": 7.800000000000001,
          "cartesian": {
            "position": {
              "x": 226.96525,
              "y": 5.25
            },
            "velocity": {
              "vx": 15.045,
              "vy": 0.0
            },
            "acceleration": {
              "ax": -8.0,
              "ay": 0.0
            },
            "lane": 1
          }
        },
        {
          "time": 7.9,
          "cartesian": {
            "position": {
              "x": 228.42975,
              "y": 5.25
            },
            "velocity": {
              "vx": 14.245,
              "vy": 0.0
            },
            "acceleration": {
              "ax": -8.0,
              "ay": 0.0
            },
            "lane": 1
          }
        },
        {
          "time": 8.0,
          "cartesian": {
            "position": {
              "x": 229.81425,
              "y": 5.25
            },
            "velocity": {
              "vx": 13.445,
              "vy": 0.0
            },
            "acceleration": {
              "ax": -8.0,
              "ay": 0.0
            },
            "lane": 1
          }
        },
        {
          "time": 8.1,
          "cartesian": {
            "position": {
              "x": 231.11875,
              "y": 5.25
            },
            "velocity": {
              "vx": 12.645,
              "vy": 0.0
            },
            "acceleration": {
              "ax": -8.0,
              "ay": 0.0
            },
            "lane": 1
          }
        },
        {
          "time": 8.200000000000001,
          "cartesian": {
            "position": {
              "x": 232.34325,
              "y": 5.25
            },
            "velocity": {
              "vx": 11.845,
              "vy": 0.0
            },
            "acceleration": {
              "ax": -8.0,
              "ay": 0.0
            },
            "lane": 1
          }
        },
        {
          "time": 8.3,
          "cartesian": {
            "position": {
              "x": 233.48775,
              "y": 5.25
            },
            "velocity": {
              "vx": 11.045,
              "vy": 0.0
            },
            "acceleration": {
              "ax": -8.0,
              "ay": 0.0
            },
            "lane": 1
          }
        },
        {
          "time": 8.4,
          "cartesian": {
            "position": {
              "x": 234.55225,
              "y": 5.25
            },
            "velocity": {
              "vx": 10.245,
              "vy": 0.0
            },
            "acceleration": {
              "ax": -8.0,
              "ay": 0.0
            },
            "lane": 1
          }
        },
        {
          "time": 8.5,
          "cartesian": {
            "position": {
              "x": 235.53675,
              "y": 5.25
            },
            "velocity": {
              "vx": 9.445,
              "vy": 0.0
            },
            "acceleration": {
              "ax": -8.0,
              "ay": 0.0
            },
            "lane": 1
          }
        },
        {
          "time": 8.6,
          "cartesian": {
            "position": {
              "x": 236.44125,
              "y": 5.25
            },
            "velocity": {
              "vx": 8.645,
              "vy": 0.0
            },
            "acceleration": {
              "ax": -8.0,
              "ay": 0.0
            },
            "lane": 1
          }
        },
        {
          "time": 8.700000000000001,
          "cartesian": {
            "position": {
              "x": 237.26575,
              "y": 5.25
            },
            "velocity": {
              "vx": 7.845,
              "vy": 0.0
            },
            "acceleration": {
              "ax": -8.0,
              "ay": 0.0
            },
            "lane": 1
          }
        },
        {
          "time": 8.8,
          "cartesian": {
            "position": {
              "x": 238.01025,
              "y": 5.25
            },
            "velocity": {
              "vx": 7.045,
              "vy": 0.0
            },
            "acceleration": {
              "ax": -8.0,
              "ay": 0.0
            },
            "lane": 1
          }
        },
        {
          "time": 8.9,
          "cartesian": {
            "position": {
              "x": 238.67475,
              "y": 5.25
            },
            "velocity": {
              "vx": 6.245,
              "vy": 0.0
            },
            "acceleration": {
              "ax": -8.0,
              "ay": 0.0
            },
            "lane": 1
          }
        },
        {
          "time": 9.0,
          "cartesian": {
            "position": {
              "x": 239.25925,
              "y": 5.25
            },
            "velocity": {
              "vx": 5.445,
              "vy": 0.0
            },
            "acceleration": {
              "ax": 3.0,
              "ay": 0.0
            },
            "lane": 1
          }
        },
        {
          "time": 9.1,
          "cartesian": {
            "position": {
              "x": 239.81875,
              "y": 5.25
            },
            "velocity": {
              "vx": 5.745,
              "vy": 0.0
            },
            "acceleration": {
              "ax": 3.0,
              "ay": 0.0
            },
            "lane": 1
          }
        },
        {
          "time": 9.200000000000001,
          "cartesian": {
            "position": {
              "x": 240.40825,
              "y": 5.25
            },
            "velocity": {
              "vx": 6.045,
              "vy": 0.0
            },
            "acceleration": {
              "ax": 3.0,
              "ay": 0.0
            },
            "lane": 1
          }
        },
        {
          "time": 9.3,
          "cartesian": {
            "position": {
              "x": 241.02775,
              "y": 5.25
            },
            "velocity": {
              "vx": 6.345,
              "vy": 0.0
            },
            "acceleration": {
              "ax": 3.0,
              "ay": 0.0
            },
            "lane": 1
          }
        },
        {
          "time": 9.4,
          "cartesian": {
            "position": {
              "x": 241.67725,
              "y": 5.25
            },
            "velocity": {
              "vx": 6.645,
              "vy": 0.0
            },
            "acceleration": {
              "ax": 3.0,
              "ay": 0.0
            },
            "lane": 1
          }
        },
        {
          "time": 9.5,
          "cartesian": {
            "position": {
              "x": 242.35675,
              "y": 5.25
            },
            "velocity": {
              "vx": 6.945,
              "vy": 0.0
            },
            "acceleration": {
              "ax": 3.0,
              "ay": 0.0
            },
            "lane": 1
          }
        },
        {
          "time": 9.600000000000001,
          "cartesian": {
            "position": {
              "x": 243.06625,
              "y": 5.25
            },
            "velocity": {
              "vx": 7.245,
              "vy": 0.0
            },
            "acceleration": {
              "ax": 3.0,
              "ay": 0.0
            },
            "lane": 1
          }
        },
        {
          "time": 9.700000000000001,
          "cartesian": {
            "position": {
              "x": 243.80575,
              "y": 5.25
            },
            "velocity": {
              "vx": 7.545,
              "vy": 0.0
            },
            "acceleration": {
              "ax": 3.0,
              "ay": 0.0
            },
            "lane": 1
          }
        },
        {
          "time": 9.8,
          "cartesian": {
            "position": {
              "x": 244.57525,
              "y": 5.25
            },
            "velocity": {
              "vx": 7.845,
              "vy": 0.0
            },
            "acceleration": {
              "ax": 1.55,
              "ay": 0.0
            },
            "lane": 1
          }
        },
        {
          "time": 9.9,
          "cartesian": {
            "position": {
              "x": 245.3675,
              "y": 5.25
            },
            "velocity": {
              "vx": 8.0,
              "vy": 0.0
            },
            "acceleration": {
              "ax": 0.0,
              "ay": 0.0
            },
            "lane": 1
          }
        },
        {
          "time": 10.0,
          "cartesian": {
            "position": {
              "x": 246.1675,
              "y": 5.25
            },
            "velocity": {
              "vx": 8.0,
              "vy": 0.0
            },
            "acceleration": {
              "ax": 0.0,
              "ay": 0.0
            },
            "lane": 1
          }
        }
      ]
    }
  ],
  "validation": {
    "min_ttc": 13.631180811808129,
    "min_distance": 35.693749999999994,
    "all_constraints_satisfied": true,
    "safety_violations": [],
    "max_acceleration": 3.0,
    "max_deceleration": -8.0,
    "acceleration_violations": []
  }
}
