---
source: tests/snapshot_test.rs
expression: xosc
---
<?xml version="1.0" encoding="UTF-8"?>
<OpenSCENARIO><FileHeader
    author="ScenarioWeaver"
    date="[timestamp]"
    description="Scenario: [uuid] (ID: [uuid])
Type: cut_in_left
Duration: 10s, Time step: 0.1s"
    revMajor="1"
    revMinor="3"
  /><CatalogLocations /><RoadNetwork /><Entities><ScenarioObject
      name="ego"
    ><Vehicle name="PassengerCar" vehicleCategory="car"><BoundingBox><Center
            x="1.4"
            y="0"
            z="0.9"
          /><Dimensions
            width="1.8"
            length="4.5"
            height="1.4"
          /></BoundingBox><Performance
          maxSpeed="200"
          maxAcceleration="10"
          maxDeceleration="10"
        /><Axles><FrontAxle
            maxSteering="0.5236"
            wheelDiameter="0.65"
            trackWidth="1.6"
            positionX="1.4"
            positionZ="0.3"
          /><RearAxle
            maxSteering="0"
            wheelDiameter="0.65"
            trackWidth="1.6"
            positionX="-1.4"
            positionZ="0.3"
          /></Axles></Vehicle></ScenarioObject><ScenarioObject
      name="npc"
    ><Vehicle name="PassengerCar" vehicleCategory="car"><BoundingBox><Center
            x="1.4"
            y="0"
            z="0.9"
          /><Dimensions
            width="1.8"
            length="4.5"
            height="1.4"
          /></BoundingBox><Performance
          maxSpeed="200"
          maxAcceleration="10"
          maxDeceleration="10"
        /><Axles><FrontAxle
            maxSteering="0.5236"
            wheelDiameter="0.65"
            trackWidth="1.6"
            positionX="1.4"
            positionZ="0.3"
          /><RearAxle
            maxSteering="0"
            wheelDiameter="0.65"
            trackWidth="1.6"
            positionX="-1.4"
            positionZ="0.3"
          /></Axles></Vehicle></ScenarioObject></Entities><Storyboard><Init
    ><Actions><Private entityRef="ego"><PrivateAction><LongitudinalAction
            ><SpeedAction><SpeedActionDynamics
                  dynamicsDimension="time"
                  dynamicsShape="step"
                  value="1"
                /><SpeedActionTarget><AbsoluteTargetSpeed
                    value="15"
                  /></SpeedActionTarget></SpeedAction></LongitudinalAction></PrivateAction><PrivateAction
          ><TeleportAction><Position><WorldPosition
                  x="50"
                  y="5.25"
                  z="0"
                  h="0"
                /></Position></TeleportAction></PrivateAction></Private><Private
          entityRef="npc"
        ><PrivateAction><LongitudinalAction><SpeedAction><SpeedActionDynamics
                  dynamicsDimension="time"
                  dynamicsShape="step"
                  value="1"
                /><SpeedActionTarget><AbsoluteTargetSpeed
                    value="20"
                  /></SpeedActionTarget></SpeedAction></LongitudinalAction></PrivateAction><PrivateAction
          ><TeleportAction><Position><WorldPosition
                  x="60"
                  y="1.75"
                  z="0"
                  h="0"
                /></Position></TeleportAction></PrivateAction></Private></Actions></Init><Story
      name="main_story"
    ><Act name="ego_trajectory_act"><ManeuverGroup
          name="ego_trajectory_act_Group"
          maximumExecutionCount="1"
        ><Actors selectTriggeringEntities="false"><EntityRef
              entityRef="ego"
            /></Actors><Maneuver name="ego_maneuver"><Event
              name="FollowTrajectoryEvent"
              priority="override"
            ><Action name="FollowTrajectoryAction"><PrivateAction><RoutingAction
                  ><FollowTrajectoryAction><Trajectory
                        name="ego_trajectory"
                        closed="false"
                      ><Shape><Polyline><Vertex time="0"><Position
                              ><WorldPosition
                                  x="50"
                                  y="5.25"
                                  z="0"
                                  h="0"
                                /></Position></Vertex><Vertex
                              time="0.1"
                            ><Position><WorldPosition
                                  x="51.515"
                                  y="5.25"
                                  z="0"
                                  h="0"
                                /></Position></Vertex><Vertex
                              time="0.2"
                            ><Position><WorldPosition
                                  x="53.06"
                                  y="5.25"
                                  z="0"
                                  h="0"
                                /></Position></Vertex><Vertex
                              time="0.30000000000000004"
                            ><Position><WorldPosition
                                  x="54.635"
                                  y="5.25"
                                  z="0"
                                  h="0"
                                /></Position></Vertex><Vertex
                              time="0.4"
                            ><Position><WorldPosition
                                  x="56.24"
                                  y="5.25"
                                  z="0"
                                  h="0"
                                /></Position></Vertex><Vertex
                              time="0.5"
                            ><Position><WorldPosition
                                  x="57.875"
                                  y="5.25"
                                  z="0"
                                  h="0"
                                /></Position></Vertex><Vertex
                              time="0.6000000000000001"
                            ><Position><WorldPosition
                                  x="59.54"
                                  y="5.25"
                                  z="0"
                                  h="0"
                                /></Position></Vertex><Vertex
                              time="0.7000000000000001"
                            ><Position><WorldPosition
                                  x="61.235"
                                  y="5.25"
                                  z="0"
                                  h="0"
                                /></Position></Vertex><Vertex
                              time="0.8"
                            ><Position><WorldPosition
                                  x="62.96"
                                  y="5.25"
                                  z="0"
                                  h="0"
                                /></Position></Vertex><Vertex
                              time="0.9"
                            ><Position><WorldPosition
                                  x="64.715"
                                  y="5.25"
                                  z="0"
                                  h="0"
                                /></Position></Vertex><Vertex time="1"><Position
                              ><WorldPosition
                                  x="66.5"
                                  y="5.25"
                                  z="0"
                                  h="0"
                                /></Position></Vertex><Vertex
                              time="1.1"
                            ><Position><WorldPosition
                                  x="68.315"
                                  y="5.25"
                                  z="0"
                                  h="0"
                                /></Position></Vertex><Vertex
                              time="1.2000000000000002"
                            ><Position><WorldPosition
                                  x="70.16"
                                  y="5.25"
                                  z="0"
                                  h="0"
                                /></Position></Vertex><Vertex
                              time="1.3"
                            ><Position><WorldPosition
                                  x="72.035"
                                  y="5.25"
                                  z="0"
                                  h="0"
                                /></Position></Vertex><Vertex
                              time="1.4000000000000001"
                            ><Position><WorldPosition
                                  x="73.94"
                                  y="5.25"
                                  z="0"
                                  h="0"
                                /></Position></Vertex><Vertex
                              time="1.5"
                            ><Position><WorldPosition
                                  x="75.875"
                                  y="5.25"
                                  z="0"
                                  h="0"
                                /></Position></Vertex><Vertex
                              time="1.6"
                            ><Position><WorldPosition
                                  x="77.84"
                                  y="5.25"
                                  z="0"
                                  h="0"
                                /></Position></Vertex><Vertex
                              time="1.7000000000000002"
                            ><Position><WorldPosition
                                  x="79.835"
                                  y="5.25"
                                  z="0"
                                  h="0"
                                /></Position></Vertex><Vertex
                              time="1.8"
                            ><Position><WorldPosition
                                  x="81.86"
                                  y="5.25"
                                  z="0"
                                  h="0"
                                /></Position></Vertex><Vertex
                              time="1.9000000000000001"
                            ><Position><WorldPosition
                                  x="83.915"
                                  y="5.25"
                                  z="0"
                                  h="0"
                                /></Position></Vertex><Vertex time="2"><Position
                              ><WorldPosition
                                  x="86"
                                  y="5.25"
                                  z="0"
                                  h="0"
                                /></Position></Vertex><Vertex
                              time="2.1"
                            ><Position><WorldPosition
                                  x="88.115"
                                  y="5.25"
                                  z="0"
                                  h="0"
                                /></Position></Vertex><Vertex
                              time="2.2"
                            ><Position><WorldPosition
                                  x="90.26"
                                  y="5.25"
                                  z="0"
                                  h="0"
                                /></Position></Vertex><Vertex
                              time="2.3000000000000003"
                            ><Position><WorldPosition
                                  x="92.435"
                                  y="5.25"
                                  z="0"
                                  h="0"
                                /></Position></Vertex><Vertex
                              time="2.4000000000000004"
                            ><Position><WorldPosition
                                  x="94.64"
                                  y="5.25"
                                  z="0"
                                  h="0"
                                /></Position></Vertex><Vertex
                              time="2.5"
                            ><Position><WorldPosition
                                  x="96.875"
                                  y="5.25"
                                  z="0"
                                  h="0"
                                /></Position></Vertex><Vertex
                              time="2.6"
                            ><Position><WorldPosition
                                  x="99.14"
                                  y="5.25"
                                  z="0"
                                  h="0"
                                /></Position></Vertex><Vertex
                              time="2.7"
                            ><Position><WorldPosition
                                  x="101.435"
                                  y="5.25"
                                  z="0"
                                  h="0"
                                /></Position></Vertex><Vertex
                              time="2.8000000000000003"
                            ><Position><WorldPosition
                                  x="103.76"
                                  y="5.25"
                                  z="0"
                                  h="0"
                                /></Position></Vertex><Vertex
                              time="2.9000000000000004"
                            ><Position><WorldPosition
                                  x="106.115"
                                  y="5.25"
                                  z="0"
                                  h="0"
                                /></Position></Vertex><Vertex time="3"><Position
                              ><WorldPosition
                                  x="108.5"
                                  y="5.25"
                                  z="0"
                                  h="0"
                                /></Position></Vertex><Vertex
                              time="3.1"
                            ><Position><WorldPosition
                                  x="110.915"
                                  y="5.25"
                                  z="0"
                                  h="0"
                                /></Position></Vertex><Vertex
                              time="3.2"
                            ><Position><WorldPosition
                                  x="113.36"
                                  y="5.25"
                                  z="0"
                                  h="0"
                                /></Position></Vertex><Vertex
                              time="3.3000000000000003"
                            ><Position><WorldPosition
                                  x="115.835"
                                  y="5.25"
                                  z="0"
                                  h="0"
                                /></Position></Vertex><Vertex
                              time="3.4000000000000004"
                            ><Position><WorldPosition
                                  x="118.34"
                                  y="5.25"
                                  z="0"
                                  h="0"
                                /></Position></Vertex><Vertex
                              time="3.5"
                            ><Position><WorldPosition
                                  x="120.875"
                                  y="5.25"
                                  z="0"
                                  h="0"
                                /></Position></Vertex><Vertex
                              time="3.6"
                            ><Position><WorldPosition
                                  x="123.44"
                                  y="5.25"
                                  z="0"
                                  h="0"
                                /></Position></Vertex><Vertex
                              time="3.7"
                            ><Position><WorldPosition
                                  x="125.98"
                                  y="5.25"
                                  z="0"
                                  h="0"
                                /></Position></Vertex><Vertex
                              time="3.8000000000000003"
                            ><Position><WorldPosition
                                  x="128.44"
                                  y="5.25"
                                  z="0"
                                  h="0"
                                /></Position></Vertex><Vertex
                              time="3.9000000000000004"
                            ><Position><WorldPosition
                                  x="130.82"
                                  y="5.25"
                                  z="0"
                                  h="0"
                                /></Position></Vertex><Vertex time="4"><Position
                              ><WorldPosition
                                  x="133.12"
                                  y="5.25"
                                  z="0"
                                  h="0"
                                /></Position></Vertex><Vertex
                              time="4.1000000000000005"
                            ><Position><WorldPosition
                                  x="135.34"
                                  y="5.25"
                                  z="0"
                                  h="0"
                                /></Position></Vertex><Vertex
                              time="4.2"
                            ><Position><WorldPosition
                                  x="137.48"
                                  y="5.25"
                                  z="0"
                                  h="0"
                                /></Position></Vertex><Vertex
                              time="4.3"
                            ><Position><WorldPosition
                                  x="139.54"
                                  y="5.25"
                                  z="0"
                                  h="0"
                                /></Position></Vertex><Vertex
                              time="4.4"
                            ><Position><WorldPosition
                                  x="141.52"
                                  y="5.25"
                                  z="0"
                                  h="0"
                                /></Position></Vertex><Vertex
                              time="4.5"
                            ><Position><WorldPosition
                                  x="143.42"
                                  y="5.25"
                                  z="0"
                                  h="0"
                                /></Position></Vertex><Vertex
                              time="4.6000000000000005"
                            ><Position><WorldPosition
                                  x="145.24"
                                  y="5.25"
                                  z="0"
                                  h="0"
                                /></Position></Vertex><Vertex
                              time="4.7"
                            ><Position><WorldPosition
                                  x="146.98"
                                  y="5.25"
                                  z="0"
                                  h="0"
                                /></Position></Vertex><Vertex
                              time="4.800000000000001"
                            ><Position><WorldPosition
                                  x="148.64"
                                  y="5.25"
                                  z="0"
                                  h="0"
                                /></Position></Vertex><Vertex
                              time="4.9"
                            ><Position><WorldPosition
                                  x="150.22"
                                  y="5.25"
                                  z="0"
                                  h="0"
                                /></Position></Vertex><Vertex time="5"><Position
                              ><WorldPosition
                                  x="151.72"
                                  y="5.25"
                                  z="0"
                                  h="0"
                                /></Position></Vertex><Vertex
                              time="5.1000000000000005"
                            ><Position><WorldPosition
                                  x="153.14"
                                  y="5.25"
                                  z="0"
                                  h="0"
                                /></Position></Vertex><Vertex
                              time="5.2"
                            ><Position><WorldPosition
                                  x="154.48"
                                  y="5.25"
                                  z="0"
                                  h="0"
                                /></Position></Vertex><Vertex
                              time="5.300000000000001"
                            ><Position><WorldPosition
                                  x="155.74"
                                  y="5.25"
                                  z="0"
                                  h="0"
                                /></Position></Vertex><Vertex
                              time="5.4"
                            ><Position><WorldPosition
                                  x="156.92"
                                  y="5.25"
                                  z="0"
                                  h="0"
                                /></Position></Vertex><Vertex
                              time="5.5"
                            ><Position><WorldPosition
                                  x="158.02"
                                  y="5.25"
                                  z="0"
                                  h="0"
                                /></Position></Vertex><Vertex
                              time="5.6000000000000005"
                            ><Position><WorldPosition
                                  x="159.04"
                                  y="5.25"
                                  z="0"
                                  h="0"
                                /></Position></Vertex><Vertex
                              time="5.7"
                            ><Position><WorldPosition
                                  x="159.98"
                                  y="5.25"
                                  z="0"
                                  h="0"
                                /></Position></Vertex><Vertex
                              time="5.800000000000001"
                            ><Position><WorldPosition
                                  x="160.84"
                                  y="5.25"
                                  z="0"
                                  h="0"
                                /></Position></Vertex><Vertex
                              time="5.9"
                            ><Position><WorldPosition
                                  x="161.62"
                                  y="5.25"
                                  z="0"
                                  h="0"
                                /></Position></Vertex><Vertex time="6"><Position
                              ><WorldPosition
                                  x="162.32"
                                  y="5.25"
                                  z="0"
                                  h="0"
                                /></Position></Vertex><Vertex
                              time="6.1000000000000005"
                            ><Position><WorldPosition
                                  x="162.94"
                                  y="5.25"
                                  z="0"
                                  h="0"
                                /></Position></Vertex><Vertex
                              time="6.2"
                            ><Position><WorldPosition
                                  x="163.48"
                                  y="5.25"
                                  z="0"
                                  h="0"
                                /></Position></Vertex><Vertex
                              time="6.300000000000001"
                            ><Position><WorldPosition
                                  x="163.94"
                                  y="5.25"
                                  z="0"
                                  h="0"
                                /></Position></Vertex><Vertex
                              time="6.4"
                            ><Position><WorldPosition
                                  x="164.32"
                                  y="5.25"
                                  z="0"
                                  h="0"
                                /></Position></Vertex><Vertex
                              time="6.5"
                            ><Position><WorldPosition
                                  x="164.62"
                                  y="5.25"
                                  z="0"
                                  h="0"
                                /></Position></Vertex><Vertex
                              time="6.6000000000000005"
                            ><Position><WorldPosition
                                  x="164.84"
                                  y="5.25"
                                  z="0"
                                  h="0"
                                /></Position></Vertex><Vertex
                              time="6.7"
                            ><Position><WorldPosition
                                  x="164.98"
                                  y="5.25"
                                  z="0"
                                  h="0"
                                /></Position></Vertex><Vertex
                              time="6.800000000000001"
                            ><Position><WorldPosition
                                  x="165.04"
                                  y="5.25"
                                  z="0"
                                  h="0"
                                /></Position></Vertex><Vertex
                              time="6.9"
                            ><Position><WorldPosition
                                  x="165.05"
                                  y="5.25"
                                  z="0"
                                  h="0"
                                /></Position></Vertex><Vertex time="7"><Position
                              ><WorldPosition
                                  x="165.05"
                                  y="5.25"
                                  z="0"
                                  h="0"
                                /></Position></Vertex><Vertex
                              time="7.1000000000000005"
                            ><Position><WorldPosition
                                  x="165.05"
                                  y="5.25"
                                  z="0"
                                  h="0"
                                /></Position></Vertex><Vertex
                              time="7.2"
                            ><Position><WorldPosition
                                  x="165.05"
                                  y="5.25"
                                  z="0"
                                  h="0"
                                /></Position></Vertex><Vertex
                              time="7.300000000000001"
                            ><Position><WorldPosition
                                  x="165.05"
                                  y="5.25"
                                  z="0"
                                  h="0"
                                /></Position></Vertex><Vertex
                              time="7.4"
                            ><Position><WorldPosition
                                  x="165.05"
                                  y="5.25"
                                  z="0"
                                  h="0"
                                /></Position></Vertex><Vertex
                              time="7.5"
                            ><Position><WorldPosition
                                  x="165.05"
                                  y="5.25"
                                  z="0"
                                  h="0"
                                /></Position></Vertex><Vertex
                              time="7.6000000000000005"
                            ><Position><WorldPosition
                                  x="165.05"
                                  y="5.25"
                                  z="0"
                                  h="0"
                                /></Position></Vertex><Vertex
                              time="7.7"
                            ><Position><WorldPosition
                                  x="165.05"
                                  y="5.25"
                                  z="0"
                                  h="0"
                                /></Position></Vertex><Vertex
                              time="7.800000000000001"
                            ><Position><WorldPosition
                                  x="165.05"
                                  y="5.25"
                                  z="0"
                                  h="0"
                                /></Position></Vertex><Vertex
                              time="7.9"
                            ><Position><WorldPosition
                                  x="165.05"
                                  y="5.25"
                                  z="0"
                                  h="0"
                                /></Position></Vertex><Vertex time="8"><Position
                              ><WorldPosition
                                  x="165.05"
                                  y="5.25"
                                  z="0"
                                  h="0"
                                /></Position></Vertex><Vertex
                              time="8.1"
                            ><Position><WorldPosition
                                  x="165.05"
                                  y="5.25"
                                  z="0"
                                  h="0"
                                /></Position></Vertex><Vertex
                              time="8.200000000000001"
                            ><Position><WorldPosition
                                  x="165.05"
                                  y="5.25"
                                  z="0"
                                  h="0"
                                /></Position></Vertex><Vertex
                              time="8.3"
                            ><Position><WorldPosition
                                  x="165.05"
                                  y="5.25"
                                  z="0"
                                  h="0"
                                /></Position></Vertex><Vertex
                              time="8.4"
                            ><Position><WorldPosition
                                  x="165.05"
                                  y="5.25"
                                  z="0"
                                  h="0"
                                /></Position></Vertex><Vertex
                              time="8.5"
                            ><Position><WorldPosition
                                  x="165.05"
                                  y="5.25"
                                  z="0"
                                  h="0"
                                /></Position></Vertex><Vertex
                              time="8.6"
                            ><Position><WorldPosition
                                  x="165.05"
                                  y="5.25"
                                  z="0"
                                  h="0"
                                /></Position></Vertex><Vertex
                              time="8.700000000000001"
                            ><Position><WorldPosition
                                  x="165.05"
                                  y="5.25"
                                  z="0"
                                  h="0"
                                /></Position></Vertex><Vertex
                              time="8.8"
                            ><Position><WorldPosition
                                  x="165.05"
                                  y="5.25"
                                  z="0"
                                  h="0"
                                /></Position></Vertex><Vertex
                              time="8.9"
                            ><Position><WorldPosition
                                  x="165.05"
                                  y="5.25"
                                  z="0"
                                  h="0"
                                /></Position></Vertex><Vertex time="9"><Position
                              ><WorldPosition
                                  x="165.05"
                                  y="5.25"
                                  z="0"
                                  h="0"
                                /></Position></Vertex><Vertex
                              time="9.1"
                            ><Position><WorldPosition
                                  x="165.05"
                                  y="5.25"
                                  z="0"
                                  h="0"
                                /></Position></Vertex><Vertex
                              time="9.200000000000001"
                            ><Position><WorldPosition
                                  x="165.05"
                                  y="5.25"
                                  z="0"
                                  h="0"
                                /></Position></Vertex><Vertex
                              time="9.3"
                            ><Position><WorldPosition
                                  x="165.05"
                                  y="5.25"
                                  z="0"
                                  h="0"
                                /></Position></Vertex><Vertex
                              time="9.4"
                            ><Position><WorldPosition
                                  x="165.05"
                                  y="5.25"
                                  z="0"
                                  h="0"
                                /></Position></Vertex><Vertex
                              time="9.5"
                            ><Position><WorldPosition
                                  x="165.05"
                                  y="5.25"
                                  z="0"
                                  h="0"
                                /></Position></Vertex><Vertex
                              time="9.600000000000001"
                            ><Position><WorldPosition
                                  x="165.05"
                                  y="5.25"
                                  z="0"
                                  h="0"
                                /></Position></Vertex><Vertex
                              time="9.700000000000001"
                            ><Position><WorldPosition
                                  x="165.05"
                                  y="5.25"
                                  z="0"
                                  h="0"
                                /></Position></Vertex><Vertex
                              time="9.8"
                            ><Position><WorldPosition
                                  x="165.05"
                                  y="5.25"
                                  z="0"
                                  h="0"
                                /></Position></Vertex><Vertex
                              time="9.9"
                            ><Position><WorldPosition
                                  x="165.05"
                                  y="5.25"
                                  z="0"
                                  h="0"
                                /></Position></Vertex><Vertex
                              time="10"
                            ><Position><WorldPosition
                                  x="165.05"
                                  y="5.25"
                                  z="0"
                                  h="0"
                                /></Position></Vertex></Polyline></Shape></Trajectory><TimeReference
                      ><Timing
                          domainAbsoluteRelative="absolute"
                          scale="1"
                          offset="0"
                        /></TimeReference><TrajectoryFollowingMode
                        followingMode="follow"
                      /></FollowTrajectoryAction></RoutingAction></PrivateAction></Action><StartTrigger
              ><ConditionGroup><Condition
                    name="TimeCondition"
                    conditionEdge="rising"
                    delay="0"
                  ><ByValueCondition><SimulationTimeCondition
                        value="0"
                        rule="greaterThan"
                      /></ByValueCondition></Condition></ConditionGroup></StartTrigger></Event></Maneuver></ManeuverGroup></Act><Act
        name="npc_trajectory_act"
      ><ManeuverGroup
          name="npc_trajectory_act_Group"
          maximumExecutionCount="1"
        ><Actors selectTriggeringEntities="false"><EntityRef
              entityRef="npc"
            /></Actors><Maneuver name="npc_maneuver"><Event
              name="FollowTrajectoryEvent"
              priority="override"
            ><Action name="FollowTrajectoryAction"><PrivateAction><RoutingAction
                  ><FollowTrajectoryAction><Trajectory
                        name="npc_trajectory"
                        closed="false"
                      ><Shape><Polyline><Vertex time="0"><Position
                              ><WorldPosition
                                  x="60"
                                  y="1.75"
                                  z="0"
                                  h="0"
                                /></Position></Vertex><Vertex
                              time="0.1"
                            ><Position><WorldPosition
                                  x="62.015"
                                  y="1.75"
                                  z="0"
                                  h="0"
                                /></Position></Vertex><Vertex
                              time="0.2"
                            ><Position><WorldPosition
                                  x="64.06"
                                  y="1.75"
                                  z="0"
                                  h="0"
                                /></Position></Vertex><Vertex
                              time="0.30000000000000004"
                            ><Position><WorldPosition
                                  x="66.135"
                                  y="1.75"
                                  z="0"
                                  h="0"
                                /></Position></Vertex><Vertex
                              time="0.4"
                            ><Position><WorldPosition
                                  x="68.24"
                                  y="1.75"
                                  z="0"
                                  h="0"
                                /></Position></Vertex><Vertex
                              time="0.5"
                            ><Position><WorldPosition
                                  x="70.375"
                                  y="1.75"
                                  z="0"
                                  h="0"
                                /></Position></Vertex><Vertex
                              time="0.6000000000000001"
                            ><Position><WorldPosition
                                  x="72.54"
                                  y="1.75"
                                  z="0"
                                  h="0"
                                /></Position></Vertex><Vertex
                              time="0.7000000000000001"
                            ><Position><WorldPosition
                                  x="74.735"
                                  y="1.75"
                                  z="0"
                                  h="0"
                                /></Position></Vertex><Vertex
                              time="0.8"
                            ><Position><WorldPosition
                                  x="76.96"
                                  y="1.75"
                                  z="0"
                                  h="0"
                                /></Position></Vertex><Vertex
                              time="0.9"
                            ><Position><WorldPosition
                                  x="79.215"
                                  y="1.75"
                                  z="0"
                                  h="0"
                                /></Position></Vertex><Vertex time="1"><Position
                              ><WorldPosition
                                  x="81.5"
                                  y="1.75"
                                  z="0"
                                  h="0"
                                /></Position></Vertex><Vertex
                              time="1.1"
                            ><Position><WorldPosition
                                  x="83.815"
                                  y="1.75"
                                  z="0"
                                  h="0"
                                /></Position></Vertex><Vertex
                              time="1.2000000000000002"
                            ><Position><WorldPosition
                                  x="86.16"
                                  y="1.75"
                                  z="0"
                                  h="0"
                                /></Position></Vertex><Vertex
                              time="1.3"
                            ><Position><WorldPosition
                                  x="88.535"
                                  y="1.75"
                                  z="0"
                                  h="0"
                                /></Position></Vertex><Vertex
                              time="1.4000000000000001"
                            ><Position><WorldPosition
                                  x="90.94"
                                  y="1.75"
                                  z="0"
                                  h="0"
                                /></Position></Vertex><Vertex
                              time="1.5"
                            ><Position><WorldPosition
                                  x="93.375"
                                  y="1.75"
                                  z="0"
                                  h="0"
                                /></Position></Vertex><Vertex
                              time="1.6"
                            ><Position><WorldPosition
                                  x="95.84"
                                  y="1.75"
                                  z="0"
                                  h="0"
                                /></Position></Vertex><Vertex
                              time="1.7000000000000002"
                            ><Position><WorldPosition
                                  x="98.335"
                                  y="1.75"
                                  z="0"
                                  h="0"
                                /></Position></Vertex><Vertex
                              time="1.8"
                            ><Position><WorldPosition
                                  x="100.86"
                                  y="1.75"
                                  z="0"
                                  h="0"
                                /></Position></Vertex><Vertex
                              time="1.9000000000000001"
                            ><Position><WorldPosition
                                  x="103.415"
                                  y="1.75"
                                  z="0"
                                  h="0"
                                /></Position></Vertex><Vertex time="2"><Position
                              ><WorldPosition
                                  x="106"
                                  y="1.75"
                                  z="0"
                                  h="0"
                                /></Position></Vertex><Vertex
                              time="2.1"
                            ><Position><WorldPosition
                                  x="108.615"
                                  y="1.75"
                                  z="0"
                                  h="0"
                                /></Position></Vertex><Vertex
                              time="2.2"
                            ><Position><WorldPosition
                                  x="111.26"
                                  y="1.75"
                                  z="0"
                                  h="0"
                                /></Position></Vertex><Vertex
                              time="2.3000000000000003"
                            ><Position><WorldPosition
                                  x="113.935"
                                  y="1.75"
                                  z="0"
                                  h="0"
                                /></Position></Vertex><Vertex
                              time="2.4000000000000004"
                            ><Position><WorldPosition
                                  x="116.64"
                                  y="1.75"
                                  z="0"
                                  h="0"
                                /></Position></Vertex><Vertex
                              time="2.5"
                            ><Position><WorldPosition
                                  x="119.375"
                                  y="1.75"
                                  z="0"
                                  h="0"
                                /></Position></Vertex><Vertex
                              time="2.6"
                            ><Position><WorldPosition
                                  x="122.14"
                                  y="1.75"
                                  z="0"
                                  h="0"
                                /></Position></Vertex><Vertex
                              time="2.7"
                            ><Position><WorldPosition
                                  x="124.935"
                                  y="1.75"
                                  z="0"
                                  h="0"
                                /></Position></Vertex><Vertex
                              time="2.8000000000000003"
                            ><Position><WorldPosition
                                  x="127.76"
                                  y="1.75"
                                  z="0"
                                  h="0"
                                /></Position></Vertex><Vertex
                              time="2.9000000000000004"
                            ><Position><WorldPosition
                                  x="130.615"
                                  y="1.75"
                                  z="0"
                                  h="0"
                                /></Position></Vertex><Vertex time="3"><Position
                              ><WorldPosition
                                  x="133.4925"
                                  y="1.75"
                                  z="0"
                                  h="0"
                                /></Position></Vertex><Vertex
                              time="3.1"
                            ><Position><WorldPosition
                                  x="136.3925"
                                  y="1.76"
                                  z="0"
                                  h="0.006860955808205088"
                                /></Position></Vertex><Vertex
                              time="3.2"
                            ><Position><WorldPosition
                                  x="139.3225"
                                  y="1.79"
                                  z="0"
                                  h="0.013581507822872287"
                                /></Position></Vertex><Vertex
                              time="3.3000000000000003"
                            ><Position><WorldPosition
                                  x="142.2825"
                                  y="1.84"
                                  z="0"
                                  h="0.020165333433971724"
                                /></Position></Vertex><Vertex
                              time="3.4000000000000004"
                            ><Position><WorldPosition
                                  x="145.2725"
                                  y="1.91"
                                  z="0"
                                  h="0.026616009358509777"
                                /></Position></Vertex><Vertex
                              time="3.5"
                            ><Position><WorldPosition
                                  x="148.2925"
                                  y="2"
                                  z="0"
                                  h="0.032937013450602244"
                                /></Position></Vertex><Vertex
                              time="3.6"
                            ><Position><WorldPosition
                                  x="151.3425"
                                  y="2.11"
                                  z="0"
                                  h="0.03913172661175721"
                                /></Position></Vertex><Vertex
                              time="3.7"
                            ><Position><WorldPosition
                                  x="154.4225"
                                  y="2.24"
                                  z="0"
                                  h="0.04520343478199997"
                                /></Position></Vertex><Vertex
                              time="3.8000000000000003"
                            ><Position><WorldPosition
                                  x="157.5325"
                                  y="2.39"
                                  z="0"
                                  h="0.05115533099458312"
                                /></Position></Vertex><Vertex
                              time="3.9000000000000004"
                            ><Position><WorldPosition
                                  x="160.625"
                                  y="2.56"
                                  z="0"
                                  h="0.05875582271572269"
                                /></Position></Vertex><Vertex time="4"><Position
                              ><WorldPosition
                                  x="163.7"
                                  y="2.75"
                                  z="0"
                                  h="0.06463476124395245"
                                /></Position></Vertex><Vertex
                              time="4.1000000000000005"
                            ><Position><WorldPosition
                                  x="166.805"
                                  y="2.94"
                                  z="0"
                                  h="0.057628427477473966"
                                /></Position></Vertex><Vertex
                              time="4.2"
                            ><Position><WorldPosition
                                  x="169.94"
                                  y="3.11"
                                  z="0"
                                  h="0.05075003583522804"
                                /></Position></Vertex><Vertex
                              time="4.3"
                            ><Position><WorldPosition
                                  x="173.105"
                                  y="3.26"
                                  z="0"
                                  h="0.04399674686570227"
                                /></Position></Vertex><Vertex
                              time="4.4"
                            ><Position><WorldPosition
                                  x="176.3"
                                  y="3.39"
                                  z="0"
                                  h="0.03736577780278333"
                                /></Position></Vertex><Vertex
                              time="4.5"
                            ><Position><WorldPosition
                                  x="179.525"
                                  y="3.5"
                                  z="0"
                                  h="0.030854402730526108"
                                /></Position></Vertex><Vertex
                              time="4.6000000000000005"
                            ><Position><WorldPosition
                                  x="182.78"
                                  y="3.598375"
                                  z="0"
                                  h="0.029578526965025668"
                                /></Position></Vertex><Vertex
                              time="4.7"
                            ><Position><WorldPosition
                                  x="186.065"
                                  y="3.705125"
                                  z="0"
                                  h="0.03536403823237435"
                                /></Position></Vertex><Vertex
                              time="4.800000000000001"
                            ><Position><WorldPosition
                                  x="189.38"
                                  y="3.831875"
                                  z="0"
                                  h="0.041043004493721696"
                                /></Position></Vertex><Vertex
                              time="4.9"
                            ><Position><WorldPosition
                                  x="192.725"
                                  y="3.978625"
                                  z="0"
                                  h="0.04661798569438144"
                                /></Position></Vertex><Vertex time="5"><Position
                              ><WorldPosition
                                  x="196.1"
                                  y="4.145375"
                                  z="0"
                                  h="0.052091474753847095"
                                /></Position></Vertex><Vertex
                              time="5.1000000000000005"
                            ><Position><WorldPosition
                                  x="199.505"
                                  y="4.32375"
                                  z="0"
                                  h="0.052583061610941714"
                                /></Position></Vertex><Vertex
                              time="5.2"
                            ><Position><WorldPosition
                                  x="202.94"
                                  y="4.49375"
                                  z="0"
                                  h="0.04634360522011337"
                                /></Position></Vertex><Vertex
                              time="5.300000000000001"
                            ><Position><WorldPosition
                                  x="206.405"
                                  y="4.64375"
                                  z="0"
                                  h="0.04020820284108689"
                                /></Position></Vertex><Vertex
                              time="5.4"
                            ><Position><WorldPosition
                                  x="209.9"
                                  y="4.77375"
                                  z="0"
                                  h="0.03417472361619509"
                                /></Position></Vertex><Vertex
                              time="5.5"
                            ><Position><WorldPosition
                                  x="213.425"
                                  y="4.88375"
                                  z="0"
                                  h="0.028241077204787766"
                                /></Position></Vertex><Vertex
                              time="5.6000000000000005"
                            ><Position><WorldPosition
                                  x="216.98"
                                  y="4.97375"
                                  z="0"
                                  h="0.02240521374115086"
                                /></Position></Vertex><Vertex
                              time="5.7"
                            ><Position><WorldPosition
                                  x="220.565"
                                  y="5.04375"
                                  z="0"
                                  h="0.016665123713940747"
                                /></Position></Vertex><Vertex
                              time="5.800000000000001"
                            ><Position><WorldPosition
                                  x="224.18"
                                  y="5.09375"
                                  z="0"
                                  h="0.011018837774954299"
                                /></Position></Vertex><Vertex
                              time="5.9"
                            ><Position><WorldPosition
                                  x="227.825"
                                  y="5.12375"
                                  z="0"
                                  h="0.005464426484487712"
                                /></Position></Vertex><Vertex time="6"><Position
                              ><WorldPosition
                                  x="231.5"
                                  y="5.13375"
                                  z="0"
                                  h="0"
                                /></Position></Vertex><Vertex
                              time="6.1000000000000005"
                            ><Position><WorldPosition
                                  x="235.205"
                                  y="5.133125"
                                  z="0"
                                  h="-0.00033602149272956487"
                                /></Position></Vertex><Vertex
                              time="6.2"
                            ><Position><WorldPosition
                                  x="238.94"
                                  y="5.141875"
                                  z="0"
                                  h="0.004999958333958323"
                                /></Position></Vertex><Vertex
                              time="6.300000000000001"
                            ><Position><WorldPosition
                                  x="242.69"
                                  y="5.170625"
                                  z="0"
                                  h="0.010332965566771168"
                                /></Position></Vertex><Vertex
                              time="6.4"
                            ><Position><WorldPosition
                                  x="246.44"
                                  y="5.21"
                                  z="0"
                                  h="0.010666262151071363"
                                /></Position></Vertex><Vertex
                              time="6.5"
                            ><Position><WorldPosition
                                  x="250.19"
                                  y="5.24"
                                  z="0"
                                  h="0.005333282766295107"
                                /></Position></Vertex><Vertex
                              time="6.6000000000000005"
                            ><Position><WorldPosition
                                  x="253.94"
                                  y="5.25"
                                  z="0"
                                  h="0"
                                /></Position></Vertex><Vertex
                              time="6.7"
                            ><Position><WorldPosition
                                  x="257.69"
                                  y="5.25"
                                  z="0"
                                  h="0"
                                /></Position></Vertex><Vertex
                              time="6.800000000000001"
                            ><Position><WorldPosition
                                  x="261.44"
                                  y="5.25"
                                  z="0"
                                  h="0"
                                /></Position></Vertex><Vertex
                              time="6.9"
                            ><Position><WorldPosition
                                  x="265.19"
                                  y="5.25"
                                  z="0"
                                  h="0"
                                /></Position></Vertex><Vertex time="7"><Position
                              ><WorldPosition
                                  x="268.94"
                                  y="5.25"
                                  z="0"
                                  h="0"
                                /></Position></Vertex><Vertex
                              time="7.1000000000000005"
                            ><Position><WorldPosition
                                  x="272.69"
                                  y="5.25"
                                  z="0"
                                  h="0"
                                /></Position></Vertex><Vertex
                              time="7.2"
                            ><Position><WorldPosition
                                  x="276.44"
                                  y="5.25"
                                  z="0"
                                  h="0"
                                /></Position></Vertex><Vertex
                              time="7.300000000000001"
                            ><Position><WorldPosition
                                  x="280.19"
                                  y="5.25"
                                  z="0"
                                  h="0"
                                /></Position></Vertex><Vertex
                              time="7.4"
                            ><Position><WorldPosition
                                  x="283.94"
                                  y="5.25"
                                  z="0"
                                  h="0"
                                /></Position></Vertex><Vertex
                              time="7.5"
                            ><Position><WorldPosition
                                  x="287.69"
                                  y="5.25"
                                  z="0"
                                  h="0"
                                /></Position></Vertex><Vertex
                              time="7.6000000000000005"
                            ><Position><WorldPosition
                                  x="291.44"
                                  y="5.25"
                                  z="0"
                                  h="0"
                                /></Position></Vertex><Vertex
                              time="7.7"
                            ><Position><WorldPosition
                                  x="295.19"
                                  y="5.25"
                                  z="0"
                                  h="0"
                                /></Position></Vertex><Vertex
                              time="7.800000000000001"
                            ><Position><WorldPosition
                                  x="298.94"
                                  y="5.25"
                                  z="0"
                                  h="0"
                                /></Position></Vertex><Vertex
                              time="7.9"
                            ><Position><WorldPosition
                                  x="302.69"
                                  y="5.25"
                                  z="0"
                                  h="0"
                                /></Position></Vertex><Vertex time="8"><Position
                              ><WorldPosition
                                  x="306.44"
                                  y="5.25"
                                  z="0"
                                  h="0"
                                /></Position></Vertex><Vertex
                              time="8.1"
                            ><Position><WorldPosition
                                  x="310.19"
                                  y="5.25"
                                  z="0"
                                  h="0"
                                /></Position></Vertex><Vertex
                              time="8.200000000000001"
                            ><Position><WorldPosition
                                  x="313.94"
                                  y="5.25"
                                  z="0"
                                  h="0"
                                /></Position></Vertex><Vertex
                              time="8.3"
                            ><Position><WorldPosition
                                  x="317.69"
                                  y="5.25"
                                  z="0"
                                  h="0"
                                /></Position></Vertex><Vertex
                              time="8.4"
                            ><Position><WorldPosition
                                  x="321.44"
                                  y="5.25"
                                  z="0"
                                  h="0"
                                /></Position></Vertex><Vertex
                              time="8.5"
                            ><Position><WorldPosition
                                  x="325.19"
                                  y="5.25"
                                  z="0"
                                  h="0"
                                /></Position></Vertex><Vertex
                              time="8.6"
                            ><Position><WorldPosition
                                  x="328.94"
                                  y="5.25"
                                  z="0"
                                  h="0"
                                /></Position></Vertex><Vertex
                              time="8.700000000000001"
                            ><Position><WorldPosition
                                  x="332.69"
                                  y="5.25"
                                  z="0"
                                  h="0"
                                /></Position></Vertex><Vertex
                              time="8.8"
                            ><Position><WorldPosition
                                  x="336.44"
                                  y="5.25"
                                  z="0"
                                  h="0"
                                /></Position></Vertex><Vertex
                              time="8.9"
                            ><Position><WorldPosition
                                  x="340.19"
                                  y="5.25"
                                  z="0"
                                  h="0"
                                /></Position></Vertex><Vertex time="9"><Position
                              ><WorldPosition
                                  x="343.94"
                                  y="5.25"
                                  z="0"
                                  h="0"
                                /></Position></Vertex><Vertex
                              time="9.1"
                            ><Position><WorldPosition
                                  x="347.69"
                                  y="5.25"
                                  z="0"
                                  h="0"
                                /></Position></Vertex><Vertex
                              time="9.200000000000001"
                            ><Position><WorldPosition
                                  x="351.44"
                                  y="5.25"
                                  z="0"
                                  h="0"
                                /></Position></Vertex><Vertex
                              time="9.3"
                            ><Position><WorldPosition
                                  x="355.19"
                                  y="5.25"
                                  z="0"
                                  h="0"
                                /></Position></Vertex><Vertex
                              time="9.4"
                            ><Position><WorldPosition
                                  x="358.94"
                                  y="5.25"
                                  z="0"
                                  h="0"
                                /></Position></Vertex><Vertex
                              time="9.5"
                            ><Position><WorldPosition
                                  x="362.69"
                                  y="5.25"
                                  z="0"
                                  h="0"
                                /></Position></Vertex><Vertex
                              time="9.600000000000001"
                            ><Position><WorldPosition
                                  x="366.44"
                                  y="5.25"
                                  z="0"
                                  h="0"
                                /></Position></Vertex><Vertex
                              time="9.700000000000001"
                            ><Position><WorldPosition
                                  x="370.19"
                                  y="5.25"
                                  z="0"
                                  h="0"
                                /></Position></Vertex><Vertex
                              time="9.8"
                            ><Position><WorldPosition
                                  x="373.94"
                                  y="5.25"
                                  z="0"
                                  h="0"
                                /></Position></Vertex><Vertex
                              time="9.9"
                            ><Position><WorldPosition
                                  x="377.65"
                                  y="5.25"
                                  z="0"
                                  h="0"
                                /></Position></Vertex><Vertex
                              time="10"
                            ><Position><WorldPosition
                                  x="381.28"
                                  y="5.25"
                                  z="0"
                                  h="0"
                                /></Position></Vertex></Polyline></Shape></Trajectory><TimeReference
                      ><Timing
                          domainAbsoluteRelative="absolute"
                          scale="1"
                          offset="0"
                        /></TimeReference><TrajectoryFollowingMode
                        followingMode="follow"
                      /></FollowTrajectoryAction></RoutingAction></PrivateAction></Action><StartTrigger
              ><ConditionGroup><Condition
                    name="TimeCondition"
                    conditionEdge="rising"
                    delay="0"
                  ><ByValueCondition><SimulationTimeCondition
                        value="0"
                        rule="greaterThan"
                      /></ByValueCondition></Condition></ConditionGroup></StartTrigger></Event></Maneuver></ManeuverGroup></Act></Story><StopTrigger
    ><ConditionGroup><Condition
          name="TimeCondition"
          conditionEdge="rising"
          delay="0"
        ><ByValueCondition><SimulationTimeCondition
              value="10"
              rule="greaterThan"
            /></ByValueCondition></Condition></ConditionGroup></StopTrigger></Storyboard></OpenSCENARIO>
